#! /usr/bin/env bash
exec /home/owo/Downloads/yes/envs/digital/bin/vvp -f "$0" "$@" <<'# EOF'
:ivl_version "13.0 (devel)" "(0_8-6859-gf50cc35d2-dirty)";
:ivl_delay_selection "TYPICAL";
:vpi_time_precision - 12;
:vpi_module "/home/owo/Downloads/yes/envs/digital/lib/ivl/system.vpi";
:vpi_module "/home/owo/Downloads/yes/envs/digital/lib/ivl/vhdl_sys.vpi";
:vpi_module "/home/owo/Downloads/yes/envs/digital/lib/ivl/vhdl_textio.vpi";
:vpi_module "/home/owo/Downloads/yes/envs/digital/lib/ivl/v2005_math.vpi";
:vpi_module "/home/owo/Downloads/yes/envs/digital/lib/ivl/va_math.vpi";
S_0x199c7340 .scope module, "perip_bcd2bin" "perip_bcd2bin" 2 1;
 .timescale -9 -12;
    .port_info 0 /INPUT 1 "clk";
    .port_info 1 /INPUT 1 "reset";
    .port_info 2 /INPUT 5 "addr";
    .port_info 3 /INPUT 32 "din";
    .port_info 4 /INPUT 1 "cs";
    .port_info 5 /INPUT 1 "wr";
    .port_info 6 /OUTPUT 32 "dout";
o0x787804726218 .functor BUFZ 5, C4<zzzzz>; HiZ drive
v0x199f50b0_0 .net "addr", 4 0, o0x787804726218;  0 drivers
o0x787804725018 .functor BUFZ 1, C4<z>; HiZ drive
v0x199f51b0_0 .net "clk", 0 0, o0x787804725018;  0 drivers
o0x787804726248 .functor BUFZ 1, C4<z>; HiZ drive
v0x199f5300_0 .net "cs", 0 0, o0x787804726248;  0 drivers
o0x787804726278 .functor BUFZ 32, C4<zzzzzzzzzzzzzzzzzzzzzzzzzzzzzzzz>; HiZ drive
v0x199f53a0_0 .net "din", 31 0, o0x787804726278;  0 drivers
v0x199f5460_0 .var "dout", 31 0;
v0x199f5540_0 .var "reg_bcd_in", 19 0;
v0x199f5650_0 .var "reg_start", 0 0;
o0x787804725138 .functor BUFZ 1, C4<z>; HiZ drive
v0x199f5740_0 .net "reset", 0 0, o0x787804725138;  0 drivers
v0x199f5870_0 .net "wire_bin_out", 15 0, L_0x19a0e970;  1 drivers
v0x199f59c0_0 .net "wire_done", 0 0, v0x199b53a0_0;  1 drivers
o0x7878047262d8 .functor BUFZ 1, C4<z>; HiZ drive
v0x199f5a60_0 .net "wr", 0 0, o0x7878047262d8;  0 drivers
E_0x19995740/0 .event anyedge, v0x199f5300_0, v0x199f5a60_0, v0x199f50b0_0, v0x199f4820_0;
E_0x19995740/1 .event anyedge, v0x199b53a0_0;
E_0x19995740 .event/or E_0x19995740/0, E_0x19995740/1;
E_0x1997c1d0 .event posedge, v0x199b2ea0_0;
S_0x199ca320 .scope module, "u_core" "bcd2bin_top" 2 26, 3 1 0, S_0x199c7340;
 .timescale -9 -12;
    .port_info 0 /INPUT 1 "clk";
    .port_info 1 /INPUT 1 "reset";
    .port_info 2 /INPUT 1 "start";
    .port_info 3 /INPUT 20 "bcd_in";
    .port_info 4 /OUTPUT 16 "bin_out";
    .port_info 5 /OUTPUT 1 "done";
v0x199f4760_0 .net "bcd_in", 19 0, v0x199f5540_0;  1 drivers
v0x199f4820_0 .net "bin_out", 15 0, L_0x19a0e970;  alias, 1 drivers
v0x199f48e0_0 .net "bus_correccion", 19 0, L_0x19a0e700;  1 drivers
v0x199f4980_0 .net "bus_registro", 35 0, v0x199f1250_0;  1 drivers
v0x199f4a20_0 .net "clk", 0 0, o0x787804725018;  alias, 0 drivers
v0x199f4b10_0 .net "done", 0 0, v0x199b53a0_0;  alias, 1 drivers
v0x199f4bb0_0 .net "reset", 0 0, o0x787804725138;  alias, 0 drivers
v0x199f4c50_0 .net "start", 0 0, v0x199f5650_0;  1 drivers
v0x199f4cf0_0 .net "w_load_init", 0 0, v0x199b54a0_0;  1 drivers
v0x199f4e20_0 .net "w_load_sub", 0 0, v0x199cedf0_0;  1 drivers
v0x199f4ec0_0 .net "w_shift", 0 0, v0x199f00c0_0;  1 drivers
v0x199f4f60_0 .net "w_z", 0 0, L_0x19a0c610;  1 drivers
L_0x19a0cd10 .part v0x199f1250_0, 16, 4;
L_0x19a0d2d0 .part v0x199f1250_0, 20, 4;
L_0x19a0d940 .part v0x199f1250_0, 24, 4;
L_0x19a0df30 .part v0x199f1250_0, 28, 4;
L_0x19a0e660 .part v0x199f1250_0, 32, 4;
LS_0x19a0e700_0_0 .concat8 [ 4 4 4 4], L_0x19a0cba0, L_0x19a0d160, L_0x19a0d7d0, L_0x19a0ddc0;
LS_0x19a0e700_0_4 .concat8 [ 4 0 0 0], L_0x19a0e4f0;
L_0x19a0e700 .concat8 [ 16 4 0 0], LS_0x19a0e700_0_0, LS_0x19a0e700_0_4;
L_0x19a0e970 .part v0x199f1250_0, 0, 16;
S_0x199d3190 .scope module, "cerebro" "control_fsm_b2b" 3 16, 4 1 0, S_0x199ca320;
 .timescale -9 -12;
    .port_info 0 /INPUT 1 "clk";
    .port_info 1 /INPUT 1 "reset";
    .port_info 2 /INPUT 1 "start";
    .port_info 3 /INPUT 1 "z";
    .port_info 4 /OUTPUT 1 "shift";
    .port_info 5 /OUTPUT 1 "load_init";
    .port_info 6 /OUTPUT 1 "load_sub";
    .port_info 7 /OUTPUT 1 "done";
P_0x199cc920 .param/l "CHECK" 1 4 15, C4<00010>;
P_0x199cc960 .param/l "END1" 1 4 18, C4<10000>;
P_0x199cc9a0 .param/l "SHIFT_DEC" 1 4 17, C4<01000>;
P_0x199cc9e0 .param/l "START" 1 4 14, C4<00001>;
P_0x199cca20 .param/l "SUB" 1 4 16, C4<00100>;
v0x199b2ea0_0 .net "clk", 0 0, o0x787804725018;  alias, 0 drivers
v0x199b3af0_0 .var "current_state", 4 0;
v0x199b53a0_0 .var "done", 0 0;
v0x199b54a0_0 .var "load_init", 0 0;
v0x199cedf0_0 .var "load_sub", 0 0;
v0x199cca70_0 .var "next_state", 4 0;
v0x199ca640_0 .net "reset", 0 0, o0x787804725138;  alias, 0 drivers
v0x199f00c0_0 .var "shift", 0 0;
v0x199f0180_0 .net "start", 0 0, v0x199f5650_0;  alias, 1 drivers
v0x199f0240_0 .net "z", 0 0, L_0x19a0c610;  alias, 1 drivers
E_0x1999a8c0 .event anyedge, v0x199b3af0_0, v0x199f0180_0;
E_0x199ce8d0 .event anyedge, v0x199b3af0_0, v0x199f0180_0, v0x199f0240_0;
E_0x199d0950 .event posedge, v0x199ca640_0, v0x199b2ea0_0;
S_0x199f0400 .scope module, "contador" "down_counter" 3 36, 5 1 0, S_0x199ca320;
 .timescale -9 -12;
    .port_info 0 /INPUT 1 "clk";
    .port_info 1 /INPUT 1 "reset";
    .port_info 2 /INPUT 1 "load";
    .port_info 3 /INPUT 1 "enable";
    .port_info 4 /OUTPUT 1 "z";
v0x199f05b0_0 .net *"_ivl_0", 31 0, L_0x199fc510;  1 drivers
L_0x7878046dc018 .functor BUFT 1, C4<000000000000000000000000000>, C4<0>, C4<0>, C4<0>;
v0x199f0690_0 .net *"_ivl_3", 26 0, L_0x7878046dc018;  1 drivers
L_0x7878046dc060 .functor BUFT 1, C4<00000000000000000000000000000000>, C4<0>, C4<0>, C4<0>;
v0x199f0770_0 .net/2u *"_ivl_4", 31 0, L_0x7878046dc060;  1 drivers
v0x199f0830_0 .net "clk", 0 0, o0x787804725018;  alias, 0 drivers
v0x199f08d0_0 .var "count", 4 0;
v0x199f0990_0 .net "enable", 0 0, v0x199f00c0_0;  alias, 1 drivers
v0x199f0a30_0 .net "load", 0 0, v0x199b54a0_0;  alias, 1 drivers
v0x199f0ad0_0 .net "reset", 0 0, o0x787804725138;  alias, 0 drivers
v0x199f0b70_0 .net "z", 0 0, L_0x19a0c610;  alias, 1 drivers
L_0x199fc510 .concat [ 5 27 0 0], v0x199f08d0_0, L_0x7878046dc018;
L_0x19a0c610 .cmp/eq 32, L_0x199fc510, L_0x7878046dc060;
S_0x199f0c30 .scope module, "registro" "main_register_right" 3 25, 6 1 0, S_0x199ca320;
 .timescale -9 -12;
    .port_info 0 /INPUT 1 "clk";
    .port_info 1 /INPUT 1 "reset";
    .port_info 2 /INPUT 20 "bcd_in";
    .port_info 3 /INPUT 20 "bcd_corrected";
    .port_info 4 /INPUT 1 "load_init";
    .port_info 5 /INPUT 1 "shift";
    .port_info 6 /INPUT 1 "load_sub";
    .port_info 7 /OUTPUT 36 "data_out";
v0x199f0dc0_0 .net "bcd_corrected", 19 0, L_0x19a0e700;  alias, 1 drivers
v0x199f0ea0_0 .net "bcd_in", 19 0, v0x199f5540_0;  alias, 1 drivers
v0x199f0f80_0 .net "clk", 0 0, o0x787804725018;  alias, 0 drivers
v0x199f1050_0 .net "data_out", 35 0, v0x199f1250_0;  alias, 1 drivers
v0x199f1110_0 .net "load_init", 0 0, v0x199b54a0_0;  alias, 1 drivers
v0x199f11b0_0 .net "load_sub", 0 0, v0x199cedf0_0;  alias, 1 drivers
v0x199f1250_0 .var "reg_val", 35 0;
v0x199f1310_0 .net "reset", 0 0, o0x787804725138;  alias, 0 drivers
v0x199f1400_0 .net "shift", 0 0, v0x199f00c0_0;  alias, 1 drivers
S_0x199f1680 .scope module, "sub_cen" "bcd_sub_block" 3 51, 7 1 0, S_0x199ca320;
 .timescale -9 -12;
    .port_info 0 /INPUT 4 "in_val";
    .port_info 1 /OUTPUT 4 "out_val";
v0x199f1880_0 .net *"_ivl_0", 31 0, L_0x19a0d490;  1 drivers
v0x199f1980_0 .net *"_ivl_10", 3 0, L_0x19a0d690;  1 drivers
L_0x7878046dc258 .functor BUFT 1, C4<0000000000000000000000000000>, C4<0>, C4<0>, C4<0>;
v0x199f1a60_0 .net *"_ivl_3", 27 0, L_0x7878046dc258;  1 drivers
L_0x7878046dc2a0 .functor BUFT 1, C4<00000000000000000000000000001000>, C4<0>, C4<0>, C4<0>;
v0x199f1b20_0 .net/2u *"_ivl_4", 31 0, L_0x7878046dc2a0;  1 drivers
v0x199f1c00_0 .net *"_ivl_6", 0 0, L_0x19a0d5c0;  1 drivers
L_0x7878046dc2e8 .functor BUFT 1, C4<0011>, C4<0>, C4<0>, C4<0>;
v0x199f1d10_0 .net/2u *"_ivl_8", 3 0, L_0x7878046dc2e8;  1 drivers
v0x199f1df0_0 .net "in_val", 3 0, L_0x19a0d940;  1 drivers
v0x199f1ed0_0 .net "out_val", 3 0, L_0x19a0d7d0;  1 drivers
L_0x19a0d490 .concat [ 4 28 0 0], L_0x19a0d940, L_0x7878046dc258;
L_0x19a0d5c0 .cmp/ge 32, L_0x19a0d490, L_0x7878046dc2a0;
L_0x19a0d690 .arith/sub 4, L_0x19a0d940, L_0x7878046dc2e8;
L_0x19a0d7d0 .functor MUXZ 4, L_0x19a0d940, L_0x19a0d690, L_0x19a0d5c0, C4<>;
S_0x199f2010 .scope module, "sub_dec" "bcd_sub_block" 3 49, 7 1 0, S_0x199ca320;
 .timescale -9 -12;
    .port_info 0 /INPUT 4 "in_val";
    .port_info 1 /OUTPUT 4 "out_val";
v0x199f2290_0 .net *"_ivl_0", 31 0, L_0x19a0ce40;  1 drivers
v0x199f2390_0 .net *"_ivl_10", 3 0, L_0x19a0d020;  1 drivers
L_0x7878046dc180 .functor BUFT 1, C4<0000000000000000000000000000>, C4<0>, C4<0>, C4<0>;
v0x199f2470_0 .net *"_ivl_3", 27 0, L_0x7878046dc180;  1 drivers
L_0x7878046dc1c8 .functor BUFT 1, C4<00000000000000000000000000001000>, C4<0>, C4<0>, C4<0>;
v0x199f2530_0 .net/2u *"_ivl_4", 31 0, L_0x7878046dc1c8;  1 drivers
v0x199f2610_0 .net *"_ivl_6", 0 0, L_0x19a0cee0;  1 drivers
L_0x7878046dc210 .functor BUFT 1, C4<0011>, C4<0>, C4<0>, C4<0>;
v0x199f2720_0 .net/2u *"_ivl_8", 3 0, L_0x7878046dc210;  1 drivers
v0x199f2800_0 .net "in_val", 3 0, L_0x19a0d2d0;  1 drivers
v0x199f28e0_0 .net "out_val", 3 0, L_0x19a0d160;  1 drivers
L_0x19a0ce40 .concat [ 4 28 0 0], L_0x19a0d2d0, L_0x7878046dc180;
L_0x19a0cee0 .cmp/ge 32, L_0x19a0ce40, L_0x7878046dc1c8;
L_0x19a0d020 .arith/sub 4, L_0x19a0d2d0, L_0x7878046dc210;
L_0x19a0d160 .functor MUXZ 4, L_0x19a0d2d0, L_0x19a0d020, L_0x19a0cee0, C4<>;
S_0x199f2a20 .scope module, "sub_dmil" "bcd_sub_block" 3 55, 7 1 0, S_0x199ca320;
 .timescale -9 -12;
    .port_info 0 /INPUT 4 "in_val";
    .port_info 1 /OUTPUT 4 "out_val";
v0x199f2c50_0 .net *"_ivl_0", 31 0, L_0x19a0e090;  1 drivers
v0x199f2d50_0 .net *"_ivl_10", 3 0, L_0x19a0e3b0;  1 drivers
L_0x7878046dc408 .functor BUFT 1, C4<0000000000000000000000000000>, C4<0>, C4<0>, C4<0>;
v0x199f2e30_0 .net *"_ivl_3", 27 0, L_0x7878046dc408;  1 drivers
L_0x7878046dc450 .functor BUFT 1, C4<00000000000000000000000000001000>, C4<0>, C4<0>, C4<0>;
v0x199f2ef0_0 .net/2u *"_ivl_4", 31 0, L_0x7878046dc450;  1 drivers
v0x199f2fd0_0 .net *"_ivl_6", 0 0, L_0x19a0e130;  1 drivers
L_0x7878046dc498 .functor BUFT 1, C4<0011>, C4<0>, C4<0>, C4<0>;
v0x199f30e0_0 .net/2u *"_ivl_8", 3 0, L_0x7878046dc498;  1 drivers
v0x199f31c0_0 .net "in_val", 3 0, L_0x19a0e660;  1 drivers
v0x199f32a0_0 .net "out_val", 3 0, L_0x19a0e4f0;  1 drivers
L_0x19a0e090 .concat [ 4 28 0 0], L_0x19a0e660, L_0x7878046dc408;
L_0x19a0e130 .cmp/ge 32, L_0x19a0e090, L_0x7878046dc450;
L_0x19a0e3b0 .arith/sub 4, L_0x19a0e660, L_0x7878046dc498;
L_0x19a0e4f0 .functor MUXZ 4, L_0x19a0e660, L_0x19a0e3b0, L_0x19a0e130, C4<>;
S_0x199f33e0 .scope module, "sub_mil" "bcd_sub_block" 3 53, 7 1 0, S_0x199ca320;
 .timescale -9 -12;
    .port_info 0 /INPUT 4 "in_val";
    .port_info 1 /OUTPUT 4 "out_val";
v0x199f3610_0 .net *"_ivl_0", 31 0, L_0x19a0da70;  1 drivers
v0x199f3710_0 .net *"_ivl_10", 3 0, L_0x19a0dc80;  1 drivers
L_0x7878046dc330 .functor BUFT 1, C4<0000000000000000000000000000>, C4<0>, C4<0>, C4<0>;
v0x199f37f0_0 .net *"_ivl_3", 27 0, L_0x7878046dc330;  1 drivers
L_0x7878046dc378 .functor BUFT 1, C4<00000000000000000000000000001000>, C4<0>, C4<0>, C4<0>;
v0x199f38b0_0 .net/2u *"_ivl_4", 31 0, L_0x7878046dc378;  1 drivers
v0x199f3990_0 .net *"_ivl_6", 0 0, L_0x19a0db10;  1 drivers
L_0x7878046dc3c0 .functor BUFT 1, C4<0011>, C4<0>, C4<0>, C4<0>;
v0x199f3aa0_0 .net/2u *"_ivl_8", 3 0, L_0x7878046dc3c0;  1 drivers
v0x199f3b80_0 .net "in_val", 3 0, L_0x19a0df30;  1 drivers
v0x199f3c60_0 .net "out_val", 3 0, L_0x19a0ddc0;  1 drivers
L_0x19a0da70 .concat [ 4 28 0 0], L_0x19a0df30, L_0x7878046dc330;
L_0x19a0db10 .cmp/ge 32, L_0x19a0da70, L_0x7878046dc378;
L_0x19a0dc80 .arith/sub 4, L_0x19a0df30, L_0x7878046dc3c0;
L_0x19a0ddc0 .functor MUXZ 4, L_0x19a0df30, L_0x19a0dc80, L_0x19a0db10, C4<>;
S_0x199f3da0 .scope module, "sub_uni" "bcd_sub_block" 3 47, 7 1 0, S_0x199ca320;
 .timescale -9 -12;
    .port_info 0 /INPUT 4 "in_val";
    .port_info 1 /OUTPUT 4 "out_val";
v0x199f3fd0_0 .net *"_ivl_0", 31 0, L_0x19a0c750;  1 drivers
v0x199f40d0_0 .net *"_ivl_10", 3 0, L_0x19a0ca60;  1 drivers
L_0x7878046dc0a8 .functor BUFT 1, C4<0000000000000000000000000000>, C4<0>, C4<0>, C4<0>;
v0x199f41b0_0 .net *"_ivl_3", 27 0, L_0x7878046dc0a8;  1 drivers
L_0x7878046dc0f0 .functor BUFT 1, C4<00000000000000000000000000001000>, C4<0>, C4<0>, C4<0>;
v0x199f4270_0 .net/2u *"_ivl_4", 31 0, L_0x7878046dc0f0;  1 drivers
v0x199f4350_0 .net *"_ivl_6", 0 0, L_0x19a0c8a0;  1 drivers
L_0x7878046dc138 .functor BUFT 1, C4<0011>, C4<0>, C4<0>, C4<0>;
v0x199f4460_0 .net/2u *"_ivl_8", 3 0, L_0x7878046dc138;  1 drivers
v0x199f4540_0 .net "in_val", 3 0, L_0x19a0cd10;  1 drivers
v0x199f4620_0 .net "out_val", 3 0, L_0x19a0cba0;  1 drivers
L_0x19a0c750 .concat [ 4 28 0 0], L_0x19a0cd10, L_0x7878046dc0a8;
L_0x19a0c8a0 .cmp/ge 32, L_0x19a0c750, L_0x7878046dc0f0;
L_0x19a0ca60 .arith/sub 4, L_0x19a0cd10, L_0x7878046dc138;
L_0x19a0cba0 .functor MUXZ 4, L_0x19a0cd10, L_0x19a0ca60, L_0x19a0c8a0, C4<>;
S_0x199cc750 .scope module, "tb_bcd2bin" "tb_bcd2bin" 8 2;
 .timescale -9 -12;
v0x199fbee0_0 .var "bcd_in", 19 0;
v0x199fc010_0 .net "bin_out", 15 0, L_0x19a10f40;  1 drivers
v0x199fc0d0_0 .var "clk", 0 0;
v0x199fc200_0 .net "done", 0 0, v0x199f65a0_0;  1 drivers
v0x199fc2a0_0 .var "reset", 0 0;
v0x199fc420_0 .var "start", 0 0;
E_0x199958a0 .event anyedge, v0x199f65a0_0;
S_0x199f5c20 .scope module, "uut" "bcd2bin_top" 8 9, 3 1 0, S_0x199cc750;
 .timescale -9 -12;
    .port_info 0 /INPUT 1 "clk";
    .port_info 1 /INPUT 1 "reset";
    .port_info 2 /INPUT 1 "start";
    .port_info 3 /INPUT 20 "bcd_in";
    .port_info 4 /OUTPUT 16 "bin_out";
    .port_info 5 /OUTPUT 1 "done";
v0x199fb550_0 .net "bcd_in", 19 0, v0x199fbee0_0;  1 drivers
v0x199fb610_0 .net "bin_out", 15 0, L_0x19a10f40;  alias, 1 drivers
v0x199fb6d0_0 .net "bus_correccion", 19 0, L_0x19a10c90;  1 drivers
v0x199fb770_0 .net "bus_registro", 35 0, v0x199f8040_0;  1 drivers
v0x199fb810_0 .net "clk", 0 0, v0x199fc0d0_0;  1 drivers
v0x199fb900_0 .net "done", 0 0, v0x199f65a0_0;  alias, 1 drivers
v0x199fb9a0_0 .net "reset", 0 0, v0x199fc2a0_0;  1 drivers
v0x199fba40_0 .net "start", 0 0, v0x199fc420_0;  1 drivers
v0x199fbae0_0 .net "w_load_init", 0 0, v0x199f6640_0;  1 drivers
v0x199fbc10_0 .net "w_load_sub", 0 0, v0x199f6700_0;  1 drivers
v0x199fbcb0_0 .net "w_shift", 0 0, v0x199f69b0_0;  1 drivers
v0x199fbd50_0 .net "w_z", 0 0, L_0x19a0ecb0;  1 drivers
L_0x19a0f2a0 .part v0x199f8040_0, 16, 4;
L_0x19a0f7a0 .part v0x199f8040_0, 20, 4;
L_0x19a0fda0 .part v0x199f8040_0, 24, 4;
L_0x19a10360 .part v0x199f8040_0, 28, 4;
L_0x19a10b60 .part v0x199f8040_0, 32, 4;
LS_0x19a10c90_0_0 .concat8 [ 4 4 4 4], L_0x19a0f160, L_0x19a0f660, L_0x19a0fc30, L_0x19a101f0;
LS_0x19a10c90_0_4 .concat8 [ 4 0 0 0], L_0x19a109f0;
L_0x19a10c90 .concat8 [ 16 4 0 0], LS_0x19a10c90_0_0, LS_0x19a10c90_0_4;
L_0x19a10f40 .part v0x199f8040_0, 0, 16;
S_0x199f5dd0 .scope module, "cerebro" "control_fsm_b2b" 3 16, 4 1 0, S_0x199f5c20;
 .timescale -9 -12;
    .port_info 0 /INPUT 1 "clk";
    .port_info 1 /INPUT 1 "reset";
    .port_info 2 /INPUT 1 "start";
    .port_info 3 /INPUT 1 "z";
    .port_info 4 /OUTPUT 1 "shift";
    .port_info 5 /OUTPUT 1 "load_init";
    .port_info 6 /OUTPUT 1 "load_sub";
    .port_info 7 /OUTPUT 1 "done";
P_0x199bc230 .param/l "CHECK" 1 4 15, C4<00010>;
P_0x199bc270 .param/l "END1" 1 4 18, C4<10000>;
P_0x199bc2b0 .param/l "SHIFT_DEC" 1 4 17, C4<01000>;
P_0x199bc2f0 .param/l "START" 1 4 14, C4<00001>;
P_0x199bc330 .param/l "SUB" 1 4 16, C4<00100>;
v0x199f63e0_0 .net "clk", 0 0, v0x199fc0d0_0;  alias, 1 drivers
v0x199f64c0_0 .var "current_state", 4 0;
v0x199f65a0_0 .var "done", 0 0;
v0x199f6640_0 .var "load_init", 0 0;
v0x199f6700_0 .var "load_sub", 0 0;
v0x199f6810_0 .var "next_state", 4 0;
v0x199f68f0_0 .net "reset", 0 0, v0x199fc2a0_0;  alias, 1 drivers
v0x199f69b0_0 .var "shift", 0 0;
v0x199f6a70_0 .net "start", 0 0, v0x199fc420_0;  alias, 1 drivers
v0x199f6bc0_0 .net "z", 0 0, L_0x19a0ecb0;  alias, 1 drivers
E_0x199cc250 .event anyedge, v0x199f64c0_0, v0x199f6a70_0;
E_0x199cc550 .event anyedge, v0x199f64c0_0, v0x199f6a70_0, v0x199f6bc0_0;
E_0x199ce5d0 .event posedge, v0x199f68f0_0, v0x199f63e0_0;
S_0x199f6d80 .scope module, "contador" "down_counter" 3 36, 5 1 0, S_0x199f5c20;
 .timescale -9 -12;
    .port_info 0 /INPUT 1 "clk";
    .port_info 1 /INPUT 1 "reset";
    .port_info 2 /INPUT 1 "load";
    .port_info 3 /INPUT 1 "enable";
    .port_info 4 /OUTPUT 1 "z";
v0x199f6fe0_0 .net *"_ivl_0", 31 0, L_0x19a0ebc0;  1 drivers
L_0x7878046dc4e0 .functor BUFT 1, C4<000000000000000000000000000>, C4<0>, C4<0>, C4<0>;
v0x199f70c0_0 .net *"_ivl_3", 26 0, L_0x7878046dc4e0;  1 drivers
L_0x7878046dc528 .functor BUFT 1, C4<00000000000000000000000000000000>, C4<0>, C4<0>, C4<0>;
v0x199f71a0_0 .net/2u *"_ivl_4", 31 0, L_0x7878046dc528;  1 drivers
v0x199f7260_0 .net "clk", 0 0, v0x199fc0d0_0;  alias, 1 drivers
v0x199f7300_0 .var "count", 4 0;
v0x199f7410_0 .net "enable", 0 0, v0x199f69b0_0;  alias, 1 drivers
v0x199f74b0_0 .net "load", 0 0, v0x199f6640_0;  alias, 1 drivers
v0x199f7550_0 .net "reset", 0 0, v0x199fc2a0_0;  alias, 1 drivers
v0x199f7620_0 .net "z", 0 0, L_0x19a0ecb0;  alias, 1 drivers
L_0x19a0ebc0 .concat [ 5 27 0 0], v0x199f7300_0, L_0x7878046dc4e0;
L_0x19a0ecb0 .cmp/eq 32, L_0x19a0ebc0, L_0x7878046dc528;
S_0x199f77d0 .scope module, "registro" "main_register_right" 3 25, 6 1 0, S_0x199f5c20;
 .timescale -9 -12;
    .port_info 0 /INPUT 1 "clk";
    .port_info 1 /INPUT 1 "reset";
    .port_info 2 /INPUT 20 "bcd_in";
    .port_info 3 /INPUT 20 "bcd_corrected";
    .port_info 4 /INPUT 1 "load_init";
    .port_info 5 /INPUT 1 "shift";
    .port_info 6 /INPUT 1 "load_sub";
    .port_info 7 /OUTPUT 36 "data_out";
v0x199f7ac0_0 .net "bcd_corrected", 19 0, L_0x19a10c90;  alias, 1 drivers
v0x199f7ba0_0 .net "bcd_in", 19 0, v0x199fbee0_0;  alias, 1 drivers
v0x199f7c80_0 .net "clk", 0 0, v0x199fc0d0_0;  alias, 1 drivers
v0x199f7da0_0 .net "data_out", 35 0, v0x199f8040_0;  alias, 1 drivers
v0x199f7e60_0 .net "load_init", 0 0, v0x199f6640_0;  alias, 1 drivers
v0x199f7fa0_0 .net "load_sub", 0 0, v0x199f6700_0;  alias, 1 drivers
v0x199f8040_0 .var "reg_val", 35 0;
v0x199f8100_0 .net "reset", 0 0, v0x199fc2a0_0;  alias, 1 drivers
v0x199f81f0_0 .net "shift", 0 0, v0x199f69b0_0;  alias, 1 drivers
S_0x199f8470 .scope module, "sub_cen" "bcd_sub_block" 3 51, 7 1 0, S_0x199f5c20;
 .timescale -9 -12;
    .port_info 0 /INPUT 4 "in_val";
    .port_info 1 /OUTPUT 4 "out_val";
v0x199f8670_0 .net *"_ivl_0", 31 0, L_0x19a0f960;  1 drivers
v0x199f8770_0 .net *"_ivl_10", 3 0, L_0x19a0faf0;  1 drivers
L_0x7878046dc720 .functor BUFT 1, C4<0000000000000000000000000000>, C4<0>, C4<0>, C4<0>;
v0x199f8850_0 .net *"_ivl_3", 27 0, L_0x7878046dc720;  1 drivers
L_0x7878046dc768 .functor BUFT 1, C4<00000000000000000000000000001000>, C4<0>, C4<0>, C4<0>;
v0x199f8910_0 .net/2u *"_ivl_4", 31 0, L_0x7878046dc768;  1 drivers
v0x199f89f0_0 .net *"_ivl_6", 0 0, L_0x19a0fa00;  1 drivers
L_0x7878046dc7b0 .functor BUFT 1, C4<0011>, C4<0>, C4<0>, C4<0>;
v0x199f8b00_0 .net/2u *"_ivl_8", 3 0, L_0x7878046dc7b0;  1 drivers
v0x199f8be0_0 .net "in_val", 3 0, L_0x19a0fda0;  1 drivers
v0x199f8cc0_0 .net "out_val", 3 0, L_0x19a0fc30;  1 drivers
L_0x19a0f960 .concat [ 4 28 0 0], L_0x19a0fda0, L_0x7878046dc720;
L_0x19a0fa00 .cmp/ge 32, L_0x19a0f960, L_0x7878046dc768;
L_0x19a0faf0 .arith/sub 4, L_0x19a0fda0, L_0x7878046dc7b0;
L_0x19a0fc30 .functor MUXZ 4, L_0x19a0fda0, L_0x19a0faf0, L_0x19a0fa00, C4<>;
S_0x199f8e00 .scope module, "sub_dec" "bcd_sub_block" 3 49, 7 1 0, S_0x199f5c20;
 .timescale -9 -12;
    .port_info 0 /INPUT 4 "in_val";
    .port_info 1 /OUTPUT 4 "out_val";
v0x199f9080_0 .net *"_ivl_0", 31 0, L_0x19a0f340;  1 drivers
v0x199f9180_0 .net *"_ivl_10", 3 0, L_0x19a0f520;  1 drivers
L_0x7878046dc648 .functor BUFT 1, C4<0000000000000000000000000000>, C4<0>, C4<0>, C4<0>;
v0x199f9260_0 .net *"_ivl_3", 27 0, L_0x7878046dc648;  1 drivers
L_0x7878046dc690 .functor BUFT 1, C4<00000000000000000000000000001000>, C4<0>, C4<0>, C4<0>;
v0x199f9320_0 .net/2u *"_ivl_4", 31 0, L_0x7878046dc690;  1 drivers
v0x199f9400_0 .net *"_ivl_6", 0 0, L_0x19a0f3e0;  1 drivers
L_0x7878046dc6d8 .functor BUFT 1, C4<0011>, C4<0>, C4<0>, C4<0>;
v0x199f9510_0 .net/2u *"_ivl_8", 3 0, L_0x7878046dc6d8;  1 drivers
v0x199f95f0_0 .net "in_val", 3 0, L_0x19a0f7a0;  1 drivers
v0x199f96d0_0 .net "out_val", 3 0, L_0x19a0f660;  1 drivers
L_0x19a0f340 .concat [ 4 28 0 0], L_0x19a0f7a0, L_0x7878046dc648;
L_0x19a0f3e0 .cmp/ge 32, L_0x19a0f340, L_0x7878046dc690;
L_0x19a0f520 .arith/sub 4, L_0x19a0f7a0, L_0x7878046dc6d8;
L_0x19a0f660 .functor MUXZ 4, L_0x19a0f7a0, L_0x19a0f520, L_0x19a0f3e0, C4<>;
S_0x199f9810 .scope module, "sub_dmil" "bcd_sub_block" 3 55, 7 1 0, S_0x199f5c20;
 .timescale -9 -12;
    .port_info 0 /INPUT 4 "in_val";
    .port_info 1 /OUTPUT 4 "out_val";
v0x199f9a40_0 .net *"_ivl_0", 31 0, L_0x19a104c0;  1 drivers
v0x199f9b40_0 .net *"_ivl_10", 3 0, L_0x19a108b0;  1 drivers
L_0x7878046dc8d0 .functor BUFT 1, C4<0000000000000000000000000000>, C4<0>, C4<0>, C4<0>;
v0x199f9c20_0 .net *"_ivl_3", 27 0, L_0x7878046dc8d0;  1 drivers
L_0x7878046dc918 .functor BUFT 1, C4<00000000000000000000000000001000>, C4<0>, C4<0>, C4<0>;
v0x199f9ce0_0 .net/2u *"_ivl_4", 31 0, L_0x7878046dc918;  1 drivers
v0x199f9dc0_0 .net *"_ivl_6", 0 0, L_0x19a10770;  1 drivers
L_0x7878046dc960 .functor BUFT 1, C4<0011>, C4<0>, C4<0>, C4<0>;
v0x199f9ed0_0 .net/2u *"_ivl_8", 3 0, L_0x7878046dc960;  1 drivers
v0x199f9fb0_0 .net "in_val", 3 0, L_0x19a10b60;  1 drivers
v0x199fa090_0 .net "out_val", 3 0, L_0x19a109f0;  1 drivers
L_0x19a104c0 .concat [ 4 28 0 0], L_0x19a10b60, L_0x7878046dc8d0;
L_0x19a10770 .cmp/ge 32, L_0x19a104c0, L_0x7878046dc918;
L_0x19a108b0 .arith/sub 4, L_0x19a10b60, L_0x7878046dc960;
L_0x19a109f0 .functor MUXZ 4, L_0x19a10b60, L_0x19a108b0, L_0x19a10770, C4<>;
S_0x199fa1d0 .scope module, "sub_mil" "bcd_sub_block" 3 53, 7 1 0, S_0x199f5c20;
 .timescale -9 -12;
    .port_info 0 /INPUT 4 "in_val";
    .port_info 1 /OUTPUT 4 "out_val";
v0x199fa400_0 .net *"_ivl_0", 31 0, L_0x19a0fed0;  1 drivers
v0x199fa500_0 .net *"_ivl_10", 3 0, L_0x19a100b0;  1 drivers
L_0x7878046dc7f8 .functor BUFT 1, C4<0000000000000000000000000000>, C4<0>, C4<0>, C4<0>;
v0x199fa5e0_0 .net *"_ivl_3", 27 0, L_0x7878046dc7f8;  1 drivers
L_0x7878046dc840 .functor BUFT 1, C4<00000000000000000000000000001000>, C4<0>, C4<0>, C4<0>;
v0x199fa6a0_0 .net/2u *"_ivl_4", 31 0, L_0x7878046dc840;  1 drivers
v0x199fa780_0 .net *"_ivl_6", 0 0, L_0x19a0ff70;  1 drivers
L_0x7878046dc888 .functor BUFT 1, C4<0011>, C4<0>, C4<0>, C4<0>;
v0x199fa890_0 .net/2u *"_ivl_8", 3 0, L_0x7878046dc888;  1 drivers
v0x199fa970_0 .net "in_val", 3 0, L_0x19a10360;  1 drivers
v0x199faa50_0 .net "out_val", 3 0, L_0x19a101f0;  1 drivers
L_0x19a0fed0 .concat [ 4 28 0 0], L_0x19a10360, L_0x7878046dc7f8;
L_0x19a0ff70 .cmp/ge 32, L_0x19a0fed0, L_0x7878046dc840;
L_0x19a100b0 .arith/sub 4, L_0x19a10360, L_0x7878046dc888;
L_0x19a101f0 .functor MUXZ 4, L_0x19a10360, L_0x19a100b0, L_0x19a0ff70, C4<>;
S_0x199fab90 .scope module, "sub_uni" "bcd_sub_block" 3 47, 7 1 0, S_0x199f5c20;
 .timescale -9 -12;
    .port_info 0 /INPUT 4 "in_val";
    .port_info 1 /OUTPUT 4 "out_val";
v0x199fadc0_0 .net *"_ivl_0", 31 0, L_0x19a0edf0;  1 drivers
v0x199faec0_0 .net *"_ivl_10", 3 0, L_0x19a0f020;  1 drivers
L_0x7878046dc570 .functor BUFT 1, C4<0000000000000000000000000000>, C4<0>, C4<0>, C4<0>;
v0x199fafa0_0 .net *"_ivl_3", 27 0, L_0x7878046dc570;  1 drivers
L_0x7878046dc5b8 .functor BUFT 1, C4<00000000000000000000000000001000>, C4<0>, C4<0>, C4<0>;
v0x199fb060_0 .net/2u *"_ivl_4", 31 0, L_0x7878046dc5b8;  1 drivers
v0x199fb140_0 .net *"_ivl_6", 0 0, L_0x19a0eee0;  1 drivers
L_0x7878046dc600 .functor BUFT 1, C4<0011>, C4<0>, C4<0>, C4<0>;
v0x199fb250_0 .net/2u *"_ivl_8", 3 0, L_0x7878046dc600;  1 drivers
v0x199fb330_0 .net "in_val", 3 0, L_0x19a0f2a0;  1 drivers
v0x199fb410_0 .net "out_val", 3 0, L_0x19a0f160;  1 drivers
L_0x19a0edf0 .concat [ 4 28 0 0], L_0x19a0f2a0, L_0x7878046dc570;
L_0x19a0eee0 .cmp/ge 32, L_0x19a0edf0, L_0x7878046dc5b8;
L_0x19a0f020 .arith/sub 4, L_0x19a0f2a0, L_0x7878046dc600;
L_0x19a0f160 .functor MUXZ 4, L_0x19a0f2a0, L_0x19a0f020, L_0x19a0eee0, C4<>;
    .scope S_0x199d3190;
T_0 ;
    %wait E_0x199d0950;
    %load/vec4 v0x199ca640_0;
    %flag_set/vec4 8;
    %jmp/0xz  T_0.0, 8;
    %pushi/vec4 1, 0, 5;
    %assign/vec4 v0x199b3af0_0, 0;
    %jmp T_0.1;
T_0.0 ;
    %load/vec4 v0x199cca70_0;
    %assign/vec4 v0x199b3af0_0, 0;
T_0.1 ;
    %jmp T_0;
    .thread T_0;
    .scope S_0x199d3190;
T_1 ;
    %wait E_0x199ce8d0;
    %load/vec4 v0x199b3af0_0;
    %dup/vec4;
    %pushi/vec4 1, 0, 5;
    %cmp/u;
    %jmp/1 T_1.0, 6;
    %dup/vec4;
    %pushi/vec4 2, 0, 5;
    %cmp/u;
    %jmp/1 T_1.1, 6;
    %dup/vec4;
    %pushi/vec4 4, 0, 5;
    %cmp/u;
    %jmp/1 T_1.2, 6;
    %dup/vec4;
    %pushi/vec4 8, 0, 5;
    %cmp/u;
    %jmp/1 T_1.3, 6;
    %dup/vec4;
    %pushi/vec4 16, 0, 5;
    %cmp/u;
    %jmp/1 T_1.4, 6;
    %pushi/vec4 1, 0, 5;
    %store/vec4 v0x199cca70_0, 0, 5;
    %jmp T_1.6;
T_1.0 ;
    %load/vec4 v0x199f0180_0;
    %flag_set/vec4 8;
    %jmp/0xz  T_1.7, 8;
    %pushi/vec4 2, 0, 5;
    %store/vec4 v0x199cca70_0, 0, 5;
    %jmp T_1.8;
T_1.7 ;
    %pushi/vec4 1, 0, 5;
    %store/vec4 v0x199cca70_0, 0, 5;
T_1.8 ;
    %jmp T_1.6;
T_1.1 ;
    %pushi/vec4 4, 0, 5;
    %store/vec4 v0x199cca70_0, 0, 5;
    %jmp T_1.6;
T_1.2 ;
    %pushi/vec4 8, 0, 5;
    %store/vec4 v0x199cca70_0, 0, 5;
    %jmp T_1.6;
T_1.3 ;
    %load/vec4 v0x199f0240_0;
    %flag_set/vec4 8;
    %jmp/0xz  T_1.9, 8;
    %pushi/vec4 16, 0, 5;
    %store/vec4 v0x199cca70_0, 0, 5;
    %jmp T_1.10;
T_1.9 ;
    %pushi/vec4 2, 0, 5;
    %store/vec4 v0x199cca70_0, 0, 5;
T_1.10 ;
    %jmp T_1.6;
T_1.4 ;
    %pushi/vec4 16, 0, 5;
    %store/vec4 v0x199cca70_0, 0, 5;
    %jmp T_1.6;
T_1.6 ;
    %pop/vec4 1;
    %jmp T_1;
    .thread T_1, $push;
    .scope S_0x199d3190;
T_2 ;
    %wait E_0x1999a8c0;
    %pushi/vec4 0, 0, 1;
    %store/vec4 v0x199f00c0_0, 0, 1;
    %pushi/vec4 0, 0, 1;
    %store/vec4 v0x199b54a0_0, 0, 1;
    %pushi/vec4 0, 0, 1;
    %store/vec4 v0x199cedf0_0, 0, 1;
    %pushi/vec4 0, 0, 1;
    %store/vec4 v0x199b53a0_0, 0, 1;
    %load/vec4 v0x199b3af0_0;
    %dup/vec4;
    %pushi/vec4 1, 0, 5;
    %cmp/u;
    %jmp/1 T_2.0, 6;
    %dup/vec4;
    %pushi/vec4 2, 0, 5;
    %cmp/u;
    %jmp/1 T_2.1, 6;
    %dup/vec4;
    %pushi/vec4 4, 0, 5;
    %cmp/u;
    %jmp/1 T_2.2, 6;
    %dup/vec4;
    %pushi/vec4 8, 0, 5;
    %cmp/u;
    %jmp/1 T_2.3, 6;
    %dup/vec4;
    %pushi/vec4 16, 0, 5;
    %cmp/u;
    %jmp/1 T_2.4, 6;
    %jmp T_2.5;
T_2.0 ;
    %load/vec4 v0x199f0180_0;
    %flag_set/vec4 8;
    %jmp/0xz  T_2.6, 8;
    %pushi/vec4 1, 0, 1;
    %store/vec4 v0x199b54a0_0, 0, 1;
T_2.6 ;
    %jmp T_2.5;
T_2.1 ;
    %jmp T_2.5;
T_2.2 ;
    %pushi/vec4 1, 0, 1;
    %store/vec4 v0x199cedf0_0, 0, 1;
    %jmp T_2.5;
T_2.3 ;
    %pushi/vec4 1, 0, 1;
    %store/vec4 v0x199f00c0_0, 0, 1;
    %jmp T_2.5;
T_2.4 ;
    %pushi/vec4 1, 0, 1;
    %store/vec4 v0x199b53a0_0, 0, 1;
    %jmp T_2.5;
T_2.5 ;
    %pop/vec4 1;
    %jmp T_2;
    .thread T_2, $push;
    .scope S_0x199f0c30;
T_3 ;
    %wait E_0x199d0950;
    %load/vec4 v0x199f1310_0;
    %flag_set/vec4 8;
    %jmp/0xz  T_3.0, 8;
    %pushi/vec4 0, 0, 36;
    %assign/vec4 v0x199f1250_0, 0;
    %jmp T_3.1;
T_3.0 ;
    %load/vec4 v0x199f1110_0;
    %flag_set/vec4 8;
    %jmp/0xz  T_3.2, 8;
    %load/vec4 v0x199f0ea0_0;
    %concati/vec4 0, 0, 16;
    %assign/vec4 v0x199f1250_0, 0;
    %jmp T_3.3;
T_3.2 ;
    %load/vec4 v0x199f11b0_0;
    %flag_set/vec4 8;
    %jmp/0xz  T_3.4, 8;
    %load/vec4 v0x199f0dc0_0;
    %ix/load 4, 16, 0;
    %ix/load 5, 0, 0;
    %flag_set/imm 4, 0;
    %assign/vec4/off/d v0x199f1250_0, 4, 5;
    %jmp T_3.5;
T_3.4 ;
    %load/vec4 v0x199f1400_0;
    %flag_set/vec4 8;
    %jmp/0xz  T_3.6, 8;
    %pushi/vec4 0, 0, 1;
    %load/vec4 v0x199f1250_0;
    %parti/s 35, 1, 2;
    %concat/vec4; draw_concat_vec4
    %assign/vec4 v0x199f1250_0, 0;
T_3.6 ;
T_3.5 ;
T_3.3 ;
T_3.1 ;
    %jmp T_3;
    .thread T_3;
    .scope S_0x199f0400;
T_4 ;
    %wait E_0x199d0950;
    %load/vec4 v0x199f0ad0_0;
    %flag_set/vec4 8;
    %jmp/0xz  T_4.0, 8;
    %pushi/vec4 0, 0, 5;
    %assign/vec4 v0x199f08d0_0, 0;
    %jmp T_4.1;
T_4.0 ;
    %load/vec4 v0x199f0a30_0;
    %flag_set/vec4 8;
    %jmp/0xz  T_4.2, 8;
    %pushi/vec4 16, 0, 5;
    %assign/vec4 v0x199f08d0_0, 0;
    %jmp T_4.3;
T_4.2 ;
    %load/vec4 v0x199f0990_0;
    %flag_set/vec4 8;
    %jmp/0xz  T_4.4, 8;
    %load/vec4 v0x199f08d0_0;
    %subi 1, 0, 5;
    %assign/vec4 v0x199f08d0_0, 0;
T_4.4 ;
T_4.3 ;
T_4.1 ;
    %jmp T_4;
    .thread T_4;
    .scope S_0x199c7340;
T_5 ;
    %wait E_0x1997c1d0;
    %load/vec4 v0x199f5740_0;
    %flag_set/vec4 8;
    %jmp/0xz  T_5.0, 8;
    %pushi/vec4 0, 0, 20;
    %assign/vec4 v0x199f5540_0, 0;
    %pushi/vec4 0, 0, 1;
    %assign/vec4 v0x199f5650_0, 0;
    %jmp T_5.1;
T_5.0 ;
    %load/vec4 v0x199f5300_0;
    %flag_set/vec4 9;
    %flag_get/vec4 9;
    %jmp/0 T_5.4, 9;
    %load/vec4 v0x199f5a60_0;
    %and;
T_5.4;
    %flag_set/vec4 8;
    %jmp/0xz  T_5.2, 8;
    %load/vec4 v0x199f50b0_0;
    %parti/s 3, 2, 3;
    %dup/vec4;
    %pushi/vec4 1, 0, 3;
    %cmp/u;
    %jmp/1 T_5.5, 6;
    %dup/vec4;
    %pushi/vec4 2, 0, 3;
    %cmp/u;
    %jmp/1 T_5.6, 6;
    %pushi/vec4 0, 0, 1;
    %assign/vec4 v0x199f5650_0, 0;
    %jmp T_5.8;
T_5.5 ;
    %load/vec4 v0x199f53a0_0;
    %parti/s 20, 0, 2;
    %assign/vec4 v0x199f5540_0, 0;
    %jmp T_5.8;
T_5.6 ;
    %load/vec4 v0x199f53a0_0;
    %parti/s 1, 0, 2;
    %assign/vec4 v0x199f5650_0, 0;
    %jmp T_5.8;
T_5.8 ;
    %pop/vec4 1;
    %jmp T_5.3;
T_5.2 ;
    %pushi/vec4 0, 0, 1;
    %assign/vec4 v0x199f5650_0, 0;
T_5.3 ;
T_5.1 ;
    %jmp T_5;
    .thread T_5;
    .scope S_0x199c7340;
T_6 ;
    %wait E_0x19995740;
    %pushi/vec4 0, 0, 32;
    %store/vec4 v0x199f5460_0, 0, 32;
    %load/vec4 v0x199f5300_0;
    %flag_set/vec4 9;
    %flag_get/vec4 9;
    %jmp/0 T_6.2, 9;
    %load/vec4 v0x199f5a60_0;
    %nor/r;
    %and;
T_6.2;
    %flag_set/vec4 8;
    %jmp/0xz  T_6.0, 8;
    %load/vec4 v0x199f50b0_0;
    %parti/s 3, 2, 3;
    %dup/vec4;
    %pushi/vec4 4, 0, 3;
    %cmp/u;
    %jmp/1 T_6.3, 6;
    %dup/vec4;
    %pushi/vec4 5, 0, 3;
    %cmp/u;
    %jmp/1 T_6.4, 6;
    %pushi/vec4 0, 0, 32;
    %store/vec4 v0x199f5460_0, 0, 32;
    %jmp T_6.6;
T_6.3 ;
    %pushi/vec4 0, 0, 16;
    %load/vec4 v0x199f5870_0;
    %concat/vec4; draw_concat_vec4
    %store/vec4 v0x199f5460_0, 0, 32;
    %jmp T_6.6;
T_6.4 ;
    %pushi/vec4 0, 0, 31;
    %load/vec4 v0x199f59c0_0;
    %concat/vec4; draw_concat_vec4
    %store/vec4 v0x199f5460_0, 0, 32;
    %jmp T_6.6;
T_6.6 ;
    %pop/vec4 1;
T_6.0 ;
    %jmp T_6;
    .thread T_6, $push;
    .scope S_0x199f5dd0;
T_7 ;
    %wait E_0x199ce5d0;
    %load/vec4 v0x199f68f0_0;
    %flag_set/vec4 8;
    %jmp/0xz  T_7.0, 8;
    %pushi/vec4 1, 0, 5;
    %assign/vec4 v0x199f64c0_0, 0;
    %jmp T_7.1;
T_7.0 ;
    %load/vec4 v0x199f6810_0;
    %assign/vec4 v0x199f64c0_0, 0;
T_7.1 ;
    %jmp T_7;
    .thread T_7;
    .scope S_0x199f5dd0;
T_8 ;
    %wait E_0x199cc550;
    %load/vec4 v0x199f64c0_0;
    %dup/vec4;
    %pushi/vec4 1, 0, 5;
    %cmp/u;
    %jmp/1 T_8.0, 6;
    %dup/vec4;
    %pushi/vec4 2, 0, 5;
    %cmp/u;
    %jmp/1 T_8.1, 6;
    %dup/vec4;
    %pushi/vec4 4, 0, 5;
    %cmp/u;
    %jmp/1 T_8.2, 6;
    %dup/vec4;
    %pushi/vec4 8, 0, 5;
    %cmp/u;
    %jmp/1 T_8.3, 6;
    %dup/vec4;
    %pushi/vec4 16, 0, 5;
    %cmp/u;
    %jmp/1 T_8.4, 6;
    %pushi/vec4 1, 0, 5;
    %store/vec4 v0x199f6810_0, 0, 5;
    %jmp T_8.6;
T_8.0 ;
    %load/vec4 v0x199f6a70_0;
    %flag_set/vec4 8;
    %jmp/0xz  T_8.7, 8;
    %pushi/vec4 2, 0, 5;
    %store/vec4 v0x199f6810_0, 0, 5;
    %jmp T_8.8;
T_8.7 ;
    %pushi/vec4 1, 0, 5;
    %store/vec4 v0x199f6810_0, 0, 5;
T_8.8 ;
    %jmp T_8.6;
T_8.1 ;
    %pushi/vec4 4, 0, 5;
    %store/vec4 v0x199f6810_0, 0, 5;
    %jmp T_8.6;
T_8.2 ;
    %pushi/vec4 8, 0, 5;
    %store/vec4 v0x199f6810_0, 0, 5;
    %jmp T_8.6;
T_8.3 ;
    %load/vec4 v0x199f6bc0_0;
    %flag_set/vec4 8;
    %jmp/0xz  T_8.9, 8;
    %pushi/vec4 16, 0, 5;
    %store/vec4 v0x199f6810_0, 0, 5;
    %jmp T_8.10;
T_8.9 ;
    %pushi/vec4 2, 0, 5;
    %store/vec4 v0x199f6810_0, 0, 5;
T_8.10 ;
    %jmp T_8.6;
T_8.4 ;
    %pushi/vec4 16, 0, 5;
    %store/vec4 v0x199f6810_0, 0, 5;
    %jmp T_8.6;
T_8.6 ;
    %pop/vec4 1;
    %jmp T_8;
    .thread T_8, $push;
    .scope S_0x199f5dd0;
T_9 ;
    %wait E_0x199cc250;
    %pushi/vec4 0, 0, 1;
    %store/vec4 v0x199f69b0_0, 0, 1;
    %pushi/vec4 0, 0, 1;
    %store/vec4 v0x199f6640_0, 0, 1;
    %pushi/vec4 0, 0, 1;
    %store/vec4 v0x199f6700_0, 0, 1;
    %pushi/vec4 0, 0, 1;
    %store/vec4 v0x199f65a0_0, 0, 1;
    %load/vec4 v0x199f64c0_0;
    %dup/vec4;
    %pushi/vec4 1, 0, 5;
    %cmp/u;
    %jmp/1 T_9.0, 6;
    %dup/vec4;
    %pushi/vec4 2, 0, 5;
    %cmp/u;
    %jmp/1 T_9.1, 6;
    %dup/vec4;
    %pushi/vec4 4, 0, 5;
    %cmp/u;
    %jmp/1 T_9.2, 6;
    %dup/vec4;
    %pushi/vec4 8, 0, 5;
    %cmp/u;
    %jmp/1 T_9.3, 6;
    %dup/vec4;
    %pushi/vec4 16, 0, 5;
    %cmp/u;
    %jmp/1 T_9.4, 6;
    %jmp T_9.5;
T_9.0 ;
    %load/vec4 v0x199f6a70_0;
    %flag_set/vec4 8;
    %jmp/0xz  T_9.6, 8;
    %pushi/vec4 1, 0, 1;
    %store/vec4 v0x199f6640_0, 0, 1;
T_9.6 ;
    %jmp T_9.5;
T_9.1 ;
    %jmp T_9.5;
T_9.2 ;
    %pushi/vec4 1, 0, 1;
    %store/vec4 v0x199f6700_0, 0, 1;
    %jmp T_9.5;
T_9.3 ;
    %pushi/vec4 1, 0, 1;
    %store/vec4 v0x199f69b0_0, 0, 1;
    %jmp T_9.5;
T_9.4 ;
    %pushi/vec4 1, 0, 1;
    %store/vec4 v0x199f65a0_0, 0, 1;
    %jmp T_9.5;
T_9.5 ;
    %pop/vec4 1;
    %jmp T_9;
    .thread T_9, $push;
    .scope S_0x199f77d0;
T_10 ;
    %wait E_0x199ce5d0;
    %load/vec4 v0x199f8100_0;
    %flag_set/vec4 8;
    %jmp/0xz  T_10.0, 8;
    %pushi/vec4 0, 0, 36;
    %assign/vec4 v0x199f8040_0, 0;
    %jmp T_10.1;
T_10.0 ;
    %load/vec4 v0x199f7e60_0;
    %flag_set/vec4 8;
    %jmp/0xz  T_10.2, 8;
    %load/vec4 v0x199f7ba0_0;
    %concati/vec4 0, 0, 16;
    %assign/vec4 v0x199f8040_0, 0;
    %jmp T_10.3;
T_10.2 ;
    %load/vec4 v0x199f7fa0_0;
    %flag_set/vec4 8;
    %jmp/0xz  T_10.4, 8;
    %load/vec4 v0x199f7ac0_0;
    %ix/load 4, 16, 0;
    %ix/load 5, 0, 0;
    %flag_set/imm 4, 0;
    %assign/vec4/off/d v0x199f8040_0, 4, 5;
    %jmp T_10.5;
T_10.4 ;
    %load/vec4 v0x199f81f0_0;
    %flag_set/vec4 8;
    %jmp/0xz  T_10.6, 8;
    %pushi/vec4 0, 0, 1;
    %load/vec4 v0x199f8040_0;
    %parti/s 35, 1, 2;
    %concat/vec4; draw_concat_vec4
    %assign/vec4 v0x199f8040_0, 0;
T_10.6 ;
T_10.5 ;
T_10.3 ;
T_10.1 ;
    %jmp T_10;
    .thread T_10;
    .scope S_0x199f6d80;
T_11 ;
    %wait E_0x199ce5d0;
    %load/vec4 v0x199f7550_0;
    %flag_set/vec4 8;
    %jmp/0xz  T_11.0, 8;
    %pushi/vec4 0, 0, 5;
    %assign/vec4 v0x199f7300_0, 0;
    %jmp T_11.1;
T_11.0 ;
    %load/vec4 v0x199f74b0_0;
    %flag_set/vec4 8;
    %jmp/0xz  T_11.2, 8;
    %pushi/vec4 16, 0, 5;
    %assign/vec4 v0x199f7300_0, 0;
    %jmp T_11.3;
T_11.2 ;
    %load/vec4 v0x199f7410_0;
    %flag_set/vec4 8;
    %jmp/0xz  T_11.4, 8;
    %load/vec4 v0x199f7300_0;
    %subi 1, 0, 5;
    %assign/vec4 v0x199f7300_0, 0;
T_11.4 ;
T_11.3 ;
T_11.1 ;
    %jmp T_11;
    .thread T_11;
    .scope S_0x199cc750;
T_12 ;
    %delay 5000, 0;
    %load/vec4 v0x199fc0d0_0;
    %inv;
    %store/vec4 v0x199fc0d0_0, 0, 1;
    %jmp T_12;
    .thread T_12;
    .scope S_0x199cc750;
T_13 ;
    %vpi_call 8 17 "$dumpfile", "bcd2bin_TB.vcd" {0 0 0};
    %vpi_call 8 18 "$dumpvars", 32'sb00000000000000000000000000000000, S_0x199cc750 {0 0 0};
    %pushi/vec4 0, 0, 1;
    %store/vec4 v0x199fc0d0_0, 0, 1;
    %pushi/vec4 1, 0, 1;
    %store/vec4 v0x199fc2a0_0, 0, 1;
    %pushi/vec4 0, 0, 1;
    %store/vec4 v0x199fc420_0, 0, 1;
    %pushi/vec4 0, 0, 20;
    %store/vec4 v0x199fbee0_0, 0, 20;
    %delay 20000, 0;
    %pushi/vec4 0, 0, 1;
    %store/vec4 v0x199fc2a0_0, 0, 1;
    %delay 10000, 0;
    %vpi_call 8 24 "$display", "Test: Convirtiendo 255..." {0 0 0};
    %pushi/vec4 1427, 0, 20;
    %store/vec4 v0x199fbee0_0, 0, 20;
    %pushi/vec4 1, 0, 1;
    %store/vec4 v0x199fc420_0, 0, 1;
    %delay 10000, 0;
    %pushi/vec4 0, 0, 1;
    %store/vec4 v0x199fc420_0, 0, 1;
T_13.0 ;
    %load/vec4 v0x199fc200_0;
    %cmpi/ne 1, 0, 1;
    %jmp/0xz T_13.1, 6;
    %wait E_0x199958a0;
    %jmp T_13.0;
T_13.1 ;
    %vpi_call 8 29 "$display", "Resultado Hex: %h (Esperado: 00ff)", v0x199fc010_0 {0 0 0};
    %delay 50000, 0;
    %vpi_call 8 31 "$finish" {0 0 0};
    %end;
    .thread T_13;
# The file index is used to find the file name in the following table.
:file_names 9;
    "N/A";
    "<interactive>";
    "perip_bcd2bin.v";
    "bcd2bin_top.v";
    "control_fsm_b2b.v";
    "down_counter.v";
    "main_register_right.v";
    "bcd_sub_block.v";
    "bcd2bin_TB.v";
# EOF
