Info: constraining clock net 'clk' to 25.00 MHz
Info: constraining clock net 'LP_CLK' to 25.00 MHz
Warning: IO 'init' is unconstrained in LPF and will be automatically placed

Info: Logic utilisation before packing:
Info:     Total LUT4s:      9029/24288    37%
Info:         logic LUTs:   8993/24288    37%
Info:         carry LUTs:     36/24288     0%
Info:           RAM LUTs:      0/ 3036     0%
Info:          RAMW LUTs:      0/ 6072     0%

Info:      Total DFFs:        85/24288     0%

Info: Packing IOs..
Info: pin 'rst$tr_io' constrained to Bel 'X6/Y50/PIOA'.
Info: pin 'clk$tr_io' constrained to Bel 'X0/Y47/PIOC'.
Info: pin 'ROW[4]$tr_io' constrained to Bel 'X0/Y38/PIOA'.
Info: pin 'ROW[3]$tr_io' constrained to Bel 'X0/Y41/PIOA'.
Info: pin 'ROW[2]$tr_io' constrained to Bel 'X0/Y38/PIOB'.
Info: pin 'ROW[1]$tr_io' constrained to Bel 'X0/Y35/PIOD'.
Info: pin 'ROW[0]$tr_io' constrained to Bel 'X0/Y44/PIOD'.
Info: pin 'RGB1[2]$tr_io' constrained to Bel 'X72/Y11/PIOA'.
Info: pin 'RGB1[1]$tr_io' constrained to Bel 'X72/Y17/PIOA'.
Info: pin 'RGB1[0]$tr_io' constrained to Bel 'X72/Y17/PIOB'.
Info: pin 'RGB0[2]$tr_io' constrained to Bel 'X72/Y17/PIOD'.
Info: pin 'RGB0[1]$tr_io' constrained to Bel 'X72/Y29/PIOA'.
Info: pin 'RGB0[0]$tr_io' constrained to Bel 'X72/Y17/PIOC'.
Info: pin 'NOE$tr_io' constrained to Bel 'X0/Y35/PIOC'.
Info: pin 'LP_CLK$tr_io' constrained to Bel 'X0/Y32/PIOD'.
Info: pin 'LATCH$tr_io' constrained to Bel 'X0/Y32/PIOA'.
Info: pin 'I3$tr_io' constrained to Bel 'X0/Y8/PIOC'.
Info: pin 'I2$tr_io' constrained to Bel 'X9/Y0/PIOB'.
Info: pin 'I1$tr_io' constrained to Bel 'X11/Y0/PIOA'.
Info: Packing constants..
Info: Packing carries...
Info: Packing LUTs...
Info: Packing LUT5-7s...
Info: Packing FFs...
Info:     36 FFs paired with LUTs.
Info: Generating derived timing constraints...
Info: Promoting globals...
Info:     promoting clock net clk1 to global network
Info:     promoting clock net clk$TRELLIS_IO_IN to global network
Info: Checksum: 0x7c976b1e

Info: Device utilisation:
Info: 	          TRELLIS_IO:    20/  197    10%
Info: 	                DCCA:     2/   56     3%
Info: 	              DP16KD:     0/   56     0%
Info: 	          MULT18X18D:     0/   28     0%
Info: 	              ALU54B:     0/   14     0%
Info: 	             EHXPLLL:     0/    2     0%
Info: 	             EXTREFB:     0/    1     0%
Info: 	                DCUA:     0/    1     0%
Info: 	           PCSCLKDIV:     0/    2     0%
Info: 	             IOLOGIC:     0/  128     0%
Info: 	            SIOLOGIC:     0/   69     0%
Info: 	                 GSR:     0/    1     0%
Info: 	               JTAGG:     0/    1     0%
Info: 	                OSCG:     0/    1     0%
Info: 	               SEDGA:     0/    1     0%
Info: 	                 DTR:     0/    1     0%
Info: 	             USRMCLK:     0/    1     0%
Info: 	             CLKDIVF:     0/    4     0%
Info: 	           ECLKSYNCB:     0/   10     0%
Info: 	             DLLDELD:     0/    8     0%
Info: 	              DDRDLL:     0/    4     0%
Info: 	             DQSBUFM:     0/    8     0%
Info: 	     TRELLIS_ECLKBUF:     0/    8     0%
Info: 	        ECLKBRIDGECS:     0/    2     0%
Info: 	                DCSC:     0/    2     0%
Info: 	          TRELLIS_FF:    85/24288     0%
Info: 	        TRELLIS_COMB:  9047/24288    37%
Info: 	        TRELLIS_RAMW:     0/ 3036     0%

Info: Placed 19 cells based on constraints.
Info: Creating initial analytic placement for 2805 cells, random placement wirelen = 124242.
Info:     at initial placer iter 0, wirelen = 1208
Info:     at initial placer iter 1, wirelen = 863
Info:     at initial placer iter 2, wirelen = 831
Info:     at initial placer iter 3, wirelen = 835
Info: Running main analytical placer, max placement attempts per cell = 10474464.
Info:     at iteration #1, type ALL: wirelen solved = 817, spread = 22988, legal = 23391; time = 0.16s
Info:     at iteration #2, type ALL: wirelen solved = 3779, spread = 17248, legal = 17933; time = 0.15s
Info:     at iteration #3, type ALL: wirelen solved = 5315, spread = 16315, legal = 16850; time = 0.14s
Info:     at iteration #4, type ALL: wirelen solved = 6426, spread = 15536, legal = 16033; time = 0.14s
Info:     at iteration #5, type ALL: wirelen solved = 7424, spread = 14633, legal = 15188; time = 0.14s
Info:     at iteration #6, type ALL: wirelen solved = 8059, spread = 13950, legal = 14657; time = 0.14s
Info:     at iteration #7, type ALL: wirelen solved = 8461, spread = 13648, legal = 14258; time = 0.14s
Info:     at iteration #8, type ALL: wirelen solved = 8844, spread = 13405, legal = 14107; time = 0.14s
Info:     at iteration #9, type ALL: wirelen solved = 9195, spread = 13114, legal = 13874; time = 0.14s
Info:     at iteration #10, type ALL: wirelen solved = 9322, spread = 12989, legal = 13639; time = 0.13s
Info:     at iteration #11, type ALL: wirelen solved = 9530, spread = 12849, legal = 13541; time = 0.13s
Info:     at iteration #12, type ALL: wirelen solved = 9818, spread = 12600, legal = 13303; time = 0.13s
Info:     at iteration #13, type ALL: wirelen solved = 9873, spread = 12595, legal = 13292; time = 0.13s
Info:     at iteration #14, type ALL: wirelen solved = 9984, spread = 12549, legal = 13267; time = 0.13s
Info:     at iteration #15, type ALL: wirelen solved = 10028, spread = 12489, legal = 13211; time = 0.13s
Info:     at iteration #16, type ALL: wirelen solved = 10166, spread = 12388, legal = 13136; time = 0.14s
Info:     at iteration #17, type ALL: wirelen solved = 10101, spread = 12447, legal = 13188; time = 0.13s
Info:     at iteration #18, type ALL: wirelen solved = 10152, spread = 12409, legal = 13112; time = 0.13s
Info:     at iteration #19, type ALL: wirelen solved = 10229, spread = 12390, legal = 13152; time = 0.13s
Info:     at iteration #20, type ALL: wirelen solved = 10272, spread = 12439, legal = 13216; time = 0.13s
Info:     at iteration #21, type ALL: wirelen solved = 10291, spread = 12420, legal = 13121; time = 0.13s
Info:     at iteration #22, type ALL: wirelen solved = 10429, spread = 12344, legal = 12952; time = 0.13s
Info: HeAP Placer Time: 4.67s
Info:   of which solving equations: 2.76s
Info:   of which spreading cells: 0.42s
Info:   of which strict legalisation: 0.13s

Info: Running simulated annealing placer for refinement.
Info:   at iteration #1: temp = 0.000000, timing cost = 11818, wirelen = 12952
Info:   at iteration #4: temp = 0.000000, timing cost = 7605, wirelen = 11860 
Info: SA placement time 2.45s

Info: Max frequency for clock              '$glbnet$clk1': 33.30 MHz (PASS at 12.00 MHz)
Info: Max frequency for clock '$glbnet$clk$TRELLIS_IO_IN': 285.23 MHz (PASS at 25.00 MHz)

Info: Max delay <async>                           -> posedge $glbnet$clk$TRELLIS_IO_IN: 5.10 ns
Info: Max delay <async>                           -> posedge $glbnet$clk1             : 6.78 ns
Info: Max delay <async>                           -> negedge $glbnet$clk1             : 16.35 ns
Info: Max delay posedge $glbnet$clk$TRELLIS_IO_IN -> <async>                          : 3.40 ns
Info: Max delay posedge $glbnet$clk1              -> <async>                          : 4.12 ns
Info: Max delay negedge $glbnet$clk1              -> <async>                          : 16.16 ns

Info: Checksum: 0x7dc9b744
Info: Routing globals...
Info:     routing clock net $glbnet$clk$TRELLIS_IO_IN using global 0
Info:     routing clock net $glbnet$clk1 using global 1

Info: Routing..
Info: Setting up routing queue.
Info: Routing 36009 arcs.
Info:            |   (re-)routed arcs  |   delta    | remaining|       time spent     |
Info:    IterCnt |  w/ripup   wo/ripup |  w/r  wo/r |      arcs| batch(sec) total(sec)|
Info:       1000 |      163        836 |  163   836 |     35374|       0.43       0.43|
Info:       2000 |      389       1610 |  226   774 |     34869|       0.16       0.58|
Info:       3000 |      632       2367 |  243   757 |     34466|       0.15       0.73|
Info:       4000 |      875       3124 |  243   757 |     34070|       0.16       0.89|
Info:       5000 |     1121       3878 |  246   754 |     33550|       0.15       1.04|
Info:       6000 |     1393       4606 |  272   728 |     33245|       0.15       1.19|
Info:       7000 |     1701       5298 |  308   692 |     32984|       0.15       1.35|
Info:       8000 |     1901       6098 |  200   800 |     32582|       0.14       1.49|
Info:       9000 |     2217       6782 |  316   684 |     32167|       0.15       1.64|
Info:      10000 |     2535       7464 |  318   682 |     31781|       0.15       1.78|
Info:      11000 |     2784       8215 |  249   751 |     31335|       0.15       1.94|
Info:      12000 |     3141       8858 |  357   643 |     30775|       0.15       2.08|
Info:      13000 |     3484       9515 |  343   657 |     30471|       0.16       2.24|
Info:      14000 |     3779      10220 |  295   705 |     30331|       0.15       2.39|
Info:      15000 |     4086      10913 |  307   693 |     30126|       0.18       2.57|
Info:      16000 |     4392      11607 |  306   694 |     29977|       0.16       2.73|
Info:      17000 |     4658      12341 |  266   734 |     29617|       0.15       2.88|
Info:      18000 |     4874      13125 |  216   784 |     29545|       0.16       3.04|
Info:      19000 |     5157      13842 |  283   717 |     29051|       0.15       3.19|
Info:      20000 |     5461      14538 |  304   696 |     28756|       0.14       3.33|
Info:      21000 |     5750      15249 |  289   711 |     28345|       0.16       3.49|
Info:      22000 |     6055      15944 |  305   695 |     27928|       0.15       3.64|
Info:      23000 |     6359      16640 |  304   696 |     27405|       0.15       3.79|
Info:      24000 |     6648      17351 |  289   711 |     27436|       0.17       3.96|
Info:      25000 |     6970      18029 |  322   678 |     27284|       0.16       4.12|
Info:      26000 |     7165      18834 |  195   805 |     27172|       0.17       4.29|
Info:      27000 |     7434      19565 |  269   731 |     26899|       0.17       4.46|
Info:      28000 |     7763      20236 |  329   671 |     26437|       0.15       4.61|
Info:      29000 |     8069      20930 |  306   694 |     26037|       0.15       4.76|
Info:      30000 |     8360      21639 |  291   709 |     25903|       0.17       4.93|
Info:      31000 |     8648      22351 |  288   712 |     25402|       0.15       5.09|
Info:      32000 |     8937      23062 |  289   711 |     25354|       0.16       5.25|
Info:      33000 |     9202      23797 |  265   735 |     25379|       0.16       5.40|
Info:      34000 |     9482      24517 |  280   720 |     25732|       0.18       5.58|
Info:      35000 |     9695      25304 |  213   787 |     25953|       0.17       5.75|
Info:      36000 |     9942      26057 |  247   753 |     25866|       0.18       5.93|
Info:      37000 |    10195      26804 |  253   747 |     25350|       0.16       6.09|
Info:      38000 |    10481      27518 |  286   714 |     25140|       0.16       6.25|
Info:      39000 |    10745      28254 |  264   736 |     24798|       0.16       6.41|
Info:      40000 |    11035      28964 |  290   710 |     24336|       0.16       6.56|
Info:      41000 |    11257      29742 |  222   778 |     24328|       0.17       6.73|
Info:      42000 |    11544      30455 |  287   713 |     24385|       0.19       6.92|
Info:      43000 |    11782      31217 |  238   762 |     23877|       0.15       7.07|
Info:      44000 |    12111      31888 |  329   671 |     23530|       0.15       7.22|
Info:      45000 |    12385      32614 |  274   726 |     23088|       0.15       7.37|
Info:      46000 |    12676      33323 |  291   709 |     22790|       0.17       7.54|
Info:      47000 |    12978      34021 |  302   698 |     22665|       0.16       7.70|
Info:      48000 |    13193      34806 |  215   785 |     22485|       0.17       7.87|
Info:      49000 |    13495      35504 |  302   698 |     22068|       0.16       8.03|
Info:      50000 |    13764      36235 |  269   731 |     21957|       0.17       8.19|
Info:      51000 |    14009      36990 |  245   755 |     21916|       0.18       8.37|
Info:      52000 |    14173      37826 |  164   836 |     21779|       0.16       8.53|
Info:      53000 |    14462      38537 |  289   711 |     21799|       0.18       8.70|
Info:      54000 |    14765      39234 |  303   697 |     21510|       0.16       8.87|
Info:      55000 |    15068      39931 |  303   697 |     21017|       0.15       9.01|
Info:      56000 |    15398      40601 |  330   670 |     20845|       0.18       9.20|
Info:      57000 |    15705      41294 |  307   693 |     20985|       0.18       9.38|
Info:      58000 |    15949      42050 |  244   756 |     20807|       0.19       9.56|
Info:      59000 |    16268      42731 |  319   681 |     20429|       0.17       9.73|
Info:      60000 |    16582      43417 |  314   686 |     20196|       0.15       9.89|
Info:      61000 |    16844      44155 |  262   738 |     20357|       0.15      10.03|
Info:      62000 |    17115      44884 |  271   729 |     20071|       0.16      10.19|
Info:      63000 |    17339      45660 |  224   776 |     20041|       0.16      10.35|
Info:      64000 |    17610      46389 |  271   729 |     19511|       0.16      10.51|
Info:      65000 |    17901      47098 |  291   709 |     19325|       0.16      10.68|
Info:      66000 |    18200      47799 |  299   701 |     19322|       0.19      10.86|
Info:      67000 |    18517      48482 |  317   683 |     19163|       0.20      11.06|
Info:      68000 |    18727      49272 |  210   790 |     18895|       0.15      11.21|
Info:      69000 |    18970      50029 |  243   757 |     18663|       0.18      11.39|
Info:      70000 |    19265      50734 |  295   705 |     18552|       0.16      11.56|
Info:      71000 |    19603      51396 |  338   662 |     18043|       0.16      11.71|
Info:      72000 |    19929      52070 |  326   674 |     17579|       0.15      11.86|
Info:      73000 |    20247      52752 |  318   682 |     17593|       0.20      12.07|
Info:      74000 |    20535      53464 |  288   712 |     17805|       0.20      12.27|
Info:      75000 |    20857      54142 |  322   678 |     17429|       0.19      12.46|
Info:      76000 |    21156      54843 |  299   701 |     17104|       0.17      12.63|
Info:      77000 |    21457      55542 |  301   699 |     16838|       0.17      12.80|
Info:      78000 |    21749      56250 |  292   708 |     16670|       0.19      12.99|
Info:      79000 |    22038      56961 |  289   711 |     17123|       0.17      13.16|
Info:      80000 |    22275      57724 |  237   763 |     16524|       0.19      13.35|
Info:      81000 |    22537      58462 |  262   738 |     16692|       0.20      13.56|
Info:      82000 |    22786      59213 |  249   751 |     16612|       0.22      13.77|
Info:      83000 |    23050      59949 |  264   736 |     17358|       0.21      13.98|
Info:      84000 |    23259      60740 |  209   791 |     18398|       0.21      14.19|
Info:      85000 |    23519      61480 |  260   740 |     18069|       0.22      14.40|
Info:      86000 |    23798      62201 |  279   721 |     17674|       0.21      14.61|
Info:      87000 |    24026      62973 |  228   772 |     17112|       0.19      14.80|
Info:      88000 |    24301      63698 |  275   725 |     16825|       0.19      14.99|
Info:      89000 |    24578      64421 |  277   723 |     16942|       0.21      15.20|
Info:      90000 |    24843      65156 |  265   735 |     16621|       0.20      15.40|
Info:      91000 |    25087      65912 |  244   756 |     16327|       0.17      15.57|
Info:      92000 |    25339      66660 |  252   748 |     17119|       0.17      15.74|
Info:      93000 |    25578      67421 |  239   761 |     16590|       0.19      15.94|
Info:      94000 |    25805      68194 |  227   773 |     17245|       0.19      16.13|
Info:      95000 |    26008      68991 |  203   797 |     16533|       0.19      16.32|
Info:      96000 |    26259      69740 |  251   749 |     17359|       0.18      16.50|
Info:      97000 |    26411      70588 |  152   848 |     16996|       0.20      16.70|
Info:      98000 |    26595      71404 |  184   816 |     16430|       0.19      16.89|
Info:      99000 |    26837      72162 |  242   758 |     16994|       0.21      17.10|
Info:     100000 |    27106      72893 |  269   731 |     16489|       0.20      17.29|
Info:     101000 |    27393      73606 |  287   713 |     16431|       0.20      17.50|
Info:     102000 |    27678      74321 |  285   715 |     16576|       0.21      17.71|
Info:     103000 |    27976      75023 |  298   702 |     16404|       0.20      17.90|
Info:     104000 |    28172      75827 |  196   804 |     16765|       0.20      18.10|
Info:     105000 |    28392      76607 |  220   780 |     16772|       0.22      18.32|
Info:     106000 |    28635      77364 |  243   757 |     16272|       0.21      18.53|
Info:     107000 |    28906      78093 |  271   729 |     16044|       0.19      18.73|
Info:     108000 |    29170      78829 |  264   736 |     15758|       0.18      18.91|
Info:     109000 |    29464      79535 |  294   706 |     15585|       0.17      19.08|
Info:     110000 |    29802      80197 |  338   662 |     15261|       0.20      19.28|
Info:     111000 |    30122      80877 |  320   680 |     14638|       0.14      19.42|
Info:     112000 |    30432      81567 |  310   690 |     14718|       0.16      19.58|
Info:     113000 |    30710      82289 |  278   722 |     14089|       0.16      19.74|
Info:     114000 |    31027      82972 |  317   683 |     13763|       0.18      19.92|
Info:     115000 |    31314      83685 |  287   713 |     13220|       0.15      20.07|
Info:     116000 |    31668      84331 |  354   646 |     12832|       0.17      20.23|
Info:     117000 |    32071      84928 |  403   597 |     12443|       0.17      20.40|
Info:     118000 |    32435      85564 |  364   636 |     11874|       0.16      20.56|
Info:     119000 |    32834      86165 |  399   601 |     11514|       0.18      20.73|
Info:     120000 |    33193      86800 |  359   635 |     10968|       0.16      20.89|
Info:     121000 |    33512      87413 |  319   613 |     10370|       0.15      21.05|
Info:     122000 |    33727      88072 |  215   659 |      9768|       0.14      21.18|
Info:     123000 |    33964      88677 |  237   605 |      9163|       0.13      21.31|
Info:     124000 |    34233      89340 |  269   663 |      8986|       0.18      21.49|
Info:     125000 |    34404      89965 |  171   625 |      8241|       0.12      21.62|
Info:     126000 |    34592      90543 |  188   578 |      7484|       0.12      21.73|
Info:     127000 |    34712      91122 |  120   579 |      6615|       0.10      21.83|
Info:     128000 |    34865      91691 |  153   569 |      5783|       0.10      21.93|
Info:     129000 |    34965      92261 |  100   570 |      4885|       0.09      22.03|
Info:     130000 |    35066      92826 |  101   565 |      3992|       0.09      22.12|
Info:     131000 |    35188      93430 |  122   604 |      3145|       0.10      22.22|
Info:     132000 |    35286      94061 |   98   631 |      2247|       0.10      22.31|
Info:     133000 |    35362      94670 |   76   609 |      1330|       0.10      22.41|
Info:     134000 |    35435      94923 |   73   253 |       555|       0.12      22.54|
Info:     134661 |    35505      95078 |   70   155 |         0|       0.09      22.63|
Info: Routing complete.
Info: Router1 time 22.63s
Info: Checksum: 0xbe7b2bf7

Info: Critical path report for clock '$glbnet$clk1' (negedge -> posedge):
Info: curr total
Info:  0.5  0.5  Source count_col.outc_TRELLIS_FF_Q_5.Q
Info:  2.3  2.8    Net COL[0] (20,21) -> (5,39)
Info:                Sink rst_LUT4_D_3_B_LUT4_Z_1_B_L6MUX21_Z_1_D0_PFUMX_Z_BLUT_LUT4_Z.A
Info:                Defined in:
Info:                  /home/work/miniconda3/envs/digital/bin/../share/yosys/ecp5/cells_map.v:108.23-108.24
Info:  0.4  3.2  Source rst_LUT4_D_3_B_LUT4_Z_1_B_L6MUX21_Z_1_D0_PFUMX_Z_BLUT_LUT4_Z.OFX
Info:  0.0  3.2    Net rst_LUT4_D_3_B_LUT4_Z_1_B_L6MUX21_Z_1_D0 (5,39) -> (5,39)
Info:                Sink rst_LUT4_D_3_B_LUT4_Z_1_B_L6MUX21_Z_1_D1_PFUMX_Z_ALUT_LUT4_Z.FXA
Info:                Defined in:
Info:                  /home/work/miniconda3/envs/digital/bin/../share/yosys/ecp5/cells_map.v:141.34-141.36
Info:  0.2  3.5  Source rst_LUT4_D_3_B_LUT4_Z_1_B_L6MUX21_Z_1_D1_PFUMX_Z_ALUT_LUT4_Z.OFX
Info:  0.9  4.3    Net rst_LUT4_D_3_B_LUT4_Z_1_B[2] (5,39) -> (5,38)
Info:                Sink rst_LUT4_D_3_B_LUT4_Z_1.B
Info:                Defined in:
Info:                  /home/work/miniconda3/envs/digital/bin/../share/yosys/ecp5/cells_map.v:108.23-108.24
Info:  0.2  4.6  Source rst_LUT4_D_3_B_LUT4_Z_1.F
Info:  0.8  5.4    Net rst_LUT4_D_3_B[1] (5,38) -> (5,38)
Info:                Sink rst_LUT4_D_3_C_LUT4_Z.C
Info:                Defined in:
Info:                  /home/work/miniconda3/envs/digital/bin/../share/yosys/ecp5/cells_map.v:108.23-108.24
Info:  0.2  5.6  Source rst_LUT4_D_3_C_LUT4_Z.F
Info:  0.9  6.5    Net rst_LUT4_D_3_C[2] (5,38) -> (4,39)
Info:                Sink rst_LUT4_D_3.C
Info:                Defined in:
Info:                  /home/work/miniconda3/envs/digital/bin/../share/yosys/ecp5/cells_map.v:108.23-108.24
Info:  0.2  6.8  Source rst_LUT4_D_3.F
Info:  0.7  7.5    Net ctrl0.SHD_TRELLIS_FF_Q_DI_LUT4_Z_B[0] (4,39) -> (5,40)
Info:                Sink count_index.inc_TRELLIS_FF_Q_LSR_LUT4_Z.D
Info:                Defined in:
Info:                  /home/work/miniconda3/envs/digital/bin/../share/yosys/ecp5/cells_map.v:108.23-108.24
Info:  0.2  7.7  Source count_index.inc_TRELLIS_FF_Q_LSR_LUT4_Z.F
Info:  0.3  8.1    Net count_index.inc_TRELLIS_FF_Q_LSR (5,40) -> (5,40)
Info:                Sink count_index.inc_TRELLIS_FF_Q.LSR
Info:  0.4  8.5  Setup count_index.inc_TRELLIS_FF_Q.LSR
Info: 2.5 ns logic, 5.9 ns routing

Info: Critical path report for clock '$glbnet$clk$TRELLIS_IO_IN' (posedge -> posedge):
Info: curr total
Info:  0.5  0.5  Source clk_counter_TRELLIS_FF_Q_1.Q
Info:  0.9  1.4    Net clk_counter[3] (2,35) -> (2,34)
Info:                Sink clk1_TRELLIS_FF_Q_CE_PFUMX_Z_ALUT_LUT4_Z.C
Info:                Defined in:
Info:                  led_panel_4k.v:71.11-71.22
Info:  0.2  1.7  Source clk1_TRELLIS_FF_Q_CE_PFUMX_Z_ALUT_LUT4_Z.F
Info:  0.0  1.7    Net clk1_TRELLIS_FF_Q_CE_PFUMX_Z_ALUT (2,34) -> (2,34)
Info:                Sink clk1_TRELLIS_FF_Q_CE_PFUMX_Z_BLUT_LUT4_Z.F1
Info:                Defined in:
Info:                  /home/work/miniconda3/envs/digital/bin/../share/yosys/ecp5/cells_map.v:133.22-133.24
Info:  0.2  1.8  Source clk1_TRELLIS_FF_Q_CE_PFUMX_Z_BLUT_LUT4_Z.OFX
Info:  0.2  2.0    Net clk1_TRELLIS_FF_Q_CE[0] (2,34) -> (2,34)
Info:                Sink clk1_TRELLIS_FF_Q_CE_LUT4_C.C
Info:                Defined in:
Info:                  /home/work/miniconda3/envs/digital/bin/../share/yosys/ecp5/cells_map.v:108.23-108.24
Info:  0.2  2.3  Source clk1_TRELLIS_FF_Q_CE_LUT4_C.F
Info:  0.2  2.5    Net clk1_TRELLIS_FF_Q_CE_LUT4_C_Z (2,34) -> (2,35)
Info:                Sink clk_counter_TRELLIS_FF_Q_4.LSR
Info:  0.4  2.9  Setup clk_counter_TRELLIS_FF_Q_4.LSR
Info: 1.6 ns logic, 1.3 ns routing

Info: Critical path report for cross-domain path '<async>' -> 'posedge $glbnet$clk$TRELLIS_IO_IN':
Info: curr total
Info:  0.0  0.0  Source rst$tr_io.O
Info:  2.3  2.3    Net rst$TRELLIS_IO_IN (6,50) -> (2,34)
Info:                Sink clk1_TRELLIS_FF_Q_CE_LUT4_C.D
Info:                Defined in:
Info:                  /home/work/miniconda3/envs/digital/bin/../share/yosys/ecp5/cells_map.v:108.23-108.24
Info:  0.2  2.5  Source clk1_TRELLIS_FF_Q_CE_LUT4_C.F
Info:  0.2  2.7    Net clk1_TRELLIS_FF_Q_CE_LUT4_C_Z (2,34) -> (2,35)
Info:                Sink clk_counter_TRELLIS_FF_Q_4.LSR
Info:  0.4  3.1  Setup clk_counter_TRELLIS_FF_Q_4.LSR
Info: 0.7 ns logic, 2.5 ns routing

Info: Critical path report for cross-domain path '<async>' -> 'posedge $glbnet$clk1':
Info: curr total
Info:  0.0  0.0  Source rst$tr_io.O
Info:  2.0  2.0    Net rst$TRELLIS_IO_IN (6,50) -> (4,35)
Info:                Sink rst_LUT4_D_2.D
Info:                Defined in:
Info:                  /home/work/miniconda3/envs/digital/bin/../share/yosys/ecp5/cells_map.v:108.23-108.24
Info:  0.2  2.2  Source rst_LUT4_D_2.F
Info:  1.3  3.5    Net NOE_TRELLIS_FF_Q_LSR[1] (4,35) -> (2,42)
Info:                Sink count_index.reset_TRELLIS_FF_Q_LSR_LUT4_Z.D
Info:                Defined in:
Info:                  /home/work/miniconda3/envs/digital/bin/../share/yosys/ecp5/cells_map.v:108.23-108.24
Info:  0.2  3.7  Source count_index.reset_TRELLIS_FF_Q_LSR_LUT4_Z.F
Info:  0.3  4.0    Net count_index.reset_TRELLIS_FF_Q_LSR (2,42) -> (2,42)
Info:                Sink count_index.reset_TRELLIS_FF_Q.LSR
Info:  0.4  4.5  Setup count_index.reset_TRELLIS_FF_Q.LSR
Info: 0.9 ns logic, 3.6 ns routing

Info: Critical path report for cross-domain path '<async>' -> 'negedge $glbnet$clk1':
Info: curr total
Info:  0.0  0.0  Source I2$tr_io.O
Info:  2.8  2.8    Net I2$TRELLIS_IO_IN (9,0) -> (27,20)
Info:                Sink mem0.rdata_TRELLIS_FF_Q_22_DI_PFUMX_Z_BLUT_LUT4_Z_B_PFUMX_Z_C0_LUT4_Z.C
Info:                Defined in:
Info:                  /home/work/miniconda3/envs/digital/bin/../share/yosys/ecp5/cells_map.v:108.23-108.24
Info:  0.2  3.0  Source mem0.rdata_TRELLIS_FF_Q_22_DI_PFUMX_Z_BLUT_LUT4_Z_B_PFUMX_Z_C0_LUT4_Z.F
Info:  2.1  5.2    Net mem0.rdata_TRELLIS_FF_Q_19_DI_L6MUX21_Z_D0_PFUMX_Z_C0_LUT4_Z_B_PFUMX_Z_ALUT_LUT4_Z_B[4] (27,20) -> (6,17)
Info:                Sink mem0.rdata_TRELLIS_FF_Q_19_DI_L6MUX21_Z_D0_PFUMX_Z_C0_LUT4_Z_B_PFUMX_Z_BLUT_LUT4_Z.M
Info:                Defined in:
Info:                  /home/work/miniconda3/envs/digital/bin/../share/yosys/ecp5/cells_map.v:108.23-108.24
Info:  0.3  5.4  Source mem0.rdata_TRELLIS_FF_Q_19_DI_L6MUX21_Z_D0_PFUMX_Z_C0_LUT4_Z_B_PFUMX_Z_BLUT_LUT4_Z.OFX
Info:  0.8  6.3    Net mem0.rdata_TRELLIS_FF_Q_19_DI_L6MUX21_Z_D0_PFUMX_Z_C0_LUT4_Z_B[2] (6,17) -> (6,18)
Info:                Sink mem0.rdata_TRELLIS_FF_Q_19_DI_L6MUX21_Z_D0_PFUMX_Z_C0_LUT4_Z.D
Info:                Defined in:
Info:                  /home/work/miniconda3/envs/digital/bin/../share/yosys/ecp5/cells_map.v:108.23-108.24
Info:  0.2  6.5  Source mem0.rdata_TRELLIS_FF_Q_19_DI_L6MUX21_Z_D0_PFUMX_Z_C0_LUT4_Z.F
Info:  1.6  8.1    Net mem0.rdata_TRELLIS_FF_Q_19_DI_L6MUX21_Z_D0_PFUMX_Z_C0[4] (6,18) -> (22,18)
Info:                Sink mem0.rdata_TRELLIS_FF_Q_19_DI_L6MUX21_Z_D1_PFUMX_Z_BLUT_LUT4_Z.M
Info:                Defined in:
Info:                  /home/work/miniconda3/envs/digital/bin/../share/yosys/ecp5/cells_map.v:108.23-108.24
Info:  0.3  8.3  Source mem0.rdata_TRELLIS_FF_Q_19_DI_L6MUX21_Z_D1_PFUMX_Z_BLUT_LUT4_Z.OFX
Info:  0.0  8.3    Net mem0.rdata_TRELLIS_FF_Q_19_DI_L6MUX21_Z_D1 (22,18) -> (22,18)
Info:                Sink mem0.rdata_TRELLIS_FF_Q_19_DI_L6MUX21_Z_D1_PFUMX_Z_ALUT_LUT4_Z.FXB
Info:                Defined in:
Info:                  /home/work/miniconda3/envs/digital/bin/../share/yosys/ecp5/cells_map.v:141.38-141.40
Info:  0.2  8.6  Source mem0.rdata_TRELLIS_FF_Q_19_DI_L6MUX21_Z_D1_PFUMX_Z_ALUT_LUT4_Z.OFX
Info:  0.7  9.2    Net mem0.rdata_TRELLIS_FF_Q_19_DI (22,18) -> (22,17)
Info:                Sink mem0.rdata_TRELLIS_FF_Q_19.M
Info:                Defined in:
Info:                  led_panel_4k.v:100.72-100.154
Info:                  memory_V2.v:31.3-50.6
Info:  0.0  9.2  Setup mem0.rdata_TRELLIS_FF_Q_19.M
Info: 1.2 ns logic, 8.0 ns routing

Info: Critical path report for cross-domain path 'posedge $glbnet$clk$TRELLIS_IO_IN' -> '<async>':
Info: curr total
Info:  0.5  0.5  Source clk1_TRELLIS_FF_Q.Q
Info:  0.8  1.3    Net clk1 (2,34) -> (4,32)
Info:                Sink LP_CLK_LUT4_Z.C
Info:                Defined in:
Info:                  led_panel_4k.v:100.72-100.154
Info:                  memory_V2.v:5.25-5.28
Info:  0.2  1.5  Source LP_CLK_LUT4_Z.F
Info:  0.8  2.4    Net LP_CLK$TRELLIS_IO_OUT (4,32) -> (0,32)
Info:                Sink LP_CLK$tr_io.I
Info:                Defined in:
Info:                  led_panel_4k.v:6.19-6.25
Info: 0.8 ns logic, 1.6 ns routing

Info: Critical path report for cross-domain path 'posedge $glbnet$clk1' -> '<async>':
Info: curr total
Info:  0.5  0.5  Source count_col.inc_TRELLIS_FF_Q.Q
Info:  1.3  1.8    Net PX_CLK_EN (3,39) -> (4,32)
Info:                Sink LP_CLK_LUT4_Z.D
Info:                Defined in:
Info:                  led_panel_4k.v:30.10-30.17
Info:  0.2  2.1  Source LP_CLK_LUT4_Z.F
Info:  0.8  2.9    Net LP_CLK$TRELLIS_IO_OUT (4,32) -> (0,32)
Info:                Sink LP_CLK$tr_io.I
Info:                Defined in:
Info:                  led_panel_4k.v:6.19-6.25
Info: 0.8 ns logic, 2.1 ns routing

Info: Critical path report for cross-domain path 'negedge $glbnet$clk1' -> '<async>':
Info: curr total
Info:  0.5  0.5  Source count_index.outc_TRELLIS_FF_Q_1.Q
Info:  3.5  4.1    Net RGB0_LUT4_Z_1_D[2] (7,36) -> (30,17)
Info:                Sink RGB1_LUT4_Z_1_D_PFUMX_Z_ALUT_LUT4_Z.D
Info:                Defined in:
Info:                  led_panel_4k.v:101.28-101.84
Info:                  mux_led.v:3.22-3.25
Info:  0.2  4.3  Source RGB1_LUT4_Z_1_D_PFUMX_Z_ALUT_LUT4_Z.F
Info:  0.0  4.3    Net RGB1_LUT4_Z_1_D_PFUMX_Z_ALUT (30,17) -> (30,17)
Info:                Sink RGB1_LUT4_Z_1_D_PFUMX_Z_BLUT_LUT4_Z.F1
Info:                Defined in:
Info:                  /home/work/miniconda3/envs/digital/bin/../share/yosys/ecp5/cells_map.v:133.22-133.24
Info:  0.2  4.5  Source RGB1_LUT4_Z_1_D_PFUMX_Z_BLUT_LUT4_Z.OFX
Info:  1.3  5.8    Net RGB1_LUT4_Z_1_D[3] (30,17) -> (34,16)
Info:                Sink RGB1_LUT4_Z_1.D
Info:                Defined in:
Info:                  /home/work/miniconda3/envs/digital/bin/../share/yosys/ecp5/cells_map.v:108.23-108.24
Info:  0.2  6.1  Source RGB1_LUT4_Z_1.F
Info:  2.7  8.8    Net RGB1[1]$TRELLIS_IO_OUT (34,16) -> (72,17)
Info:                Sink RGB1[1]$tr_io.I
Info:                Defined in:
Info:                  led_panel_4k.v:101.28-101.84
Info:                  mux_led.v:4.22-4.26
Info: 1.2 ns logic, 7.6 ns routing

Info: Max frequency for clock              '$glbnet$clk1': 58.96 MHz (PASS at 12.00 MHz)
Info: Max frequency for clock '$glbnet$clk$TRELLIS_IO_IN': 347.10 MHz (PASS at 25.00 MHz)

Info: Max delay <async>                           -> posedge $glbnet$clk$TRELLIS_IO_IN: 3.13 ns
Info: Max delay <async>                           -> posedge $glbnet$clk1             : 4.47 ns
Info: Max delay <async>                           -> negedge $glbnet$clk1             : 9.22 ns
Info: Max delay posedge $glbnet$clk$TRELLIS_IO_IN -> <async>                          : 2.36 ns
Info: Max delay posedge $glbnet$clk1              -> <async>                          : 2.88 ns
Info: Max delay negedge $glbnet$clk1              -> <async>                          : 8.75 ns

1 warning, 0 errors

Info: Program finished normally.
