#! /usr/bin/env bash
exec /home/work/miniconda3/envs/digital/bin/vvp -f "$0" "$@" <<'# EOF'
:ivl_version "13.0 (devel)" "(0_8-6859-gf50cc35d2-dirty)";
:ivl_delay_selection "TYPICAL";
:vpi_time_precision - 12;
:vpi_module "/home/work/miniconda3/envs/digital/lib/ivl/system.vpi";
:vpi_module "/home/work/miniconda3/envs/digital/lib/ivl/vhdl_sys.vpi";
:vpi_module "/home/work/miniconda3/envs/digital/lib/ivl/vhdl_textio.vpi";
:vpi_module "/home/work/miniconda3/envs/digital/lib/ivl/v2005_math.vpi";
:vpi_module "/home/work/miniconda3/envs/digital/lib/ivl/va_math.vpi";
S_0x260ef0e0 .scope module, "peripheral_multi_TB" "peripheral_multi_TB" 2 4;
 .timescale -9 -12;
P_0x260a1330 .param/l "PERIOD" 0 2 25, +C4<00000000000000000000000000010100>;
v0x26129580_0 .var "addr", 4 0;
v0x26129660_0 .var "clk", 0 0;
v0x26129700_0 .var "cs", 0 0;
v0x261297a0_0 .var "d_in", 15 0;
v0x26129840_0 .net "d_out", 31 0, v0x26128db0_0;  1 drivers
v0x261298e0_0 .var "rd", 0 0;
v0x26129980_0 .var "reset", 0 0;
v0x26129a20_0 .var "wr", 0 0;
E_0x260edb70 .event anyedge, v0x26126450_0;
S_0x260ef2c0 .scope module, "uut" "peripheral_multi" 2 14, 3 1 0, S_0x260ef0e0;
 .timescale -9 -12;
    .port_info 0 /INPUT 1 "clk";
    .port_info 1 /INPUT 1 "reset";
    .port_info 2 /INPUT 16 "d_in";
    .port_info 3 /INPUT 1 "cs";
    .port_info 4 /INPUT 5 "addr";
    .port_info 5 /INPUT 1 "rd";
    .port_info 6 /INPUT 1 "wr";
    .port_info 7 /OUTPUT 32 "d_out";
v0x26128820_0 .var "A", 15 0;
v0x26128950_0 .var "B", 15 0;
v0x26128a60_0 .net "addr", 4 0, v0x26129580_0;  1 drivers
v0x26128b20_0 .net "clk", 0 0, v0x26129660_0;  1 drivers
v0x26128bc0_0 .net "cs", 0 0, v0x26129700_0;  1 drivers
v0x26128cd0_0 .net "d_in", 15 0, v0x261297a0_0;  1 drivers
v0x26128db0_0 .var "d_out", 31 0;
v0x26128e90_0 .net "done", 0 0, v0x26126450_0;  1 drivers
v0x26128f80_0 .var "init", 0 0;
v0x26129020_0 .net "rd", 0 0, v0x261298e0_0;  1 drivers
v0x261290e0_0 .net "reset", 0 0, v0x26129980_0;  1 drivers
v0x26129180_0 .net "result", 31 0, v0x260d2d00_0;  1 drivers
v0x26129290_0 .var "s", 4 0;
v0x26129370_0 .net "wr", 0 0, v0x26129a20_0;  1 drivers
E_0x260c4160/0 .event anyedge, v0x261255c0_0, v0x26128bc0_0, v0x26129020_0, v0x26129290_0;
E_0x260c4160/1 .event anyedge, v0x260d2d00_0, v0x26126450_0;
E_0x260c4160 .event/or E_0x260c4160/0, E_0x260c4160/1;
E_0x260a0cf0 .event anyedge, v0x26128bc0_0, v0x26128a60_0;
S_0x260f09c0 .scope module, "multi0" "multi" 3 63, 4 1 0, S_0x260ef2c0;
 .timescale -9 -12;
    .port_info 0 /INPUT 1 "clk";
    .port_info 1 /INPUT 1 "rst";
    .port_info 2 /INPUT 1 "start";
    .port_info 3 /INPUT 16 "md";
    .port_info 4 /INPUT 16 "mr";
    .port_info 5 /OUTPUT 32 "pp";
    .port_info 6 /OUTPUT 1 "done";
v0x26127dd0_0 .net "clk", 0 0, v0x26129660_0;  alias, 1 drivers
v0x26127e90_0 .net "done", 0 0, v0x26126450_0;  alias, 1 drivers
v0x26127f50_0 .net "md", 15 0, v0x26128820_0;  1 drivers
v0x26127ff0_0 .net "mr", 15 0, v0x26128950_0;  1 drivers
v0x261280c0_0 .net "pp", 31 0, v0x260d2d00_0;  alias, 1 drivers
v0x26128160_0 .net "rst", 0 0, v0x26129980_0;  alias, 1 drivers
v0x26128200_0 .net "start", 0 0, v0x26128f80_0;  1 drivers
v0x261282d0_0 .net "w_A", 31 0, v0x26126f70_0;  1 drivers
v0x261283c0_0 .net "w_B", 15 0, v0x26127800_0;  1 drivers
v0x26128460_0 .net "w_add", 0 0, v0x26126220_0;  1 drivers
v0x26128550_0 .net "w_load", 0 0, v0x261264f0_0;  1 drivers
v0x261285f0_0 .net "w_sh", 0 0, v0x261267b0_0;  1 drivers
v0x26128690_0 .net "w_z", 0 0, v0x26125b70_0;  1 drivers
L_0x26129ac0 .part v0x26127800_0, 0, 1;
S_0x260f0ba0 .scope module, "ac" "ac" 4 22, 5 1 0, S_0x260f09c0;
 .timescale -9 -12;
    .port_info 0 /INPUT 1 "rst";
    .port_info 1 /INPUT 1 "clk";
    .port_info 2 /INPUT 32 "a_in";
    .port_info 3 /INPUT 1 "add";
    .port_info 4 /OUTPUT 32 "pp";
v0x26105400_0 .net "a_in", 31 0, v0x26126f70_0;  alias, 1 drivers
v0x261054a0_0 .net "add", 0 0, v0x26126220_0;  alias, 1 drivers
v0x260d7c50_0 .net "clk", 0 0, v0x26129660_0;  alias, 1 drivers
v0x260d2d00_0 .var "pp", 31 0;
v0x261255c0_0 .net "rst", 0 0, v0x26129980_0;  alias, 1 drivers
E_0x261007f0/0 .event negedge, v0x260d7c50_0;
E_0x261007f0/1 .event posedge, v0x261255c0_0;
E_0x261007f0 .event/or E_0x261007f0/0, E_0x261007f0/1;
S_0x26125770 .scope module, "comp" "comp" 4 23, 6 1 0, S_0x260f09c0;
 .timescale -9 -12;
    .port_info 0 /INPUT 1 "rst";
    .port_info 1 /INPUT 16 "b_in";
    .port_info 2 /OUTPUT 1 "z";
v0x261259b0_0 .net "b_in", 15 0, v0x26127800_0;  alias, 1 drivers
v0x26125ab0_0 .net "rst", 0 0, v0x26129980_0;  alias, 1 drivers
v0x26125b70_0 .var "z", 0 0;
E_0x260d5120 .event anyedge, v0x261255c0_0, v0x261259b0_0;
S_0x26125c50 .scope module, "ctrl" "ctrl" 4 19, 7 1 0, S_0x260f09c0;
 .timescale -9 -12;
    .port_info 0 /INPUT 1 "rst";
    .port_info 1 /INPUT 1 "clk";
    .port_info 2 /INPUT 1 "start";
    .port_info 3 /INPUT 1 "lsbb";
    .port_info 4 /INPUT 1 "z";
    .port_info 5 /OUTPUT 1 "load";
    .port_info 6 /OUTPUT 1 "sh";
    .port_info 7 /OUTPUT 1 "add";
    .port_info 8 /OUTPUT 1 "done";
P_0x26125e30 .param/l "ADD" 0 7 16, C4<010>;
P_0x26125e70 .param/l "CHECK" 0 7 15, C4<001>;
P_0x26125eb0 .param/l "END1" 0 7 18, C4<100>;
P_0x26125ef0 .param/l "SHIFT" 0 7 17, C4<011>;
P_0x26125f30 .param/l "START" 0 7 14, C4<000>;
v0x26126220_0 .var "add", 0 0;
v0x261262e0_0 .net "clk", 0 0, v0x26129660_0;  alias, 1 drivers
v0x26126380_0 .var "count", 3 0;
v0x26126450_0 .var "done", 0 0;
v0x261264f0_0 .var "load", 0 0;
v0x26126600_0 .net "lsbb", 0 0, L_0x26129ac0;  1 drivers
v0x261266c0_0 .net "rst", 0 0, v0x26129980_0;  alias, 1 drivers
v0x261267b0_0 .var "sh", 0 0;
v0x26126870_0 .net "start", 0 0, v0x26128f80_0;  alias, 1 drivers
v0x26126930_0 .var "state", 2 0;
v0x26126a10_0 .var "state_name", 320 1;
v0x26126af0_0 .net "z", 0 0, v0x26125b70_0;  alias, 1 drivers
E_0x260d9c30 .event anyedge, v0x26126930_0;
E_0x26108690 .event posedge, v0x261255c0_0, v0x260d7c50_0;
S_0x26126c90 .scope module, "lsh" "lsh" 4 20, 8 1 0, S_0x260f09c0;
 .timescale -9 -12;
    .port_info 0 /INPUT 1 "rst";
    .port_info 1 /INPUT 1 "clk";
    .port_info 2 /INPUT 1 "load";
    .port_info 3 /INPUT 16 "md";
    .port_info 4 /INPUT 1 "sh";
    .port_info 5 /OUTPUT 32 "a_out";
v0x26126f70_0 .var "a_out", 31 0;
v0x26127050_0 .net "clk", 0 0, v0x26129660_0;  alias, 1 drivers
v0x26127140_0 .net "load", 0 0, v0x261264f0_0;  alias, 1 drivers
v0x26127210_0 .net "md", 15 0, v0x26128820_0;  alias, 1 drivers
v0x261272b0_0 .net "rst", 0 0, v0x26129980_0;  alias, 1 drivers
v0x261273a0_0 .net "sh", 0 0, v0x261267b0_0;  alias, 1 drivers
E_0x26126ef0 .event negedge, v0x260d7c50_0;
S_0x26127500 .scope module, "rsh" "rsh" 4 21, 9 1 0, S_0x260f09c0;
 .timescale -9 -12;
    .port_info 0 /INPUT 1 "rst";
    .port_info 1 /INPUT 1 "clk";
    .port_info 2 /INPUT 1 "load";
    .port_info 3 /INPUT 16 "mr";
    .port_info 4 /INPUT 1 "sh";
    .port_info 5 /OUTPUT 16 "b_out";
v0x26127800_0 .var "b_out", 15 0;
v0x261278e0_0 .net "clk", 0 0, v0x26129660_0;  alias, 1 drivers
v0x26127980_0 .net "load", 0 0, v0x261264f0_0;  alias, 1 drivers
v0x26127aa0_0 .net "mr", 15 0, v0x26128950_0;  alias, 1 drivers
v0x26127b40_0 .net "rst", 0 0, v0x26129980_0;  alias, 1 drivers
v0x26127c30_0 .net "sh", 0 0, v0x261267b0_0;  alias, 1 drivers
    .scope S_0x26125c50;
T_0 ;
    %wait E_0x26108690;
    %load/vec4 v0x261266c0_0;
    %flag_set/vec4 8;
    %jmp/0xz  T_0.0, 8;
    %pushi/vec4 0, 0, 3;
    %assign/vec4 v0x26126930_0, 0;
    %pushi/vec4 0, 0, 4;
    %assign/vec4 v0x26126380_0, 0;
    %jmp T_0.1;
T_0.0 ;
    %load/vec4 v0x26126930_0;
    %dup/vec4;
    %pushi/vec4 0, 0, 3;
    %cmp/u;
    %jmp/1 T_0.2, 6;
    %dup/vec4;
    %pushi/vec4 1, 0, 3;
    %cmp/u;
    %jmp/1 T_0.3, 6;
    %dup/vec4;
    %pushi/vec4 2, 0, 3;
    %cmp/u;
    %jmp/1 T_0.4, 6;
    %dup/vec4;
    %pushi/vec4 3, 0, 3;
    %cmp/u;
    %jmp/1 T_0.5, 6;
    %dup/vec4;
    %pushi/vec4 4, 0, 3;
    %cmp/u;
    %jmp/1 T_0.6, 6;
    %pushi/vec4 0, 0, 3;
    %assign/vec4 v0x26126930_0, 0;
    %jmp T_0.8;
T_0.2 ;
    %load/vec4 v0x26126870_0;
    %flag_set/vec4 8;
    %jmp/0xz  T_0.9, 8;
    %pushi/vec4 1, 0, 3;
    %assign/vec4 v0x26126930_0, 0;
    %jmp T_0.10;
T_0.9 ;
    %pushi/vec4 0, 0, 3;
    %assign/vec4 v0x26126930_0, 0;
T_0.10 ;
    %jmp T_0.8;
T_0.3 ;
    %load/vec4 v0x26126600_0;
    %flag_set/vec4 8;
    %jmp/0xz  T_0.11, 8;
    %pushi/vec4 2, 0, 3;
    %assign/vec4 v0x26126930_0, 0;
    %jmp T_0.12;
T_0.11 ;
    %pushi/vec4 3, 0, 3;
    %assign/vec4 v0x26126930_0, 0;
T_0.12 ;
    %jmp T_0.8;
T_0.4 ;
    %pushi/vec4 3, 0, 3;
    %assign/vec4 v0x26126930_0, 0;
    %jmp T_0.8;
T_0.5 ;
    %load/vec4 v0x26126af0_0;
    %flag_set/vec4 8;
    %jmp/0xz  T_0.13, 8;
    %pushi/vec4 4, 0, 3;
    %assign/vec4 v0x26126930_0, 0;
    %jmp T_0.14;
T_0.13 ;
    %pushi/vec4 1, 0, 3;
    %assign/vec4 v0x26126930_0, 0;
T_0.14 ;
    %jmp T_0.8;
T_0.6 ;
    %load/vec4 v0x26126380_0;
    %addi 1, 0, 4;
    %assign/vec4 v0x26126380_0, 0;
    %load/vec4 v0x26126380_0;
    %pad/u 32;
    %cmpi/u 9, 0, 32;
    %flag_or 5, 4; GT is !LE
    %flag_inv 5;
    %jmp/0xz  T_0.15, 5;
    %pushi/vec4 0, 0, 3;
    %assign/vec4 v0x26126930_0, 0;
    %pushi/vec4 0, 0, 4;
    %assign/vec4 v0x26126380_0, 0;
    %jmp T_0.16;
T_0.15 ;
    %pushi/vec4 4, 0, 3;
    %assign/vec4 v0x26126930_0, 0;
T_0.16 ;
    %jmp T_0.8;
T_0.8 ;
    %pop/vec4 1;
T_0.1 ;
    %jmp T_0;
    .thread T_0;
    .scope S_0x26125c50;
T_1 ;
    %wait E_0x260d9c30;
    %load/vec4 v0x26126930_0;
    %dup/vec4;
    %pushi/vec4 0, 0, 3;
    %cmp/u;
    %jmp/1 T_1.0, 6;
    %dup/vec4;
    %pushi/vec4 1, 0, 3;
    %cmp/u;
    %jmp/1 T_1.1, 6;
    %dup/vec4;
    %pushi/vec4 2, 0, 3;
    %cmp/u;
    %jmp/1 T_1.2, 6;
    %dup/vec4;
    %pushi/vec4 3, 0, 3;
    %cmp/u;
    %jmp/1 T_1.3, 6;
    %dup/vec4;
    %pushi/vec4 4, 0, 3;
    %cmp/u;
    %jmp/1 T_1.4, 6;
    %pushi/vec4 0, 0, 1;
    %store/vec4 v0x261264f0_0, 0, 1;
    %pushi/vec4 0, 0, 1;
    %store/vec4 v0x261267b0_0, 0, 1;
    %pushi/vec4 0, 0, 1;
    %store/vec4 v0x26126220_0, 0, 1;
    %pushi/vec4 0, 0, 1;
    %store/vec4 v0x26126450_0, 0, 1;
    %jmp T_1.6;
T_1.0 ;
    %pushi/vec4 1, 0, 1;
    %store/vec4 v0x261264f0_0, 0, 1;
    %pushi/vec4 0, 0, 1;
    %store/vec4 v0x261267b0_0, 0, 1;
    %pushi/vec4 0, 0, 1;
    %store/vec4 v0x26126220_0, 0, 1;
    %pushi/vec4 0, 0, 1;
    %store/vec4 v0x26126450_0, 0, 1;
    %jmp T_1.6;
T_1.1 ;
    %pushi/vec4 0, 0, 1;
    %store/vec4 v0x261264f0_0, 0, 1;
    %pushi/vec4 0, 0, 1;
    %store/vec4 v0x261267b0_0, 0, 1;
    %pushi/vec4 0, 0, 1;
    %store/vec4 v0x26126220_0, 0, 1;
    %pushi/vec4 0, 0, 1;
    %store/vec4 v0x26126450_0, 0, 1;
    %jmp T_1.6;
T_1.2 ;
    %pushi/vec4 0, 0, 1;
    %store/vec4 v0x261264f0_0, 0, 1;
    %pushi/vec4 0, 0, 1;
    %store/vec4 v0x261267b0_0, 0, 1;
    %pushi/vec4 1, 0, 1;
    %store/vec4 v0x26126220_0, 0, 1;
    %pushi/vec4 0, 0, 1;
    %store/vec4 v0x26126450_0, 0, 1;
    %jmp T_1.6;
T_1.3 ;
    %pushi/vec4 0, 0, 1;
    %store/vec4 v0x261264f0_0, 0, 1;
    %pushi/vec4 1, 0, 1;
    %store/vec4 v0x261267b0_0, 0, 1;
    %pushi/vec4 0, 0, 1;
    %store/vec4 v0x26126220_0, 0, 1;
    %pushi/vec4 0, 0, 1;
    %store/vec4 v0x26126450_0, 0, 1;
    %jmp T_1.6;
T_1.4 ;
    %pushi/vec4 0, 0, 1;
    %store/vec4 v0x261264f0_0, 0, 1;
    %pushi/vec4 0, 0, 1;
    %store/vec4 v0x261267b0_0, 0, 1;
    %pushi/vec4 0, 0, 1;
    %store/vec4 v0x26126220_0, 0, 1;
    %pushi/vec4 1, 0, 1;
    %store/vec4 v0x26126450_0, 0, 1;
    %jmp T_1.6;
T_1.6 ;
    %pop/vec4 1;
    %jmp T_1;
    .thread T_1, $push;
    .scope S_0x26125c50;
T_2 ;
    %wait E_0x260d9c30;
    %load/vec4 v0x26126930_0;
    %dup/vec4;
    %pushi/vec4 0, 0, 3;
    %cmp/u;
    %jmp/1 T_2.0, 6;
    %dup/vec4;
    %pushi/vec4 1, 0, 3;
    %cmp/u;
    %jmp/1 T_2.1, 6;
    %dup/vec4;
    %pushi/vec4 2, 0, 3;
    %cmp/u;
    %jmp/1 T_2.2, 6;
    %dup/vec4;
    %pushi/vec4 3, 0, 3;
    %cmp/u;
    %jmp/1 T_2.3, 6;
    %dup/vec4;
    %pushi/vec4 4, 0, 3;
    %cmp/u;
    %jmp/1 T_2.4, 6;
    %jmp T_2.5;
T_2.0 ;
    %pushi/vec4 0, 0, 32; draw_string_vec4
    %pushi/vec4 0, 0, 32; draw_string_vec4
    %concat/vec4; draw_string_vec4
    %pushi/vec4 0, 0, 32; draw_string_vec4
    %concat/vec4; draw_string_vec4
    %pushi/vec4 0, 0, 32; draw_string_vec4
    %concat/vec4; draw_string_vec4
    %pushi/vec4 0, 0, 32; draw_string_vec4
    %concat/vec4; draw_string_vec4
    %pushi/vec4 0, 0, 32; draw_string_vec4
    %concat/vec4; draw_string_vec4
    %pushi/vec4 0, 0, 32; draw_string_vec4
    %concat/vec4; draw_string_vec4
    %pushi/vec4 0, 0, 32; draw_string_vec4
    %concat/vec4; draw_string_vec4
    %pushi/vec4 83, 0, 32; draw_string_vec4
    %concat/vec4; draw_string_vec4
    %pushi/vec4 1413567060, 0, 32; draw_string_vec4
    %concat/vec4; draw_string_vec4
    %store/vec4 v0x26126a10_0, 0, 320;
    %jmp T_2.5;
T_2.1 ;
    %pushi/vec4 0, 0, 32; draw_string_vec4
    %pushi/vec4 0, 0, 32; draw_string_vec4
    %concat/vec4; draw_string_vec4
    %pushi/vec4 0, 0, 32; draw_string_vec4
    %concat/vec4; draw_string_vec4
    %pushi/vec4 0, 0, 32; draw_string_vec4
    %concat/vec4; draw_string_vec4
    %pushi/vec4 0, 0, 32; draw_string_vec4
    %concat/vec4; draw_string_vec4
    %pushi/vec4 0, 0, 32; draw_string_vec4
    %concat/vec4; draw_string_vec4
    %pushi/vec4 0, 0, 32; draw_string_vec4
    %concat/vec4; draw_string_vec4
    %pushi/vec4 0, 0, 32; draw_string_vec4
    %concat/vec4; draw_string_vec4
    %pushi/vec4 67, 0, 32; draw_string_vec4
    %concat/vec4; draw_string_vec4
    %pushi/vec4 1212498763, 0, 32; draw_string_vec4
    %concat/vec4; draw_string_vec4
    %store/vec4 v0x26126a10_0, 0, 320;
    %jmp T_2.5;
T_2.2 ;
    %pushi/vec4 0, 0, 32; draw_string_vec4
    %pushi/vec4 0, 0, 32; draw_string_vec4
    %concat/vec4; draw_string_vec4
    %pushi/vec4 0, 0, 32; draw_string_vec4
    %concat/vec4; draw_string_vec4
    %pushi/vec4 0, 0, 32; draw_string_vec4
    %concat/vec4; draw_string_vec4
    %pushi/vec4 0, 0, 32; draw_string_vec4
    %concat/vec4; draw_string_vec4
    %pushi/vec4 0, 0, 32; draw_string_vec4
    %concat/vec4; draw_string_vec4
    %pushi/vec4 0, 0, 32; draw_string_vec4
    %concat/vec4; draw_string_vec4
    %pushi/vec4 0, 0, 32; draw_string_vec4
    %concat/vec4; draw_string_vec4
    %pushi/vec4 0, 0, 32; draw_string_vec4
    %concat/vec4; draw_string_vec4
    %pushi/vec4 4277316, 0, 32; draw_string_vec4
    %concat/vec4; draw_string_vec4
    %store/vec4 v0x26126a10_0, 0, 320;
    %jmp T_2.5;
T_2.3 ;
    %pushi/vec4 0, 0, 32; draw_string_vec4
    %pushi/vec4 0, 0, 32; draw_string_vec4
    %concat/vec4; draw_string_vec4
    %pushi/vec4 0, 0, 32; draw_string_vec4
    %concat/vec4; draw_string_vec4
    %pushi/vec4 0, 0, 32; draw_string_vec4
    %concat/vec4; draw_string_vec4
    %pushi/vec4 0, 0, 32; draw_string_vec4
    %concat/vec4; draw_string_vec4
    %pushi/vec4 0, 0, 32; draw_string_vec4
    %concat/vec4; draw_string_vec4
    %pushi/vec4 0, 0, 32; draw_string_vec4
    %concat/vec4; draw_string_vec4
    %pushi/vec4 0, 0, 32; draw_string_vec4
    %concat/vec4; draw_string_vec4
    %pushi/vec4 83, 0, 32; draw_string_vec4
    %concat/vec4; draw_string_vec4
    %pushi/vec4 1212761684, 0, 32; draw_string_vec4
    %concat/vec4; draw_string_vec4
    %store/vec4 v0x26126a10_0, 0, 320;
    %jmp T_2.5;
T_2.4 ;
    %pushi/vec4 0, 0, 32; draw_string_vec4
    %pushi/vec4 0, 0, 32; draw_string_vec4
    %concat/vec4; draw_string_vec4
    %pushi/vec4 0, 0, 32; draw_string_vec4
    %concat/vec4; draw_string_vec4
    %pushi/vec4 0, 0, 32; draw_string_vec4
    %concat/vec4; draw_string_vec4
    %pushi/vec4 0, 0, 32; draw_string_vec4
    %concat/vec4; draw_string_vec4
    %pushi/vec4 0, 0, 32; draw_string_vec4
    %concat/vec4; draw_string_vec4
    %pushi/vec4 0, 0, 32; draw_string_vec4
    %concat/vec4; draw_string_vec4
    %pushi/vec4 0, 0, 32; draw_string_vec4
    %concat/vec4; draw_string_vec4
    %pushi/vec4 0, 0, 32; draw_string_vec4
    %concat/vec4; draw_string_vec4
    %pushi/vec4 1162757169, 0, 32; draw_string_vec4
    %concat/vec4; draw_string_vec4
    %store/vec4 v0x26126a10_0, 0, 320;
    %jmp T_2.5;
T_2.5 ;
    %pop/vec4 1;
    %jmp T_2;
    .thread T_2, $push;
    .scope S_0x26126c90;
T_3 ;
    %wait E_0x26126ef0;
    %load/vec4 v0x261272b0_0;
    %flag_set/vec4 8;
    %jmp/0xz  T_3.0, 8;
    %pushi/vec4 0, 0, 32;
    %store/vec4 v0x26126f70_0, 0, 32;
    %jmp T_3.1;
T_3.0 ;
    %load/vec4 v0x26127140_0;
    %flag_set/vec4 8;
    %jmp/0xz  T_3.2, 8;
    %load/vec4 v0x26127210_0;
    %pad/u 32;
    %store/vec4 v0x26126f70_0, 0, 32;
    %jmp T_3.3;
T_3.2 ;
    %load/vec4 v0x261273a0_0;
    %flag_set/vec4 8;
    %jmp/0xz  T_3.4, 8;
    %load/vec4 v0x26126f70_0;
    %ix/load 4, 1, 0;
    %flag_set/imm 4, 0;
    %shiftl 4;
    %store/vec4 v0x26126f70_0, 0, 32;
    %jmp T_3.5;
T_3.4 ;
    %load/vec4 v0x26126f70_0;
    %store/vec4 v0x26126f70_0, 0, 32;
T_3.5 ;
T_3.3 ;
T_3.1 ;
    %jmp T_3;
    .thread T_3;
    .scope S_0x26127500;
T_4 ;
    %wait E_0x26126ef0;
    %load/vec4 v0x26127b40_0;
    %flag_set/vec4 8;
    %jmp/0xz  T_4.0, 8;
    %pushi/vec4 0, 0, 16;
    %store/vec4 v0x26127800_0, 0, 16;
    %jmp T_4.1;
T_4.0 ;
    %load/vec4 v0x26127980_0;
    %flag_set/vec4 8;
    %jmp/0xz  T_4.2, 8;
    %load/vec4 v0x26127aa0_0;
    %store/vec4 v0x26127800_0, 0, 16;
    %jmp T_4.3;
T_4.2 ;
    %load/vec4 v0x26127c30_0;
    %flag_set/vec4 8;
    %jmp/0xz  T_4.4, 8;
    %load/vec4 v0x26127800_0;
    %ix/load 4, 1, 0;
    %flag_set/imm 4, 0;
    %shiftr 4;
    %store/vec4 v0x26127800_0, 0, 16;
    %jmp T_4.5;
T_4.4 ;
    %load/vec4 v0x26127800_0;
    %store/vec4 v0x26127800_0, 0, 16;
T_4.5 ;
T_4.3 ;
T_4.1 ;
    %jmp T_4;
    .thread T_4;
    .scope S_0x260f0ba0;
T_5 ;
    %wait E_0x261007f0;
    %load/vec4 v0x261255c0_0;
    %flag_set/vec4 8;
    %jmp/0xz  T_5.0, 8;
    %pushi/vec4 0, 0, 32;
    %assign/vec4 v0x260d2d00_0, 0;
    %jmp T_5.1;
T_5.0 ;
    %load/vec4 v0x261054a0_0;
    %flag_set/vec4 8;
    %jmp/0xz  T_5.2, 8;
    %load/vec4 v0x260d2d00_0;
    %load/vec4 v0x26105400_0;
    %add;
    %assign/vec4 v0x260d2d00_0, 0;
    %jmp T_5.3;
T_5.2 ;
    %load/vec4 v0x260d2d00_0;
    %assign/vec4 v0x260d2d00_0, 0;
T_5.3 ;
T_5.1 ;
    %jmp T_5;
    .thread T_5;
    .scope S_0x26125770;
T_6 ;
    %wait E_0x260d5120;
    %load/vec4 v0x26125ab0_0;
    %flag_set/vec4 8;
    %jmp/0xz  T_6.0, 8;
    %pushi/vec4 0, 0, 1;
    %store/vec4 v0x26125b70_0, 0, 1;
    %jmp T_6.1;
T_6.0 ;
    %load/vec4 v0x261259b0_0;
    %pad/u 32;
    %cmpi/e 0, 0, 32;
    %flag_mov 8, 4;
    %jmp/0 T_6.2, 8;
    %pushi/vec4 1, 0, 1;
    %jmp/1 T_6.3, 8;
T_6.2 ; End of true expr.
    %pushi/vec4 0, 0, 1;
    %jmp/0 T_6.3, 8;
 ; End of false expr.
    %blend;
T_6.3;
    %store/vec4 v0x26125b70_0, 0, 1;
T_6.1 ;
    %jmp T_6;
    .thread T_6, $push;
    .scope S_0x260ef2c0;
T_7 ;
    %wait E_0x260a0cf0;
    %load/vec4 v0x26128bc0_0;
    %flag_set/vec4 8;
    %jmp/0xz  T_7.0, 8;
    %load/vec4 v0x26128a60_0;
    %dup/vec4;
    %pushi/vec4 4, 0, 5;
    %cmp/u;
    %jmp/1 T_7.2, 6;
    %dup/vec4;
    %pushi/vec4 8, 0, 5;
    %cmp/u;
    %jmp/1 T_7.3, 6;
    %dup/vec4;
    %pushi/vec4 12, 0, 5;
    %cmp/u;
    %jmp/1 T_7.4, 6;
    %dup/vec4;
    %pushi/vec4 16, 0, 5;
    %cmp/u;
    %jmp/1 T_7.5, 6;
    %dup/vec4;
    %pushi/vec4 20, 0, 5;
    %cmp/u;
    %jmp/1 T_7.6, 6;
    %pushi/vec4 0, 0, 5;
    %store/vec4 v0x26129290_0, 0, 5;
    %jmp T_7.8;
T_7.2 ;
    %pushi/vec4 1, 0, 5;
    %store/vec4 v0x26129290_0, 0, 5;
    %jmp T_7.8;
T_7.3 ;
    %pushi/vec4 2, 0, 5;
    %store/vec4 v0x26129290_0, 0, 5;
    %jmp T_7.8;
T_7.4 ;
    %pushi/vec4 4, 0, 5;
    %store/vec4 v0x26129290_0, 0, 5;
    %jmp T_7.8;
T_7.5 ;
    %pushi/vec4 8, 0, 5;
    %store/vec4 v0x26129290_0, 0, 5;
    %jmp T_7.8;
T_7.6 ;
    %pushi/vec4 16, 0, 5;
    %store/vec4 v0x26129290_0, 0, 5;
    %jmp T_7.8;
T_7.8 ;
    %pop/vec4 1;
    %jmp T_7.1;
T_7.0 ;
    %pushi/vec4 0, 0, 5;
    %store/vec4 v0x26129290_0, 0, 5;
T_7.1 ;
    %jmp T_7;
    .thread T_7, $push;
    .scope S_0x260ef2c0;
T_8 ;
    %wait E_0x26108690;
    %load/vec4 v0x261290e0_0;
    %flag_set/vec4 8;
    %jmp/0xz  T_8.0, 8;
    %pushi/vec4 0, 0, 1;
    %assign/vec4 v0x26128f80_0, 0;
    %pushi/vec4 0, 0, 16;
    %assign/vec4 v0x26128820_0, 0;
    %pushi/vec4 0, 0, 16;
    %assign/vec4 v0x26128950_0, 0;
    %jmp T_8.1;
T_8.0 ;
    %load/vec4 v0x26128bc0_0;
    %flag_set/vec4 9;
    %flag_get/vec4 9;
    %jmp/0 T_8.4, 9;
    %load/vec4 v0x26129370_0;
    %and;
T_8.4;
    %flag_set/vec4 8;
    %jmp/0xz  T_8.2, 8;
    %load/vec4 v0x26129290_0;
    %parti/s 1, 0, 2;
    %flag_set/vec4 8;
    %jmp/0 T_8.5, 8;
    %load/vec4 v0x26128cd0_0;
    %jmp/1 T_8.6, 8;
T_8.5 ; End of true expr.
    %load/vec4 v0x26128820_0;
    %jmp/0 T_8.6, 8;
 ; End of false expr.
    %blend;
T_8.6;
    %assign/vec4 v0x26128820_0, 0;
    %load/vec4 v0x26129290_0;
    %parti/s 1, 1, 2;
    %flag_set/vec4 8;
    %jmp/0 T_8.7, 8;
    %load/vec4 v0x26128cd0_0;
    %jmp/1 T_8.8, 8;
T_8.7 ; End of true expr.
    %load/vec4 v0x26128950_0;
    %jmp/0 T_8.8, 8;
 ; End of false expr.
    %blend;
T_8.8;
    %assign/vec4 v0x26128950_0, 0;
    %load/vec4 v0x26129290_0;
    %parti/s 1, 2, 3;
    %flag_set/vec4 8;
    %jmp/0 T_8.9, 8;
    %load/vec4 v0x26128cd0_0;
    %parti/s 1, 0, 2;
    %jmp/1 T_8.10, 8;
T_8.9 ; End of true expr.
    %load/vec4 v0x26128f80_0;
    %jmp/0 T_8.10, 8;
 ; End of false expr.
    %blend;
T_8.10;
    %assign/vec4 v0x26128f80_0, 0;
T_8.2 ;
T_8.1 ;
    %jmp T_8;
    .thread T_8;
    .scope S_0x260ef2c0;
T_9 ;
    %wait E_0x260c4160;
    %load/vec4 v0x261290e0_0;
    %flag_set/vec4 8;
    %jmp/0xz  T_9.0, 8;
    %pushi/vec4 0, 0, 32;
    %store/vec4 v0x26128db0_0, 0, 32;
    %jmp T_9.1;
T_9.0 ;
    %load/vec4 v0x26128bc0_0;
    %flag_set/vec4 9;
    %flag_get/vec4 9;
    %jmp/0 T_9.4, 9;
    %load/vec4 v0x26129020_0;
    %and;
T_9.4;
    %flag_set/vec4 8;
    %jmp/0xz  T_9.2, 8;
    %load/vec4 v0x26129290_0;
    %dup/vec4;
    %pushi/vec4 8, 0, 5;
    %cmp/u;
    %jmp/1 T_9.5, 6;
    %dup/vec4;
    %pushi/vec4 16, 0, 5;
    %cmp/u;
    %jmp/1 T_9.6, 6;
    %pushi/vec4 0, 0, 32;
    %store/vec4 v0x26128db0_0, 0, 32;
    %jmp T_9.8;
T_9.5 ;
    %load/vec4 v0x26129180_0;
    %store/vec4 v0x26128db0_0, 0, 32;
    %jmp T_9.8;
T_9.6 ;
    %pushi/vec4 0, 0, 31;
    %load/vec4 v0x26128e90_0;
    %concat/vec4; draw_concat_vec4
    %store/vec4 v0x26128db0_0, 0, 32;
    %jmp T_9.8;
T_9.8 ;
    %pop/vec4 1;
    %jmp T_9.3;
T_9.2 ;
    %pushi/vec4 0, 0, 32;
    %store/vec4 v0x26128db0_0, 0, 32;
T_9.3 ;
T_9.1 ;
    %jmp T_9;
    .thread T_9, $push;
    .scope S_0x260ef0e0;
T_10 ;
    %pushi/vec4 0, 0, 1;
    %store/vec4 v0x26129660_0, 0, 1;
    %pushi/vec4 1, 0, 1;
    %store/vec4 v0x26129980_0, 0, 1;
    %pushi/vec4 0, 0, 16;
    %store/vec4 v0x261297a0_0, 0, 16;
    %pushi/vec4 0, 0, 5;
    %store/vec4 v0x26129580_0, 0, 5;
    %pushi/vec4 0, 0, 1;
    %store/vec4 v0x26129700_0, 0, 1;
    %pushi/vec4 0, 0, 1;
    %store/vec4 v0x261298e0_0, 0, 1;
    %pushi/vec4 0, 0, 1;
    %store/vec4 v0x26129a20_0, 0, 1;
    %delay 40000, 0;
    %pushi/vec4 0, 0, 1;
    %store/vec4 v0x26129980_0, 0, 1;
    %end;
    .thread T_10;
    .scope S_0x260ef0e0;
T_11 ;
    %delay 10000, 0;
    %load/vec4 v0x26129660_0;
    %inv;
    %assign/vec4 v0x26129660_0, 0;
    %jmp T_11;
    .thread T_11;
    .scope S_0x260ef0e0;
T_12 ;
    %delay 80000, 0;
    %pushi/vec4 1, 0, 1;
    %store/vec4 v0x26129700_0, 0, 1;
    %pushi/vec4 1, 0, 1;
    %store/vec4 v0x26129a20_0, 0, 1;
    %pushi/vec4 247, 0, 16;
    %store/vec4 v0x261297a0_0, 0, 16;
    %pushi/vec4 4, 0, 5;
    %store/vec4 v0x26129580_0, 0, 5;
    %delay 20000, 0;
    %pushi/vec4 127, 0, 16;
    %store/vec4 v0x261297a0_0, 0, 16;
    %pushi/vec4 8, 0, 5;
    %store/vec4 v0x26129580_0, 0, 5;
    %delay 20000, 0;
    %pushi/vec4 1, 0, 16;
    %store/vec4 v0x261297a0_0, 0, 16;
    %pushi/vec4 12, 0, 5;
    %store/vec4 v0x26129580_0, 0, 5;
    %delay 20000, 0;
    %pushi/vec4 0, 0, 1;
    %store/vec4 v0x26129700_0, 0, 1;
    %pushi/vec4 0, 0, 1;
    %store/vec4 v0x26129a20_0, 0, 1;
T_12.0 ;
    %load/vec4 v0x26128e90_0;
    %pad/u 32;
    %pushi/vec4 1, 0, 32;
    %cmp/e;
    %flag_get/vec4 4;
    %cmpi/ne 1, 0, 1;
    %jmp/0xz T_12.1, 6;
    %wait E_0x260edb70;
    %jmp T_12.0;
T_12.1 ;
    %delay 40000, 0;
    %pushi/vec4 1, 0, 1;
    %store/vec4 v0x26129700_0, 0, 1;
    %pushi/vec4 1, 0, 1;
    %store/vec4 v0x261298e0_0, 0, 1;
    %pushi/vec4 16, 0, 5;
    %store/vec4 v0x26129580_0, 0, 5;
    %delay 20000, 0;
    %delay 200000, 0;
    %vpi_call 2 73 "$finish" {0 0 0};
    %end;
    .thread T_12;
    .scope S_0x260ef0e0;
T_13 ;
    %vpi_call 2 77 "$dumpfile", "perip_multi_TB.vcd" {0 0 0};
    %vpi_call 2 78 "$dumpvars", 32'sb00000000000000000000000000000000, S_0x260ef0e0 {0 0 0};
    %end;
    .thread T_13;
# The file index is used to find the file name in the following table.
:file_names 10;
    "N/A";
    "<interactive>";
    "perip_multi_TB.v";
    "perip_multi.v";
    "multi.v";
    "ac.v";
    "comp.v";
    "ctrl.v";
    "lsh.v";
    "rsh.v";
# EOF
