#! /usr/bin/env bash
exec /home/work/miniconda3/envs/digital/bin/vvp -f "$0" "$@" <<'# EOF'
:ivl_version "13.0 (devel)" "(0_8-6859-gf50cc35d2-dirty)";
:ivl_delay_selection "TYPICAL";
:vpi_time_precision - 12;
:vpi_module "/home/work/miniconda3/envs/digital/lib/ivl/system.vpi";
:vpi_module "/home/work/miniconda3/envs/digital/lib/ivl/vhdl_sys.vpi";
:vpi_module "/home/work/miniconda3/envs/digital/lib/ivl/vhdl_textio.vpi";
:vpi_module "/home/work/miniconda3/envs/digital/lib/ivl/v2005_math.vpi";
:vpi_module "/home/work/miniconda3/envs/digital/lib/ivl/va_math.vpi";
S_0x2424c30 .scope module, "i2c_top_TB" "i2c_top_TB" 2 3;
 .timescale -9 -12;
P_0x24b0330 .param/real "DUTY_CYCLE" 0 2 18, Cr<m4000000000000000gfc1>; value=0.500000
P_0x24b0370 .param/l "OFFSET" 0 2 19, +C4<00000000000000000000000000000000>;
P_0x24b03b0 .param/l "PERIOD" 0 2 16, +C4<00000000000000000000000000010100>;
v0x24eef60_0 .net "I1", 0 0, v0x24ea920_0;  1 drivers
v0x24ef020_0 .net "I2", 0 0, v0x24ea9c0_0;  1 drivers
v0x24ef130_0 .net "I3", 0 0, v0x24eaab0_0;  1 drivers
v0x24ef220_0 .net "SCL", 0 0, v0x24e51c0_0;  1 drivers
v0x24ef310_0 .net "SDA", 0 0, L_0x24ffb10;  1 drivers
v0x24ef450_0 .var "clk", 0 0;
v0x24ef4f0_0 .var "i", 20 0;
v0x24ef590_0 .var "init", 0 0;
v0x24ef630_0 .var "rst", 0 0;
E_0x2481b80 .event "reset_trigger";
E_0x24cc8c0 .event "reset_done_trigger";
S_0x2424eb0 .scope begin, "TEST_CASE" "TEST_CASE" 2 61, 2 61 0, S_0x2424c30;
 .timescale -9 -12;
S_0x2425e90 .scope module, "uut" "i2c_top" 2 15, 3 1 0, S_0x2424c30;
 .timescale -9 -12;
    .port_info 0 /INPUT 1 "clk";
    .port_info 1 /INPUT 1 "rst";
    .port_info 2 /INPUT 1 "init";
    .port_info 3 /OUTPUT 1 "SCL";
    .port_info 4 /OUTPUT 1 "I1";
    .port_info 5 /OUTPUT 1 "I2";
    .port_info 6 /OUTPUT 1 "I3";
    .port_info 7 /INOUT 1 "SDA";
v0x24ec810_0 .net "I1", 0 0, v0x24ea920_0;  alias, 1 drivers
v0x24ec900_0 .net "I2", 0 0, v0x24ea9c0_0;  alias, 1 drivers
v0x24ec9d0_0 .net "I3", 0 0, v0x24eaab0_0;  alias, 1 drivers
v0x24ecad0_0 .net "SCL", 0 0, v0x24e51c0_0;  alias, 1 drivers
v0x24ecba0_0 .net "SDA", 0 0, L_0x24ffb10;  alias, 1 drivers
v0x24ecc40_0 .net "clk", 0 0, v0x24ef450_0;  1 drivers
v0x24ecce0_0 .net "init", 0 0, v0x24ef590_0;  1 drivers
v0x24ecd80_0 .net "rst", 0 0, v0x24ef630_0;  1 drivers
v0x24ece20_0 .net "w_DEC_BY", 0 0, v0x24ea690_0;  1 drivers
v0x24ecec0_0 .net "w_DEC_ST", 0 0, v0x24ea750_0;  1 drivers
v0x24ecfb0_0 .net "w_DEC_WT", 0 0, v0x24ea820_0;  1 drivers
v0x24ed0a0_0 .net "w_INC_BC", 0 0, v0x24eab50_0;  1 drivers
v0x24ed190_0 .net "w_INC_ST", 0 0, v0x24eabf0_0;  1 drivers
v0x24ed280_0 .net "w_LD_ADRD", 0 0, v0x24eacc0_0;  1 drivers
v0x24ed370_0 .net "w_LD_ADWR", 0 0, v0x24eae20_0;  1 drivers
v0x24ed460_0 .net "w_LD_CONF", 0 0, v0x24eaef0_0;  1 drivers
v0x24ed550_0 .net "w_LD_MD", 0 0, v0x24eafc0_0;  1 drivers
v0x24ed640_0 .net "w_LD_START", 0 0, v0x24eb090_0;  1 drivers
v0x24ed730_0 .net "w_LD_STOP", 0 0, v0x24eb160_0;  1 drivers
v0x24ed820_0 .net "w_RST_BC", 0 0, v0x24eb230_0;  1 drivers
v0x24ed910_0 .net "w_RST_BYR", 0 0, v0x24eb300_0;  1 drivers
v0x24eda00_0 .net "w_RST_BYW", 0 0, v0x24eb3d0_0;  1 drivers
v0x24edaf0_0 .net "w_RST_WT", 0 0, v0x24eb5b0_0;  1 drivers
v0x24edbe0_0 .net "w_SCL_EN", 0 0, v0x24eb680_0;  1 drivers
v0x24edcd0_0 .net "w_SDA_OE", 0 0, v0x24eb750_0;  1 drivers
v0x24eddc0_0 .net "w_SH_RD", 0 0, v0x24eb820_0;  1 drivers
v0x24edeb0_0 .net "w_SH_ST", 0 0, v0x24e4cc0_0;  1 drivers
v0x24edfa0_0 .net "w_SH_WR", 0 0, v0x24eb9c0_0;  1 drivers
v0x24ee090_0 .net "w_ZACK", 0 0, v0x24e3b50_0;  1 drivers
v0x24ee180_0 .net "w_ZBC", 0 0, L_0x2500060;  1 drivers
v0x24ee270_0 .net "w_ZBY", 0 0, L_0x2500550;  1 drivers
v0x24ee360_0 .net "w_ZT1", 0 0, v0x24e43b0_0;  1 drivers
v0x24ee450_0 .net "w_ZT2", 0 0, v0x24e4810_0;  1 drivers
v0x24ee750_0 .net "w_ZWT", 0 0, L_0x2500a00;  1 drivers
v0x24ee840_0 .net "w_ack", 0 0, L_0x24c3870;  1 drivers
v0x24ee930_0 .net "w_cnt_by", 2 0, v0x24e6df0_0;  1 drivers
v0x24eea20_0 .net "w_cnt_st", 1 0, v0x24e7570_0;  1 drivers
v0x24eeb10_0 .net "w_cnt_tick", 1 0, v0x24e8100_0;  1 drivers
v0x24eebb0_0 .net "w_comp_t", 19 0, L_0x24ffc50;  1 drivers
v0x24eec50_0 .net "w_i2c_tick", 0 0, L_0x2500e30;  1 drivers
v0x24eed40_0 .net "w_scl_out", 0 0, v0x24e3fe0_0;  1 drivers
S_0x2426070 .scope module, "SDA_mng" "SDA_mng" 3 93, 4 1 0, S_0x2425e90;
 .timescale -9 -12;
    .port_info 0 /INPUT 1 "clk";
    .port_info 1 /INPUT 1 "rst";
    .port_info 2 /INPUT 3 "cnt_by";
    .port_info 3 /INPUT 1 "LD_ADWR";
    .port_info 4 /INPUT 1 "LD_ADRD";
    .port_info 5 /INPUT 1 "LD_CONF";
    .port_info 6 /INPUT 1 "LD_MD";
    .port_info 7 /INPUT 1 "LD_START";
    .port_info 8 /INPUT 1 "LD_STOP";
    .port_info 9 /INPUT 1 "SH_WR";
    .port_info 10 /INPUT 1 "SH_RD";
    .port_info 11 /INPUT 1 "SDA_OE";
    .port_info 12 /OUTPUT 20 "temp";
    .port_info 13 /OUTPUT 1 "ACK";
    .port_info 14 /INOUT 1 "SDA";
L_0x24c40e0 .functor AND 1, L_0x24ff980, v0x24eb750_0, C4<1>, C4<1>;
L_0x24c3870 .functor BUFZ 1, L_0x24ffb10, C4<0>, C4<0>, C4<0>;
v0x24c30a0_0 .net "ACK", 0 0, L_0x24c3870;  alias, 1 drivers
v0x24c6300_0 .net "LD_ADRD", 0 0, v0x24eacc0_0;  alias, 1 drivers
v0x24c39c0_0 .net "LD_ADWR", 0 0, v0x24eae20_0;  alias, 1 drivers
v0x24c0aa0_0 .net "LD_CONF", 0 0, v0x24eaef0_0;  alias, 1 drivers
v0x24be2d0_0 .net "LD_MD", 0 0, v0x24eafc0_0;  alias, 1 drivers
v0x24c8ab0_0 .net "LD_START", 0 0, v0x24eb090_0;  alias, 1 drivers
v0x24b7d00_0 .net "LD_STOP", 0 0, v0x24eb160_0;  alias, 1 drivers
v0x24e26f0_0 .net "SDA", 0 0, L_0x24ffb10;  alias, 1 drivers
v0x24e27b0_0 .net "SDA_OE", 0 0, v0x24eb750_0;  alias, 1 drivers
v0x24e2870_0 .net "SH_RD", 0 0, v0x24eb820_0;  alias, 1 drivers
v0x24e2930_0 .net "SH_WR", 0 0, v0x24eb9c0_0;  alias, 1 drivers
v0x24e29f0_0 .net *"_ivl_1", 0 0, L_0x24ef7e0;  1 drivers
v0x24e2ad0_0 .net *"_ivl_11", 0 0, L_0x24c40e0;  1 drivers
L_0x73dfa2c2a0f0 .functor BUFT 1, C4<0>, C4<0>, C4<0>, C4<0>;
v0x24e2b90_0 .net/2u *"_ivl_12", 0 0, L_0x73dfa2c2a0f0;  1 drivers
o0x73dfa2c732b8 .functor BUFZ 1, C4<z>; HiZ drive
; Elide local net with no drivers, v0x24e2c70_0 name=_ivl_14
v0x24e2d50_0 .net *"_ivl_2", 31 0, L_0x24ef880;  1 drivers
L_0x73dfa2c2a060 .functor BUFT 1, C4<0000000000000000000000000000000>, C4<0>, C4<0>, C4<0>;
v0x24e2e30_0 .net *"_ivl_5", 30 0, L_0x73dfa2c2a060;  1 drivers
L_0x73dfa2c2a0a8 .functor BUFT 1, C4<00000000000000000000000000000000>, C4<0>, C4<0>, C4<0>;
v0x24e2f10_0 .net/2u *"_ivl_6", 31 0, L_0x73dfa2c2a0a8;  1 drivers
v0x24e2ff0_0 .net *"_ivl_8", 0 0, L_0x24ff980;  1 drivers
v0x24e30b0_0 .net "clk", 0 0, v0x24ef450_0;  alias, 1 drivers
v0x24e3170_0 .net "cnt_by", 2 0, v0x24e6df0_0;  alias, 1 drivers
v0x24e3250 .array "data_comd", 10 0, 7 0;
v0x24e3310_0 .var "data_out", 8 0;
v0x24e33f0_0 .var "data_sav", 47 0;
v0x24e34d0_0 .net "rst", 0 0, v0x24ef630_0;  alias, 1 drivers
v0x24e3590_0 .net "temp", 19 0, L_0x24ffc50;  alias, 1 drivers
E_0x24cc650 .event negedge, v0x24e30b0_0;
L_0x24ef7e0 .part v0x24e3310_0, 8, 1;
L_0x24ef880 .concat [ 1 31 0 0], L_0x24ef7e0, L_0x73dfa2c2a060;
L_0x24ff980 .cmp/eq 32, L_0x24ef880, L_0x73dfa2c2a0a8;
L_0x24ffb10 .functor MUXZ 1, o0x73dfa2c732b8, L_0x73dfa2c2a0f0, L_0x24c40e0, C4<>;
L_0x24ffc50 .part v0x24e33f0_0, 0, 20;
S_0x24e3850 .scope module, "comp_ACK" "comp_ACK" 3 136, 5 1 0, S_0x2425e90;
 .timescale -9 -12;
    .port_info 0 /INPUT 1 "ACK";
    .port_info 1 /OUTPUT 1 "ZACK";
v0x24e3a90_0 .net "ACK", 0 0, L_0x24c3870;  alias, 1 drivers
v0x24e3b50_0 .var "ZACK", 0 0;
E_0x24cc900 .event anyedge, v0x24c30a0_0;
S_0x24e3c50 .scope module, "comp_SCL" "comp_SCL" 3 124, 6 1 0, S_0x2425e90;
 .timescale -9 -12;
    .port_info 0 /INPUT 2 "cnt_tick";
    .port_info 1 /OUTPUT 1 "scl_out";
v0x24e3ee0_0 .net "cnt_tick", 1 0, v0x24e8100_0;  alias, 1 drivers
v0x24e3fe0_0 .var "scl_out", 0 0;
E_0x24e3e80 .event anyedge, v0x24e3ee0_0;
S_0x24e4100 .scope module, "comp_T1" "comp_T1" 3 130, 7 1 0, S_0x2425e90;
 .timescale -9 -12;
    .port_info 0 /INPUT 20 "temp";
    .port_info 1 /OUTPUT 1 "ZT1";
v0x24e43b0_0 .var "ZT1", 0 0;
v0x24e4490_0 .net "temp", 19 0, L_0x24ffc50;  alias, 1 drivers
E_0x24e4330 .event anyedge, v0x24e3590_0;
S_0x24e4590 .scope module, "comp_T2" "comp_T2" 3 133, 8 1 0, S_0x2425e90;
 .timescale -9 -12;
    .port_info 0 /INPUT 20 "temp";
    .port_info 1 /OUTPUT 1 "ZT2";
v0x24e4810_0 .var "ZT2", 0 0;
v0x24e48f0_0 .net "temp", 19 0, L_0x24ffc50;  alias, 1 drivers
S_0x24e4a60 .scope module, "comp_tick" "comp_tick" 3 121, 9 1 0, S_0x2425e90;
 .timescale -9 -12;
    .port_info 0 /INPUT 1 "i2c_tick";
    .port_info 1 /INPUT 2 "cnt_tick";
    .port_info 2 /OUTPUT 1 "SH_ST";
v0x24e4cc0_0 .var "SH_ST", 0 0;
v0x24e4da0_0 .net "cnt_tick", 1 0, v0x24e8100_0;  alias, 1 drivers
v0x24e4e60_0 .net "i2c_tick", 0 0, L_0x2500e30;  alias, 1 drivers
E_0x24e4c40 .event anyedge, v0x24e4e60_0, v0x24e3ee0_0;
S_0x24e4f60 .scope module, "compout_SCL" "compout_SCL" 3 127, 10 1 0, S_0x2425e90;
 .timescale -9 -12;
    .port_info 0 /INPUT 1 "scl_out";
    .port_info 1 /INPUT 1 "SCL_EN";
    .port_info 2 /OUTPUT 1 "SCL";
v0x24e51c0_0 .var "SCL", 0 0;
v0x24e52a0_0 .net "SCL_EN", 0 0, v0x24eb680_0;  alias, 1 drivers
v0x24e5360_0 .net "scl_out", 0 0, v0x24e3fe0_0;  alias, 1 drivers
E_0x24e5140 .event anyedge, v0x24e52a0_0, v0x24e3fe0_0;
S_0x24e5440 .scope module, "count_bit" "count_bit" 3 104, 11 1 0, S_0x2425e90;
 .timescale -9 -12;
    .port_info 0 /INPUT 1 "clk";
    .port_info 1 /INPUT 1 "rst";
    .port_info 2 /INPUT 1 "RST_BC";
    .port_info 3 /INPUT 1 "INC_BC";
    .port_info 4 /OUTPUT 1 "ZBC";
v0x24e5700_0 .net "INC_BC", 0 0, v0x24eab50_0;  alias, 1 drivers
v0x24e57c0_0 .net "RST_BC", 0 0, v0x24eb230_0;  alias, 1 drivers
v0x24e5880_0 .net "ZBC", 0 0, L_0x2500060;  alias, 1 drivers
v0x24e5950_0 .net *"_ivl_0", 31 0, L_0x24ffcf0;  1 drivers
L_0x73dfa2c2a210 .functor BUFT 1, C4<00>, C4<0>, C4<0>, C4<0>;
v0x24e5a30_0 .net/2s *"_ivl_10", 1 0, L_0x73dfa2c2a210;  1 drivers
v0x24e5b60_0 .net *"_ivl_12", 1 0, L_0x24ffed0;  1 drivers
L_0x73dfa2c2a138 .functor BUFT 1, C4<0000000000000000000000000000>, C4<0>, C4<0>, C4<0>;
v0x24e5c40_0 .net *"_ivl_3", 27 0, L_0x73dfa2c2a138;  1 drivers
L_0x73dfa2c2a180 .functor BUFT 1, C4<00000000000000000000000000001000>, C4<0>, C4<0>, C4<0>;
v0x24e5d20_0 .net/2u *"_ivl_4", 31 0, L_0x73dfa2c2a180;  1 drivers
v0x24e5e00_0 .net *"_ivl_6", 0 0, L_0x24ffd90;  1 drivers
L_0x73dfa2c2a1c8 .functor BUFT 1, C4<01>, C4<0>, C4<0>, C4<0>;
v0x24e5ec0_0 .net/2s *"_ivl_8", 1 0, L_0x73dfa2c2a1c8;  1 drivers
v0x24e5fa0_0 .net "clk", 0 0, v0x24ef450_0;  alias, 1 drivers
v0x24e6040_0 .var "count", 3 0;
v0x24e6100_0 .net "rst", 0 0, v0x24ef630_0;  alias, 1 drivers
L_0x24ffcf0 .concat [ 4 28 0 0], v0x24e6040_0, L_0x73dfa2c2a138;
L_0x24ffd90 .cmp/eq 32, L_0x24ffcf0, L_0x73dfa2c2a180;
L_0x24ffed0 .functor MUXZ 2, L_0x73dfa2c2a210, L_0x73dfa2c2a1c8, L_0x24ffd90, C4<>;
L_0x2500060 .part L_0x24ffed0, 0, 1;
S_0x24e6280 .scope module, "count_by" "count_by" 3 107, 12 1 0, S_0x2425e90;
 .timescale -9 -12;
    .port_info 0 /INPUT 1 "clk";
    .port_info 1 /INPUT 1 "rst";
    .port_info 2 /INPUT 1 "RST_BYR";
    .port_info 3 /INPUT 1 "RST_BYW";
    .port_info 4 /INPUT 1 "DEC_BY";
    .port_info 5 /OUTPUT 3 "cnt_by";
    .port_info 6 /OUTPUT 1 "ZBY";
v0x24e6450_0 .net "DEC_BY", 0 0, v0x24ea690_0;  alias, 1 drivers
v0x24e6530_0 .net "RST_BYR", 0 0, v0x24eb300_0;  alias, 1 drivers
v0x24e65f0_0 .net "RST_BYW", 0 0, v0x24eb3d0_0;  alias, 1 drivers
v0x24e6690_0 .net "ZBY", 0 0, L_0x2500550;  alias, 1 drivers
v0x24e6750_0 .net *"_ivl_0", 31 0, L_0x2500150;  1 drivers
L_0x73dfa2c2a330 .functor BUFT 1, C4<00>, C4<0>, C4<0>, C4<0>;
v0x24e6830_0 .net/2s *"_ivl_10", 1 0, L_0x73dfa2c2a330;  1 drivers
v0x24e6910_0 .net *"_ivl_12", 1 0, L_0x25003c0;  1 drivers
L_0x73dfa2c2a258 .functor BUFT 1, C4<00000000000000000000000000000>, C4<0>, C4<0>, C4<0>;
v0x24e69f0_0 .net *"_ivl_3", 28 0, L_0x73dfa2c2a258;  1 drivers
L_0x73dfa2c2a2a0 .functor BUFT 1, C4<00000000000000000000000000000000>, C4<0>, C4<0>, C4<0>;
v0x24e6ad0_0 .net/2u *"_ivl_4", 31 0, L_0x73dfa2c2a2a0;  1 drivers
v0x24e6bb0_0 .net *"_ivl_6", 0 0, L_0x25002d0;  1 drivers
L_0x73dfa2c2a2e8 .functor BUFT 1, C4<01>, C4<0>, C4<0>, C4<0>;
v0x24e6c70_0 .net/2s *"_ivl_8", 1 0, L_0x73dfa2c2a2e8;  1 drivers
v0x24e6d50_0 .net "clk", 0 0, v0x24ef450_0;  alias, 1 drivers
v0x24e6df0_0 .var "cnt_by", 2 0;
v0x24e6eb0_0 .net "rst", 0 0, v0x24ef630_0;  alias, 1 drivers
L_0x2500150 .concat [ 3 29 0 0], v0x24e6df0_0, L_0x73dfa2c2a258;
L_0x25002d0 .cmp/eq 32, L_0x2500150, L_0x73dfa2c2a2a0;
L_0x25003c0 .functor MUXZ 2, L_0x73dfa2c2a330, L_0x73dfa2c2a2e8, L_0x25002d0, C4<>;
L_0x2500550 .part L_0x25003c0, 0, 1;
S_0x24e70a0 .scope module, "count_st" "count_st" 3 113, 13 1 0, S_0x2425e90;
 .timescale -9 -12;
    .port_info 0 /INPUT 1 "clk";
    .port_info 1 /INPUT 1 "rst";
    .port_info 2 /INPUT 1 "INC_ST";
    .port_info 3 /INPUT 1 "DEC_ST";
    .port_info 4 /OUTPUT 2 "cnt_st";
v0x24e7330_0 .net "DEC_ST", 0 0, v0x24ea750_0;  alias, 1 drivers
v0x24e7410_0 .net "INC_ST", 0 0, v0x24eabf0_0;  alias, 1 drivers
v0x24e74d0_0 .net "clk", 0 0, v0x24ef450_0;  alias, 1 drivers
v0x24e7570_0 .var "cnt_st", 1 0;
v0x24e7630_0 .net "rst", 0 0, v0x24ef630_0;  alias, 1 drivers
S_0x24e77c0 .scope module, "count_time" "count_time" 3 116, 14 1 0, S_0x2425e90;
 .timescale -9 -12;
    .port_info 0 /INPUT 1 "clk";
    .port_info 1 /INPUT 1 "rst";
    .port_info 2 /OUTPUT 2 "cnt_tick";
    .port_info 3 /OUTPUT 1 "i2c_tick";
v0x24e7a30_0 .net *"_ivl_0", 31 0, L_0x2500af0;  1 drivers
L_0x73dfa2c2a570 .functor BUFT 1, C4<0>, C4<0>, C4<0>, C4<0>;
v0x24e7b30_0 .net/2u *"_ivl_10", 0 0, L_0x73dfa2c2a570;  1 drivers
L_0x73dfa2c2a498 .functor BUFT 1, C4<00000000000000000000000000>, C4<0>, C4<0>, C4<0>;
v0x24e7c10_0 .net *"_ivl_3", 25 0, L_0x73dfa2c2a498;  1 drivers
L_0x73dfa2c2a4e0 .functor BUFT 1, C4<00000000000000000000000000111110>, C4<0>, C4<0>, C4<0>;
v0x24e7d00_0 .net/2u *"_ivl_4", 31 0, L_0x73dfa2c2a4e0;  1 drivers
v0x24e7de0_0 .net *"_ivl_6", 0 0, L_0x2500cf0;  1 drivers
L_0x73dfa2c2a528 .functor BUFT 1, C4<1>, C4<0>, C4<0>, C4<0>;
v0x24e7ef0_0 .net/2u *"_ivl_8", 0 0, L_0x73dfa2c2a528;  1 drivers
v0x24e7fd0_0 .net "clk", 0 0, v0x24ef450_0;  alias, 1 drivers
v0x24e8100_0 .var "cnt_tick", 1 0;
v0x24e81c0_0 .var "count", 5 0;
v0x24e8330_0 .net "i2c_tick", 0 0, L_0x2500e30;  alias, 1 drivers
v0x24e83d0_0 .net "rst", 0 0, v0x24ef630_0;  alias, 1 drivers
L_0x2500af0 .concat [ 6 26 0 0], v0x24e81c0_0, L_0x73dfa2c2a498;
L_0x2500cf0 .cmp/eq 32, L_0x2500af0, L_0x73dfa2c2a4e0;
L_0x2500e30 .functor MUXZ 1, L_0x73dfa2c2a570, L_0x73dfa2c2a528, L_0x2500cf0, C4<>;
S_0x24e8560 .scope module, "count_wait" "count_wait" 3 110, 15 1 0, S_0x2425e90;
 .timescale -9 -12;
    .port_info 0 /INPUT 1 "clk";
    .port_info 1 /INPUT 1 "rst";
    .port_info 2 /INPUT 1 "RST_WT";
    .port_info 3 /INPUT 1 "DEC_WT";
    .port_info 4 /OUTPUT 1 "ZWT";
v0x24e87a0_0 .net "DEC_WT", 0 0, v0x24ea820_0;  alias, 1 drivers
v0x24e8880_0 .net "RST_WT", 0 0, v0x24eb5b0_0;  alias, 1 drivers
v0x24e8940_0 .net "ZWT", 0 0, L_0x2500a00;  alias, 1 drivers
v0x24e8a10_0 .net *"_ivl_0", 31 0, L_0x2500640;  1 drivers
L_0x73dfa2c2a450 .functor BUFT 1, C4<00>, C4<0>, C4<0>, C4<0>;
v0x24e8af0_0 .net/2s *"_ivl_10", 1 0, L_0x73dfa2c2a450;  1 drivers
v0x24e8bd0_0 .net *"_ivl_12", 1 0, L_0x2500870;  1 drivers
L_0x73dfa2c2a378 .functor BUFT 1, C4<0000000000000000000>, C4<0>, C4<0>, C4<0>;
v0x24e8cb0_0 .net *"_ivl_3", 18 0, L_0x73dfa2c2a378;  1 drivers
L_0x73dfa2c2a3c0 .functor BUFT 1, C4<00000000000000000000000000000000>, C4<0>, C4<0>, C4<0>;
v0x24e8d90_0 .net/2u *"_ivl_4", 31 0, L_0x73dfa2c2a3c0;  1 drivers
v0x24e8e70_0 .net *"_ivl_6", 0 0, L_0x2500730;  1 drivers
L_0x73dfa2c2a408 .functor BUFT 1, C4<01>, C4<0>, C4<0>, C4<0>;
v0x24e8fc0_0 .net/2s *"_ivl_8", 1 0, L_0x73dfa2c2a408;  1 drivers
v0x24e90a0_0 .net "clk", 0 0, v0x24ef450_0;  alias, 1 drivers
v0x24e9140_0 .var "count", 12 0;
v0x24e9220_0 .net "rst", 0 0, v0x24ef630_0;  alias, 1 drivers
L_0x2500640 .concat [ 13 19 0 0], v0x24e9140_0, L_0x73dfa2c2a378;
L_0x2500730 .cmp/eq 32, L_0x2500640, L_0x73dfa2c2a3c0;
L_0x2500870 .functor MUXZ 2, L_0x73dfa2c2a450, L_0x73dfa2c2a408, L_0x2500730, C4<>;
L_0x2500a00 .part L_0x2500870, 0, 1;
S_0x24e9360 .scope module, "ctrl_i2cs" "ctrl_i2cs" 3 77, 16 1 0, S_0x2425e90;
 .timescale -9 -12;
    .port_info 0 /INPUT 1 "clk";
    .port_info 1 /INPUT 1 "init";
    .port_info 2 /INPUT 1 "rst";
    .port_info 3 /INPUT 1 "ZBC";
    .port_info 4 /INPUT 1 "ZBY";
    .port_info 5 /INPUT 1 "ZT1";
    .port_info 6 /INPUT 1 "ZT2";
    .port_info 7 /INPUT 1 "ZACK";
    .port_info 8 /INPUT 1 "ZWT";
    .port_info 9 /INPUT 1 "SH_ST";
    .port_info 10 /INPUT 2 "cnt_st";
    .port_info 11 /OUTPUT 1 "SCL_EN";
    .port_info 12 /OUTPUT 1 "INC_BC";
    .port_info 13 /OUTPUT 1 "RST_BC";
    .port_info 14 /OUTPUT 1 "DEC_BY";
    .port_info 15 /OUTPUT 1 "RST_BYR";
    .port_info 16 /OUTPUT 1 "RST_BYW";
    .port_info 17 /OUTPUT 1 "DEC_WT";
    .port_info 18 /OUTPUT 1 "RST_WT";
    .port_info 19 /OUTPUT 1 "INC_ST";
    .port_info 20 /OUTPUT 1 "DEC_ST";
    .port_info 21 /OUTPUT 1 "LD_ADWR";
    .port_info 22 /OUTPUT 1 "LD_ADRD";
    .port_info 23 /OUTPUT 1 "LD_CONF";
    .port_info 24 /OUTPUT 1 "LD_MD";
    .port_info 25 /OUTPUT 1 "LD_START";
    .port_info 26 /OUTPUT 1 "LD_STOP";
    .port_info 27 /OUTPUT 1 "SH_WR";
    .port_info 28 /OUTPUT 1 "SH_RD";
    .port_info 29 /OUTPUT 1 "SDA_OE";
    .port_info 30 /OUTPUT 1 "I1";
    .port_info 31 /OUTPUT 1 "I2";
    .port_info 32 /OUTPUT 1 "I3";
P_0x24e94f0 .param/l "ADDRESS" 0 16 42, C4<00100>;
P_0x24e9530 .param/l "CHECK_T1" 0 16 52, C4<01111>;
P_0x24e9570 .param/l "CHECK_T2" 0 16 53, C4<10000>;
P_0x24e95b0 .param/l "CH_CONF" 0 16 57, C4<10100>;
P_0x24e95f0 .param/l "IDLE" 0 16 40, C4<00001>;
P_0x24e9630 .param/l "READ_ACK" 0 16 43, C4<00101>;
P_0x24e9670 .param/l "READ_ACK2" 0 16 45, C4<00111>;
P_0x24e96b0 .param/l "READ_DATA" 0 16 46, C4<01000>;
P_0x24e96f0 .param/l "SET_I1" 0 16 54, C4<10001>;
P_0x24e9730 .param/l "SET_I2" 0 16 55, C4<10010>;
P_0x24e9770 .param/l "SET_I3" 0 16 56, C4<10011>;
P_0x24e97b0 .param/l "START_1" 0 16 41, C4<00010>;
P_0x24e97f0 .param/l "STOP_1" 0 16 49, C4<01011>;
P_0x24e9830 .param/l "STOP_2" 0 16 50, C4<01100>;
P_0x24e9870 .param/l "WAIT" 0 16 51, C4<01110>;
P_0x24e98b0 .param/l "WRITE_ACK" 0 16 47, C4<01001>;
P_0x24e98f0 .param/l "WRITE_DATA" 0 16 44, C4<00110>;
P_0x24e9930 .param/l "WRITE_NACK" 0 16 48, C4<01010>;
v0x24ea690_0 .var "DEC_BY", 0 0;
v0x24ea750_0 .var "DEC_ST", 0 0;
v0x24ea820_0 .var "DEC_WT", 0 0;
v0x24ea920_0 .var "I1", 0 0;
v0x24ea9c0_0 .var "I2", 0 0;
v0x24eaab0_0 .var "I3", 0 0;
v0x24eab50_0 .var "INC_BC", 0 0;
v0x24eabf0_0 .var "INC_ST", 0 0;
v0x24eacc0_0 .var "LD_ADRD", 0 0;
v0x24eae20_0 .var "LD_ADWR", 0 0;
v0x24eaef0_0 .var "LD_CONF", 0 0;
v0x24eafc0_0 .var "LD_MD", 0 0;
v0x24eb090_0 .var "LD_START", 0 0;
v0x24eb160_0 .var "LD_STOP", 0 0;
v0x24eb230_0 .var "RST_BC", 0 0;
v0x24eb300_0 .var "RST_BYR", 0 0;
v0x24eb3d0_0 .var "RST_BYW", 0 0;
v0x24eb5b0_0 .var "RST_WT", 0 0;
v0x24eb680_0 .var "SCL_EN", 0 0;
v0x24eb750_0 .var "SDA_OE", 0 0;
v0x24eb820_0 .var "SH_RD", 0 0;
v0x24eb8f0_0 .net "SH_ST", 0 0, v0x24e4cc0_0;  alias, 1 drivers
v0x24eb9c0_0 .var "SH_WR", 0 0;
v0x24eba90_0 .net "ZACK", 0 0, v0x24e3b50_0;  alias, 1 drivers
v0x24ebb60_0 .net "ZBC", 0 0, L_0x2500060;  alias, 1 drivers
v0x24ebc30_0 .net "ZBY", 0 0, L_0x2500550;  alias, 1 drivers
v0x24ebd00_0 .net "ZT1", 0 0, v0x24e43b0_0;  alias, 1 drivers
v0x24ebdd0_0 .net "ZT2", 0 0, v0x24e4810_0;  alias, 1 drivers
v0x24ebea0_0 .net "ZWT", 0 0, L_0x2500a00;  alias, 1 drivers
v0x24ebf70_0 .net "clk", 0 0, v0x24ef450_0;  alias, 1 drivers
v0x24ec010_0 .net "cnt_st", 1 0, v0x24e7570_0;  alias, 1 drivers
L_0x73dfa2c2a018 .functor BUFT 1, C4<1>, C4<0>, C4<0>, C4<0>;
v0x24ec0e0_0 .net "init", 0 0, L_0x73dfa2c2a018;  1 drivers
v0x24ec180_0 .var "next_state", 4 0;
v0x24ec430_0 .net "rst", 0 0, v0x24ef630_0;  alias, 1 drivers
v0x24ec4d0_0 .var "state", 4 0;
v0x24ec570_0 .var "state_name", 320 1;
E_0x24e6410 .event anyedge, v0x24ec4d0_0;
E_0x24ea5d0 .event anyedge, v0x24ec4d0_0, v0x24e7570_0, v0x24e4cc0_0;
E_0x24ea630 .event posedge, v0x24e30b0_0;
    .scope S_0x24e9360;
T_0 ;
    %wait E_0x24ea630;
    %load/vec4 v0x24ec430_0;
    %flag_set/vec4 8;
    %jmp/0xz  T_0.0, 8;
    %pushi/vec4 1, 0, 5;
    %assign/vec4 v0x24ec4d0_0, 0;
    %pushi/vec4 0, 0, 1;
    %store/vec4 v0x24ea920_0, 0, 1;
    %pushi/vec4 0, 0, 1;
    %store/vec4 v0x24ea9c0_0, 0, 1;
    %pushi/vec4 0, 0, 1;
    %store/vec4 v0x24eaab0_0, 0, 1;
    %jmp T_0.1;
T_0.0 ;
    %load/vec4 v0x24eb8f0_0;
    %flag_set/vec4 8;
    %jmp/0xz  T_0.2, 8;
    %load/vec4 v0x24ec180_0;
    %assign/vec4 v0x24ec4d0_0, 0;
T_0.2 ;
T_0.1 ;
    %jmp T_0;
    .thread T_0;
    .scope S_0x24e9360;
T_1 ;
    %wait E_0x24ea630;
    %load/vec4 v0x24ec4d0_0;
    %dup/vec4;
    %pushi/vec4 1, 0, 5;
    %cmp/u;
    %jmp/1 T_1.0, 6;
    %dup/vec4;
    %pushi/vec4 2, 0, 5;
    %cmp/u;
    %jmp/1 T_1.1, 6;
    %dup/vec4;
    %pushi/vec4 4, 0, 5;
    %cmp/u;
    %jmp/1 T_1.2, 6;
    %dup/vec4;
    %pushi/vec4 5, 0, 5;
    %cmp/u;
    %jmp/1 T_1.3, 6;
    %dup/vec4;
    %pushi/vec4 6, 0, 5;
    %cmp/u;
    %jmp/1 T_1.4, 6;
    %dup/vec4;
    %pushi/vec4 7, 0, 5;
    %cmp/u;
    %jmp/1 T_1.5, 6;
    %dup/vec4;
    %pushi/vec4 8, 0, 5;
    %cmp/u;
    %jmp/1 T_1.6, 6;
    %dup/vec4;
    %pushi/vec4 9, 0, 5;
    %cmp/u;
    %jmp/1 T_1.7, 6;
    %dup/vec4;
    %pushi/vec4 10, 0, 5;
    %cmp/u;
    %jmp/1 T_1.8, 6;
    %dup/vec4;
    %pushi/vec4 11, 0, 5;
    %cmp/u;
    %jmp/1 T_1.9, 6;
    %dup/vec4;
    %pushi/vec4 12, 0, 5;
    %cmp/u;
    %jmp/1 T_1.10, 6;
    %dup/vec4;
    %pushi/vec4 14, 0, 5;
    %cmp/u;
    %jmp/1 T_1.11, 6;
    %dup/vec4;
    %pushi/vec4 15, 0, 5;
    %cmp/u;
    %jmp/1 T_1.12, 6;
    %dup/vec4;
    %pushi/vec4 16, 0, 5;
    %cmp/u;
    %jmp/1 T_1.13, 6;
    %dup/vec4;
    %pushi/vec4 17, 0, 5;
    %cmp/u;
    %jmp/1 T_1.14, 6;
    %dup/vec4;
    %pushi/vec4 18, 0, 5;
    %cmp/u;
    %jmp/1 T_1.15, 6;
    %dup/vec4;
    %pushi/vec4 19, 0, 5;
    %cmp/u;
    %jmp/1 T_1.16, 6;
    %dup/vec4;
    %pushi/vec4 20, 0, 5;
    %cmp/u;
    %jmp/1 T_1.17, 6;
    %pushi/vec4 1, 0, 5;
    %store/vec4 v0x24ec180_0, 0, 5;
    %jmp T_1.19;
T_1.0 ;
    %load/vec4 v0x24ec0e0_0;
    %flag_set/vec4 8;
    %jmp/0xz  T_1.20, 8;
    %pushi/vec4 2, 0, 5;
    %store/vec4 v0x24ec180_0, 0, 5;
    %jmp T_1.21;
T_1.20 ;
    %pushi/vec4 1, 0, 5;
    %store/vec4 v0x24ec180_0, 0, 5;
T_1.21 ;
    %jmp T_1.19;
T_1.1 ;
    %pushi/vec4 4, 0, 5;
    %store/vec4 v0x24ec180_0, 0, 5;
    %jmp T_1.19;
T_1.2 ;
    %load/vec4 v0x24ebb60_0;
    %flag_set/vec4 8;
    %jmp/0xz  T_1.22, 8;
    %pushi/vec4 5, 0, 5;
    %store/vec4 v0x24ec180_0, 0, 5;
    %jmp T_1.23;
T_1.22 ;
    %pushi/vec4 4, 0, 5;
    %store/vec4 v0x24ec180_0, 0, 5;
T_1.23 ;
    %jmp T_1.19;
T_1.3 ;
    %load/vec4 v0x24eba90_0;
    %inv;
    %flag_set/vec4 8;
    %jmp/0xz  T_1.24, 8;
    %load/vec4 v0x24ec010_0;
    %dup/vec4;
    %pushi/vec4 1, 0, 2;
    %cmp/u;
    %jmp/1 T_1.26, 6;
    %dup/vec4;
    %pushi/vec4 2, 0, 2;
    %cmp/u;
    %jmp/1 T_1.27, 6;
    %dup/vec4;
    %pushi/vec4 3, 0, 2;
    %cmp/u;
    %jmp/1 T_1.28, 6;
    %pushi/vec4 6, 0, 5;
    %store/vec4 v0x24ec180_0, 0, 5;
    %jmp T_1.30;
T_1.26 ;
    %pushi/vec4 6, 0, 5;
    %store/vec4 v0x24ec180_0, 0, 5;
    %jmp T_1.30;
T_1.27 ;
    %pushi/vec4 6, 0, 5;
    %store/vec4 v0x24ec180_0, 0, 5;
    %jmp T_1.30;
T_1.28 ;
    %pushi/vec4 8, 0, 5;
    %store/vec4 v0x24ec180_0, 0, 5;
    %jmp T_1.30;
T_1.30 ;
    %pop/vec4 1;
    %jmp T_1.25;
T_1.24 ;
    %pushi/vec4 1, 0, 5;
    %store/vec4 v0x24ec180_0, 0, 5;
T_1.25 ;
    %jmp T_1.19;
T_1.4 ;
    %load/vec4 v0x24ebb60_0;
    %flag_set/vec4 8;
    %jmp/0xz  T_1.31, 8;
    %pushi/vec4 7, 0, 5;
    %store/vec4 v0x24ec180_0, 0, 5;
    %jmp T_1.32;
T_1.31 ;
    %pushi/vec4 6, 0, 5;
    %store/vec4 v0x24ec180_0, 0, 5;
T_1.32 ;
    %jmp T_1.19;
T_1.5 ;
    %load/vec4 v0x24eba90_0;
    %inv;
    %flag_set/vec4 8;
    %jmp/0xz  T_1.33, 8;
    %load/vec4 v0x24ebc30_0;
    %flag_set/vec4 8;
    %jmp/0xz  T_1.35, 8;
    %pushi/vec4 11, 0, 5;
    %store/vec4 v0x24ec180_0, 0, 5;
    %jmp T_1.36;
T_1.35 ;
    %pushi/vec4 6, 0, 5;
    %store/vec4 v0x24ec180_0, 0, 5;
T_1.36 ;
    %jmp T_1.34;
T_1.33 ;
    %pushi/vec4 1, 0, 5;
    %store/vec4 v0x24ec180_0, 0, 5;
T_1.34 ;
    %jmp T_1.19;
T_1.6 ;
    %load/vec4 v0x24ebb60_0;
    %flag_set/vec4 8;
    %jmp/0xz  T_1.37, 8;
    %load/vec4 v0x24ebc30_0;
    %flag_set/vec4 8;
    %jmp/0xz  T_1.39, 8;
    %pushi/vec4 10, 0, 5;
    %store/vec4 v0x24ec180_0, 0, 5;
    %jmp T_1.40;
T_1.39 ;
    %pushi/vec4 9, 0, 5;
    %store/vec4 v0x24ec180_0, 0, 5;
T_1.40 ;
    %jmp T_1.38;
T_1.37 ;
    %pushi/vec4 8, 0, 5;
    %store/vec4 v0x24ec180_0, 0, 5;
T_1.38 ;
    %jmp T_1.19;
T_1.7 ;
    %pushi/vec4 8, 0, 5;
    %store/vec4 v0x24ec180_0, 0, 5;
    %jmp T_1.19;
T_1.8 ;
    %pushi/vec4 11, 0, 5;
    %store/vec4 v0x24ec180_0, 0, 5;
    %jmp T_1.19;
T_1.9 ;
    %pushi/vec4 12, 0, 5;
    %store/vec4 v0x24ec180_0, 0, 5;
    %jmp T_1.19;
T_1.10 ;
    %pushi/vec4 14, 0, 5;
    %store/vec4 v0x24ec180_0, 0, 5;
    %jmp T_1.19;
T_1.11 ;
    %load/vec4 v0x24ebea0_0;
    %flag_set/vec4 8;
    %jmp/0xz  T_1.41, 8;
    %load/vec4 v0x24ec010_0;
    %dup/vec4;
    %pushi/vec4 1, 0, 2;
    %cmp/u;
    %jmp/1 T_1.43, 6;
    %dup/vec4;
    %pushi/vec4 2, 0, 2;
    %cmp/u;
    %jmp/1 T_1.44, 6;
    %dup/vec4;
    %pushi/vec4 3, 0, 2;
    %cmp/u;
    %jmp/1 T_1.45, 6;
    %pushi/vec4 20, 0, 5;
    %store/vec4 v0x24ec180_0, 0, 5;
    %jmp T_1.47;
T_1.43 ;
    %pushi/vec4 20, 0, 5;
    %store/vec4 v0x24ec180_0, 0, 5;
    %jmp T_1.47;
T_1.44 ;
    %pushi/vec4 20, 0, 5;
    %store/vec4 v0x24ec180_0, 0, 5;
    %jmp T_1.47;
T_1.45 ;
    %pushi/vec4 15, 0, 5;
    %store/vec4 v0x24ec180_0, 0, 5;
    %jmp T_1.47;
T_1.47 ;
    %pop/vec4 1;
    %jmp T_1.42;
T_1.41 ;
    %pushi/vec4 14, 0, 5;
    %store/vec4 v0x24ec180_0, 0, 5;
T_1.42 ;
    %jmp T_1.19;
T_1.12 ;
    %load/vec4 v0x24ebd00_0;
    %flag_set/vec4 8;
    %jmp/0xz  T_1.48, 8;
    %pushi/vec4 16, 0, 5;
    %store/vec4 v0x24ec180_0, 0, 5;
    %jmp T_1.49;
T_1.48 ;
    %pushi/vec4 17, 0, 5;
    %store/vec4 v0x24ec180_0, 0, 5;
T_1.49 ;
    %jmp T_1.19;
T_1.13 ;
    %load/vec4 v0x24ebdd0_0;
    %flag_set/vec4 8;
    %jmp/0xz  T_1.50, 8;
    %pushi/vec4 19, 0, 5;
    %store/vec4 v0x24ec180_0, 0, 5;
    %jmp T_1.51;
T_1.50 ;
    %pushi/vec4 18, 0, 5;
    %store/vec4 v0x24ec180_0, 0, 5;
T_1.51 ;
    %jmp T_1.19;
T_1.14 ;
    %pushi/vec4 20, 0, 5;
    %store/vec4 v0x24ec180_0, 0, 5;
    %jmp T_1.19;
T_1.15 ;
    %pushi/vec4 20, 0, 5;
    %store/vec4 v0x24ec180_0, 0, 5;
    %jmp T_1.19;
T_1.16 ;
    %pushi/vec4 20, 0, 5;
    %store/vec4 v0x24ec180_0, 0, 5;
    %jmp T_1.19;
T_1.17 ;
    %pushi/vec4 1, 0, 5;
    %store/vec4 v0x24ec180_0, 0, 5;
    %jmp T_1.19;
T_1.19 ;
    %pop/vec4 1;
    %jmp T_1;
    .thread T_1;
    .scope S_0x24e9360;
T_2 ;
    %wait E_0x24ea5d0;
    %load/vec4 v0x24ec4d0_0;
    %dup/vec4;
    %pushi/vec4 1, 0, 5;
    %cmp/u;
    %jmp/1 T_2.0, 6;
    %dup/vec4;
    %pushi/vec4 2, 0, 5;
    %cmp/u;
    %jmp/1 T_2.1, 6;
    %dup/vec4;
    %pushi/vec4 4, 0, 5;
    %cmp/u;
    %jmp/1 T_2.2, 6;
    %dup/vec4;
    %pushi/vec4 5, 0, 5;
    %cmp/u;
    %jmp/1 T_2.3, 6;
    %dup/vec4;
    %pushi/vec4 6, 0, 5;
    %cmp/u;
    %jmp/1 T_2.4, 6;
    %dup/vec4;
    %pushi/vec4 7, 0, 5;
    %cmp/u;
    %jmp/1 T_2.5, 6;
    %dup/vec4;
    %pushi/vec4 8, 0, 5;
    %cmp/u;
    %jmp/1 T_2.6, 6;
    %dup/vec4;
    %pushi/vec4 9, 0, 5;
    %cmp/u;
    %jmp/1 T_2.7, 6;
    %dup/vec4;
    %pushi/vec4 10, 0, 5;
    %cmp/u;
    %jmp/1 T_2.8, 6;
    %dup/vec4;
    %pushi/vec4 11, 0, 5;
    %cmp/u;
    %jmp/1 T_2.9, 6;
    %dup/vec4;
    %pushi/vec4 12, 0, 5;
    %cmp/u;
    %jmp/1 T_2.10, 6;
    %dup/vec4;
    %pushi/vec4 14, 0, 5;
    %cmp/u;
    %jmp/1 T_2.11, 6;
    %dup/vec4;
    %pushi/vec4 15, 0, 5;
    %cmp/u;
    %jmp/1 T_2.12, 6;
    %dup/vec4;
    %pushi/vec4 16, 0, 5;
    %cmp/u;
    %jmp/1 T_2.13, 6;
    %dup/vec4;
    %pushi/vec4 17, 0, 5;
    %cmp/u;
    %jmp/1 T_2.14, 6;
    %dup/vec4;
    %pushi/vec4 18, 0, 5;
    %cmp/u;
    %jmp/1 T_2.15, 6;
    %dup/vec4;
    %pushi/vec4 19, 0, 5;
    %cmp/u;
    %jmp/1 T_2.16, 6;
    %dup/vec4;
    %pushi/vec4 20, 0, 5;
    %cmp/u;
    %jmp/1 T_2.17, 6;
    %pushi/vec4 0, 0, 1;
    %store/vec4 v0x24eb680_0, 0, 1;
    %pushi/vec4 0, 0, 1;
    %store/vec4 v0x24eb750_0, 0, 1;
    %pushi/vec4 0, 0, 1;
    %store/vec4 v0x24eab50_0, 0, 1;
    %pushi/vec4 1, 0, 1;
    %store/vec4 v0x24eb230_0, 0, 1;
    %pushi/vec4 0, 0, 1;
    %store/vec4 v0x24ea690_0, 0, 1;
    %pushi/vec4 0, 0, 1;
    %store/vec4 v0x24eb300_0, 0, 1;
    %pushi/vec4 1, 0, 1;
    %store/vec4 v0x24eb3d0_0, 0, 1;
    %pushi/vec4 0, 0, 1;
    %store/vec4 v0x24ea820_0, 0, 1;
    %pushi/vec4 0, 0, 1;
    %store/vec4 v0x24eb5b0_0, 0, 1;
    %pushi/vec4 0, 0, 1;
    %store/vec4 v0x24eabf0_0, 0, 1;
    %pushi/vec4 0, 0, 1;
    %store/vec4 v0x24ea750_0, 0, 1;
    %pushi/vec4 0, 0, 1;
    %store/vec4 v0x24eae20_0, 0, 1;
    %pushi/vec4 0, 0, 1;
    %store/vec4 v0x24eacc0_0, 0, 1;
    %pushi/vec4 0, 0, 1;
    %store/vec4 v0x24eaef0_0, 0, 1;
    %pushi/vec4 0, 0, 1;
    %store/vec4 v0x24eafc0_0, 0, 1;
    %pushi/vec4 0, 0, 1;
    %store/vec4 v0x24eb090_0, 0, 1;
    %pushi/vec4 0, 0, 1;
    %store/vec4 v0x24eb160_0, 0, 1;
    %pushi/vec4 0, 0, 1;
    %store/vec4 v0x24eb9c0_0, 0, 1;
    %pushi/vec4 0, 0, 1;
    %store/vec4 v0x24eb820_0, 0, 1;
    %jmp T_2.19;
T_2.0 ;
    %pushi/vec4 0, 0, 1;
    %store/vec4 v0x24eb680_0, 0, 1;
    %pushi/vec4 0, 0, 1;
    %store/vec4 v0x24eb750_0, 0, 1;
    %pushi/vec4 0, 0, 1;
    %store/vec4 v0x24eab50_0, 0, 1;
    %pushi/vec4 1, 0, 1;
    %store/vec4 v0x24eb230_0, 0, 1;
    %pushi/vec4 0, 0, 1;
    %store/vec4 v0x24ea690_0, 0, 1;
    %pushi/vec4 0, 0, 1;
    %store/vec4 v0x24eb300_0, 0, 1;
    %pushi/vec4 1, 0, 1;
    %store/vec4 v0x24eb3d0_0, 0, 1;
    %pushi/vec4 0, 0, 1;
    %store/vec4 v0x24ea820_0, 0, 1;
    %pushi/vec4 0, 0, 1;
    %store/vec4 v0x24eb5b0_0, 0, 1;
    %pushi/vec4 0, 0, 1;
    %store/vec4 v0x24eabf0_0, 0, 1;
    %pushi/vec4 0, 0, 1;
    %store/vec4 v0x24ea750_0, 0, 1;
    %pushi/vec4 0, 0, 1;
    %store/vec4 v0x24eae20_0, 0, 1;
    %pushi/vec4 0, 0, 1;
    %store/vec4 v0x24eacc0_0, 0, 1;
    %pushi/vec4 0, 0, 1;
    %store/vec4 v0x24eaef0_0, 0, 1;
    %pushi/vec4 0, 0, 1;
    %store/vec4 v0x24eafc0_0, 0, 1;
    %pushi/vec4 0, 0, 1;
    %store/vec4 v0x24eb090_0, 0, 1;
    %pushi/vec4 0, 0, 1;
    %store/vec4 v0x24eb160_0, 0, 1;
    %pushi/vec4 0, 0, 1;
    %store/vec4 v0x24eb9c0_0, 0, 1;
    %pushi/vec4 0, 0, 1;
    %store/vec4 v0x24eb820_0, 0, 1;
    %jmp T_2.19;
T_2.1 ;
    %pushi/vec4 0, 0, 1;
    %store/vec4 v0x24eb680_0, 0, 1;
    %pushi/vec4 1, 0, 1;
    %store/vec4 v0x24eb750_0, 0, 1;
    %pushi/vec4 0, 0, 1;
    %store/vec4 v0x24eab50_0, 0, 1;
    %pushi/vec4 1, 0, 1;
    %store/vec4 v0x24eb230_0, 0, 1;
    %pushi/vec4 0, 0, 1;
    %store/vec4 v0x24ea690_0, 0, 1;
    %pushi/vec4 0, 0, 1;
    %store/vec4 v0x24eb300_0, 0, 1;
    %pushi/vec4 0, 0, 1;
    %store/vec4 v0x24eb3d0_0, 0, 1;
    %pushi/vec4 0, 0, 1;
    %store/vec4 v0x24ea820_0, 0, 1;
    %pushi/vec4 1, 0, 1;
    %store/vec4 v0x24eb5b0_0, 0, 1;
    %pushi/vec4 0, 0, 1;
    %store/vec4 v0x24eabf0_0, 0, 1;
    %pushi/vec4 0, 0, 1;
    %store/vec4 v0x24ea750_0, 0, 1;
    %load/vec4 v0x24ec010_0;
    %dup/vec4;
    %pushi/vec4 1, 0, 2;
    %cmp/u;
    %jmp/1 T_2.20, 6;
    %dup/vec4;
    %pushi/vec4 2, 0, 2;
    %cmp/u;
    %jmp/1 T_2.21, 6;
    %dup/vec4;
    %pushi/vec4 3, 0, 2;
    %cmp/u;
    %jmp/1 T_2.22, 6;
    %pushi/vec4 1, 0, 1;
    %store/vec4 v0x24eae20_0, 0, 1;
    %jmp T_2.24;
T_2.20 ;
    %pushi/vec4 1, 0, 1;
    %store/vec4 v0x24eae20_0, 0, 1;
    %jmp T_2.24;
T_2.21 ;
    %pushi/vec4 1, 0, 1;
    %store/vec4 v0x24eae20_0, 0, 1;
    %jmp T_2.24;
T_2.22 ;
    %pushi/vec4 1, 0, 1;
    %store/vec4 v0x24eacc0_0, 0, 1;
    %jmp T_2.24;
T_2.24 ;
    %pop/vec4 1;
    %pushi/vec4 0, 0, 1;
    %store/vec4 v0x24eaef0_0, 0, 1;
    %pushi/vec4 0, 0, 1;
    %store/vec4 v0x24eafc0_0, 0, 1;
    %pushi/vec4 1, 0, 1;
    %store/vec4 v0x24eb090_0, 0, 1;
    %pushi/vec4 0, 0, 1;
    %store/vec4 v0x24eb160_0, 0, 1;
    %pushi/vec4 0, 0, 1;
    %store/vec4 v0x24eb9c0_0, 0, 1;
    %pushi/vec4 0, 0, 1;
    %store/vec4 v0x24eb820_0, 0, 1;
    %jmp T_2.19;
T_2.2 ;
    %pushi/vec4 1, 0, 1;
    %store/vec4 v0x24eb680_0, 0, 1;
    %pushi/vec4 1, 0, 1;
    %store/vec4 v0x24eb750_0, 0, 1;
    %load/vec4 v0x24eb8f0_0;
    %store/vec4 v0x24eab50_0, 0, 1;
    %pushi/vec4 0, 0, 1;
    %store/vec4 v0x24eb230_0, 0, 1;
    %pushi/vec4 0, 0, 1;
    %store/vec4 v0x24ea690_0, 0, 1;
    %pushi/vec4 0, 0, 1;
    %store/vec4 v0x24eb300_0, 0, 1;
    %pushi/vec4 0, 0, 1;
    %store/vec4 v0x24eb3d0_0, 0, 1;
    %pushi/vec4 0, 0, 1;
    %store/vec4 v0x24ea820_0, 0, 1;
    %pushi/vec4 0, 0, 1;
    %store/vec4 v0x24eb5b0_0, 0, 1;
    %pushi/vec4 0, 0, 1;
    %store/vec4 v0x24eabf0_0, 0, 1;
    %pushi/vec4 0, 0, 1;
    %store/vec4 v0x24ea750_0, 0, 1;
    %pushi/vec4 0, 0, 1;
    %store/vec4 v0x24eae20_0, 0, 1;
    %pushi/vec4 0, 0, 1;
    %store/vec4 v0x24eacc0_0, 0, 1;
    %pushi/vec4 0, 0, 1;
    %store/vec4 v0x24eaef0_0, 0, 1;
    %pushi/vec4 0, 0, 1;
    %store/vec4 v0x24eafc0_0, 0, 1;
    %pushi/vec4 0, 0, 1;
    %store/vec4 v0x24eb090_0, 0, 1;
    %pushi/vec4 0, 0, 1;
    %store/vec4 v0x24eb160_0, 0, 1;
    %load/vec4 v0x24eb8f0_0;
    %store/vec4 v0x24eb9c0_0, 0, 1;
    %pushi/vec4 0, 0, 1;
    %store/vec4 v0x24eb820_0, 0, 1;
    %jmp T_2.19;
T_2.3 ;
    %pushi/vec4 1, 0, 1;
    %store/vec4 v0x24eb680_0, 0, 1;
    %pushi/vec4 0, 0, 1;
    %store/vec4 v0x24eb750_0, 0, 1;
    %pushi/vec4 0, 0, 1;
    %store/vec4 v0x24eab50_0, 0, 1;
    %pushi/vec4 1, 0, 1;
    %store/vec4 v0x24eb230_0, 0, 1;
    %pushi/vec4 0, 0, 1;
    %store/vec4 v0x24ea690_0, 0, 1;
    %load/vec4 v0x24ec010_0;
    %dup/vec4;
    %pushi/vec4 1, 0, 2;
    %cmp/u;
    %jmp/1 T_2.25, 6;
    %dup/vec4;
    %pushi/vec4 2, 0, 2;
    %cmp/u;
    %jmp/1 T_2.26, 6;
    %dup/vec4;
    %pushi/vec4 3, 0, 2;
    %cmp/u;
    %jmp/1 T_2.27, 6;
    %pushi/vec4 1, 0, 1;
    %store/vec4 v0x24eb3d0_0, 0, 1;
    %jmp T_2.29;
T_2.25 ;
    %pushi/vec4 1, 0, 1;
    %store/vec4 v0x24eb3d0_0, 0, 1;
    %jmp T_2.29;
T_2.26 ;
    %pushi/vec4 1, 0, 1;
    %store/vec4 v0x24eb3d0_0, 0, 1;
    %jmp T_2.29;
T_2.27 ;
    %pushi/vec4 1, 0, 1;
    %store/vec4 v0x24eb300_0, 0, 1;
    %jmp T_2.29;
T_2.29 ;
    %pop/vec4 1;
    %load/vec4 v0x24ec010_0;
    %dup/vec4;
    %pushi/vec4 1, 0, 2;
    %cmp/u;
    %jmp/1 T_2.30, 6;
    %dup/vec4;
    %pushi/vec4 2, 0, 2;
    %cmp/u;
    %jmp/1 T_2.31, 6;
    %pushi/vec4 1, 0, 1;
    %store/vec4 v0x24eaef0_0, 0, 1;
    %jmp T_2.33;
T_2.30 ;
    %pushi/vec4 1, 0, 1;
    %store/vec4 v0x24eaef0_0, 0, 1;
    %jmp T_2.33;
T_2.31 ;
    %pushi/vec4 1, 0, 1;
    %store/vec4 v0x24eafc0_0, 0, 1;
    %jmp T_2.33;
T_2.33 ;
    %pop/vec4 1;
    %pushi/vec4 0, 0, 1;
    %store/vec4 v0x24ea820_0, 0, 1;
    %pushi/vec4 0, 0, 1;
    %store/vec4 v0x24eb5b0_0, 0, 1;
    %pushi/vec4 0, 0, 1;
    %store/vec4 v0x24eabf0_0, 0, 1;
    %pushi/vec4 0, 0, 1;
    %store/vec4 v0x24ea750_0, 0, 1;
    %pushi/vec4 0, 0, 1;
    %store/vec4 v0x24eae20_0, 0, 1;
    %pushi/vec4 0, 0, 1;
    %store/vec4 v0x24eacc0_0, 0, 1;
    %pushi/vec4 0, 0, 1;
    %store/vec4 v0x24eb090_0, 0, 1;
    %pushi/vec4 0, 0, 1;
    %store/vec4 v0x24eb160_0, 0, 1;
    %pushi/vec4 0, 0, 1;
    %store/vec4 v0x24eb9c0_0, 0, 1;
    %pushi/vec4 0, 0, 1;
    %store/vec4 v0x24eb820_0, 0, 1;
    %jmp T_2.19;
T_2.4 ;
    %pushi/vec4 1, 0, 1;
    %store/vec4 v0x24eb680_0, 0, 1;
    %pushi/vec4 1, 0, 1;
    %store/vec4 v0x24eb750_0, 0, 1;
    %load/vec4 v0x24eb8f0_0;
    %store/vec4 v0x24eab50_0, 0, 1;
    %pushi/vec4 0, 0, 1;
    %store/vec4 v0x24eb230_0, 0, 1;
    %pushi/vec4 0, 0, 1;
    %store/vec4 v0x24ea690_0, 0, 1;
    %pushi/vec4 0, 0, 1;
    %store/vec4 v0x24eb300_0, 0, 1;
    %pushi/vec4 0, 0, 1;
    %store/vec4 v0x24eb3d0_0, 0, 1;
    %pushi/vec4 0, 0, 1;
    %store/vec4 v0x24ea820_0, 0, 1;
    %pushi/vec4 0, 0, 1;
    %store/vec4 v0x24eb5b0_0, 0, 1;
    %pushi/vec4 0, 0, 1;
    %store/vec4 v0x24eabf0_0, 0, 1;
    %pushi/vec4 0, 0, 1;
    %store/vec4 v0x24ea750_0, 0, 1;
    %pushi/vec4 0, 0, 1;
    %store/vec4 v0x24eae20_0, 0, 1;
    %pushi/vec4 0, 0, 1;
    %store/vec4 v0x24eacc0_0, 0, 1;
    %pushi/vec4 0, 0, 1;
    %store/vec4 v0x24eaef0_0, 0, 1;
    %pushi/vec4 0, 0, 1;
    %store/vec4 v0x24eafc0_0, 0, 1;
    %pushi/vec4 0, 0, 1;
    %store/vec4 v0x24eb090_0, 0, 1;
    %pushi/vec4 0, 0, 1;
    %store/vec4 v0x24eb160_0, 0, 1;
    %load/vec4 v0x24eb8f0_0;
    %store/vec4 v0x24eb9c0_0, 0, 1;
    %pushi/vec4 0, 0, 1;
    %store/vec4 v0x24eb820_0, 0, 1;
    %jmp T_2.19;
T_2.5 ;
    %pushi/vec4 1, 0, 1;
    %store/vec4 v0x24eb680_0, 0, 1;
    %pushi/vec4 0, 0, 1;
    %store/vec4 v0x24eb750_0, 0, 1;
    %pushi/vec4 0, 0, 1;
    %store/vec4 v0x24eab50_0, 0, 1;
    %pushi/vec4 1, 0, 1;
    %store/vec4 v0x24eb230_0, 0, 1;
    %load/vec4 v0x24eb8f0_0;
    %store/vec4 v0x24ea690_0, 0, 1;
    %pushi/vec4 0, 0, 1;
    %store/vec4 v0x24eb300_0, 0, 1;
    %pushi/vec4 0, 0, 1;
    %store/vec4 v0x24eb3d0_0, 0, 1;
    %pushi/vec4 0, 0, 1;
    %store/vec4 v0x24ea820_0, 0, 1;
    %pushi/vec4 0, 0, 1;
    %store/vec4 v0x24eb5b0_0, 0, 1;
    %pushi/vec4 0, 0, 1;
    %store/vec4 v0x24eabf0_0, 0, 1;
    %pushi/vec4 0, 0, 1;
    %store/vec4 v0x24ea750_0, 0, 1;
    %load/vec4 v0x24ec010_0;
    %dup/vec4;
    %pushi/vec4 1, 0, 2;
    %cmp/u;
    %jmp/1 T_2.34, 6;
    %dup/vec4;
    %pushi/vec4 2, 0, 2;
    %cmp/u;
    %jmp/1 T_2.35, 6;
    %pushi/vec4 1, 0, 1;
    %store/vec4 v0x24eaef0_0, 0, 1;
    %jmp T_2.37;
T_2.34 ;
    %pushi/vec4 1, 0, 1;
    %store/vec4 v0x24eaef0_0, 0, 1;
    %jmp T_2.37;
T_2.35 ;
    %pushi/vec4 1, 0, 1;
    %store/vec4 v0x24eafc0_0, 0, 1;
    %jmp T_2.37;
T_2.37 ;
    %pop/vec4 1;
    %pushi/vec4 0, 0, 1;
    %store/vec4 v0x24eae20_0, 0, 1;
    %pushi/vec4 0, 0, 1;
    %store/vec4 v0x24eacc0_0, 0, 1;
    %pushi/vec4 0, 0, 1;
    %store/vec4 v0x24eb090_0, 0, 1;
    %pushi/vec4 0, 0, 1;
    %store/vec4 v0x24eb160_0, 0, 1;
    %pushi/vec4 0, 0, 1;
    %store/vec4 v0x24eb9c0_0, 0, 1;
    %pushi/vec4 0, 0, 1;
    %store/vec4 v0x24eb820_0, 0, 1;
    %jmp T_2.19;
T_2.6 ;
    %pushi/vec4 1, 0, 1;
    %store/vec4 v0x24eb680_0, 0, 1;
    %pushi/vec4 0, 0, 1;
    %store/vec4 v0x24eb750_0, 0, 1;
    %load/vec4 v0x24eb8f0_0;
    %store/vec4 v0x24eab50_0, 0, 1;
    %pushi/vec4 0, 0, 1;
    %store/vec4 v0x24eb230_0, 0, 1;
    %pushi/vec4 0, 0, 1;
    %store/vec4 v0x24ea690_0, 0, 1;
    %pushi/vec4 0, 0, 1;
    %store/vec4 v0x24eb300_0, 0, 1;
    %pushi/vec4 0, 0, 1;
    %store/vec4 v0x24eb3d0_0, 0, 1;
    %pushi/vec4 0, 0, 1;
    %store/vec4 v0x24ea820_0, 0, 1;
    %pushi/vec4 0, 0, 1;
    %store/vec4 v0x24eb5b0_0, 0, 1;
    %pushi/vec4 0, 0, 1;
    %store/vec4 v0x24eabf0_0, 0, 1;
    %pushi/vec4 0, 0, 1;
    %store/vec4 v0x24ea750_0, 0, 1;
    %pushi/vec4 0, 0, 1;
    %store/vec4 v0x24eae20_0, 0, 1;
    %pushi/vec4 0, 0, 1;
    %store/vec4 v0x24eacc0_0, 0, 1;
    %pushi/vec4 0, 0, 1;
    %store/vec4 v0x24eaef0_0, 0, 1;
    %pushi/vec4 0, 0, 1;
    %store/vec4 v0x24eafc0_0, 0, 1;
    %pushi/vec4 0, 0, 1;
    %store/vec4 v0x24eb090_0, 0, 1;
    %pushi/vec4 0, 0, 1;
    %store/vec4 v0x24eb160_0, 0, 1;
    %pushi/vec4 0, 0, 1;
    %store/vec4 v0x24eb9c0_0, 0, 1;
    %load/vec4 v0x24eb8f0_0;
    %store/vec4 v0x24eb820_0, 0, 1;
    %jmp T_2.19;
T_2.7 ;
    %pushi/vec4 1, 0, 1;
    %store/vec4 v0x24eb680_0, 0, 1;
    %pushi/vec4 1, 0, 1;
    %store/vec4 v0x24eb750_0, 0, 1;
    %pushi/vec4 0, 0, 1;
    %store/vec4 v0x24eab50_0, 0, 1;
    %pushi/vec4 1, 0, 1;
    %store/vec4 v0x24eb230_0, 0, 1;
    %load/vec4 v0x24eb8f0_0;
    %store/vec4 v0x24ea690_0, 0, 1;
    %pushi/vec4 0, 0, 1;
    %store/vec4 v0x24eb300_0, 0, 1;
    %pushi/vec4 0, 0, 1;
    %store/vec4 v0x24eb3d0_0, 0, 1;
    %pushi/vec4 0, 0, 1;
    %store/vec4 v0x24ea820_0, 0, 1;
    %pushi/vec4 0, 0, 1;
    %store/vec4 v0x24eb5b0_0, 0, 1;
    %pushi/vec4 0, 0, 1;
    %store/vec4 v0x24eabf0_0, 0, 1;
    %pushi/vec4 0, 0, 1;
    %store/vec4 v0x24ea750_0, 0, 1;
    %pushi/vec4 0, 0, 1;
    %store/vec4 v0x24eae20_0, 0, 1;
    %pushi/vec4 0, 0, 1;
    %store/vec4 v0x24eacc0_0, 0, 1;
    %pushi/vec4 0, 0, 1;
    %store/vec4 v0x24eaef0_0, 0, 1;
    %pushi/vec4 0, 0, 1;
    %store/vec4 v0x24eafc0_0, 0, 1;
    %pushi/vec4 1, 0, 1;
    %store/vec4 v0x24eb090_0, 0, 1;
    %pushi/vec4 0, 0, 1;
    %store/vec4 v0x24eb160_0, 0, 1;
    %pushi/vec4 0, 0, 1;
    %store/vec4 v0x24eb9c0_0, 0, 1;
    %pushi/vec4 0, 0, 1;
    %store/vec4 v0x24eb820_0, 0, 1;
    %jmp T_2.19;
T_2.8 ;
    %pushi/vec4 1, 0, 1;
    %store/vec4 v0x24eb680_0, 0, 1;
    %pushi/vec4 1, 0, 1;
    %store/vec4 v0x24eb750_0, 0, 1;
    %pushi/vec4 0, 0, 1;
    %store/vec4 v0x24eab50_0, 0, 1;
    %pushi/vec4 1, 0, 1;
    %store/vec4 v0x24eb230_0, 0, 1;
    %pushi/vec4 0, 0, 1;
    %store/vec4 v0x24ea690_0, 0, 1;
    %pushi/vec4 0, 0, 1;
    %store/vec4 v0x24eb300_0, 0, 1;
    %pushi/vec4 0, 0, 1;
    %store/vec4 v0x24eb3d0_0, 0, 1;
    %pushi/vec4 0, 0, 1;
    %store/vec4 v0x24ea820_0, 0, 1;
    %pushi/vec4 0, 0, 1;
    %store/vec4 v0x24eb5b0_0, 0, 1;
    %pushi/vec4 0, 0, 1;
    %store/vec4 v0x24eabf0_0, 0, 1;
    %pushi/vec4 0, 0, 1;
    %store/vec4 v0x24ea750_0, 0, 1;
    %pushi/vec4 0, 0, 1;
    %store/vec4 v0x24eae20_0, 0, 1;
    %pushi/vec4 0, 0, 1;
    %store/vec4 v0x24eacc0_0, 0, 1;
    %pushi/vec4 0, 0, 1;
    %store/vec4 v0x24eaef0_0, 0, 1;
    %pushi/vec4 0, 0, 1;
    %store/vec4 v0x24eafc0_0, 0, 1;
    %pushi/vec4 0, 0, 1;
    %store/vec4 v0x24eb090_0, 0, 1;
    %pushi/vec4 1, 0, 1;
    %store/vec4 v0x24eb160_0, 0, 1;
    %pushi/vec4 0, 0, 1;
    %store/vec4 v0x24eb9c0_0, 0, 1;
    %pushi/vec4 0, 0, 1;
    %store/vec4 v0x24eb820_0, 0, 1;
    %jmp T_2.19;
T_2.9 ;
    %pushi/vec4 0, 0, 1;
    %store/vec4 v0x24eb680_0, 0, 1;
    %pushi/vec4 1, 0, 1;
    %store/vec4 v0x24eb750_0, 0, 1;
    %pushi/vec4 0, 0, 1;
    %store/vec4 v0x24eab50_0, 0, 1;
    %pushi/vec4 0, 0, 1;
    %store/vec4 v0x24eb230_0, 0, 1;
    %pushi/vec4 0, 0, 1;
    %store/vec4 v0x24ea690_0, 0, 1;
    %pushi/vec4 0, 0, 1;
    %store/vec4 v0x24eb300_0, 0, 1;
    %pushi/vec4 0, 0, 1;
    %store/vec4 v0x24eb3d0_0, 0, 1;
    %pushi/vec4 0, 0, 1;
    %store/vec4 v0x24ea820_0, 0, 1;
    %pushi/vec4 0, 0, 1;
    %store/vec4 v0x24eb5b0_0, 0, 1;
    %pushi/vec4 0, 0, 1;
    %store/vec4 v0x24eabf0_0, 0, 1;
    %pushi/vec4 0, 0, 1;
    %store/vec4 v0x24ea750_0, 0, 1;
    %pushi/vec4 0, 0, 1;
    %store/vec4 v0x24eae20_0, 0, 1;
    %pushi/vec4 0, 0, 1;
    %store/vec4 v0x24eacc0_0, 0, 1;
    %pushi/vec4 0, 0, 1;
    %store/vec4 v0x24eaef0_0, 0, 1;
    %pushi/vec4 0, 0, 1;
    %store/vec4 v0x24eafc0_0, 0, 1;
    %pushi/vec4 1, 0, 1;
    %store/vec4 v0x24eb090_0, 0, 1;
    %pushi/vec4 0, 0, 1;
    %store/vec4 v0x24eb160_0, 0, 1;
    %pushi/vec4 0, 0, 1;
    %store/vec4 v0x24eb9c0_0, 0, 1;
    %pushi/vec4 0, 0, 1;
    %store/vec4 v0x24eb820_0, 0, 1;
    %jmp T_2.19;
T_2.10 ;
    %pushi/vec4 0, 0, 1;
    %store/vec4 v0x24eb680_0, 0, 1;
    %pushi/vec4 1, 0, 1;
    %store/vec4 v0x24eb750_0, 0, 1;
    %pushi/vec4 0, 0, 1;
    %store/vec4 v0x24eab50_0, 0, 1;
    %pushi/vec4 0, 0, 1;
    %store/vec4 v0x24eb230_0, 0, 1;
    %pushi/vec4 0, 0, 1;
    %store/vec4 v0x24ea690_0, 0, 1;
    %pushi/vec4 0, 0, 1;
    %store/vec4 v0x24eb300_0, 0, 1;
    %pushi/vec4 0, 0, 1;
    %store/vec4 v0x24eb3d0_0, 0, 1;
    %pushi/vec4 0, 0, 1;
    %store/vec4 v0x24ea820_0, 0, 1;
    %pushi/vec4 0, 0, 1;
    %store/vec4 v0x24eb5b0_0, 0, 1;
    %pushi/vec4 0, 0, 1;
    %store/vec4 v0x24eabf0_0, 0, 1;
    %pushi/vec4 0, 0, 1;
    %store/vec4 v0x24ea750_0, 0, 1;
    %pushi/vec4 0, 0, 1;
    %store/vec4 v0x24eae20_0, 0, 1;
    %pushi/vec4 0, 0, 1;
    %store/vec4 v0x24eacc0_0, 0, 1;
    %pushi/vec4 0, 0, 1;
    %store/vec4 v0x24eaef0_0, 0, 1;
    %pushi/vec4 0, 0, 1;
    %store/vec4 v0x24eafc0_0, 0, 1;
    %pushi/vec4 0, 0, 1;
    %store/vec4 v0x24eb090_0, 0, 1;
    %pushi/vec4 1, 0, 1;
    %store/vec4 v0x24eb160_0, 0, 1;
    %pushi/vec4 0, 0, 1;
    %store/vec4 v0x24eb9c0_0, 0, 1;
    %pushi/vec4 0, 0, 1;
    %store/vec4 v0x24eb820_0, 0, 1;
    %jmp T_2.19;
T_2.11 ;
    %pushi/vec4 0, 0, 1;
    %store/vec4 v0x24eb680_0, 0, 1;
    %pushi/vec4 0, 0, 1;
    %store/vec4 v0x24eb750_0, 0, 1;
    %pushi/vec4 0, 0, 1;
    %store/vec4 v0x24eab50_0, 0, 1;
    %pushi/vec4 0, 0, 1;
    %store/vec4 v0x24eb230_0, 0, 1;
    %pushi/vec4 0, 0, 1;
    %store/vec4 v0x24ea690_0, 0, 1;
    %pushi/vec4 0, 0, 1;
    %store/vec4 v0x24eb300_0, 0, 1;
    %pushi/vec4 0, 0, 1;
    %store/vec4 v0x24eb3d0_0, 0, 1;
    %load/vec4 v0x24eb8f0_0;
    %store/vec4 v0x24ea820_0, 0, 1;
    %pushi/vec4 0, 0, 1;
    %store/vec4 v0x24eb5b0_0, 0, 1;
    %pushi/vec4 0, 0, 1;
    %store/vec4 v0x24eabf0_0, 0, 1;
    %pushi/vec4 0, 0, 1;
    %store/vec4 v0x24ea750_0, 0, 1;
    %pushi/vec4 0, 0, 1;
    %store/vec4 v0x24eae20_0, 0, 1;
    %pushi/vec4 0, 0, 1;
    %store/vec4 v0x24eacc0_0, 0, 1;
    %pushi/vec4 0, 0, 1;
    %store/vec4 v0x24eaef0_0, 0, 1;
    %pushi/vec4 0, 0, 1;
    %store/vec4 v0x24eafc0_0, 0, 1;
    %pushi/vec4 0, 0, 1;
    %store/vec4 v0x24eb090_0, 0, 1;
    %pushi/vec4 0, 0, 1;
    %store/vec4 v0x24eb160_0, 0, 1;
    %pushi/vec4 0, 0, 1;
    %store/vec4 v0x24eb9c0_0, 0, 1;
    %pushi/vec4 0, 0, 1;
    %store/vec4 v0x24eb820_0, 0, 1;
    %jmp T_2.19;
T_2.12 ;
    %pushi/vec4 0, 0, 1;
    %store/vec4 v0x24eb680_0, 0, 1;
    %pushi/vec4 0, 0, 1;
    %store/vec4 v0x24eb750_0, 0, 1;
    %pushi/vec4 0, 0, 1;
    %store/vec4 v0x24eab50_0, 0, 1;
    %pushi/vec4 0, 0, 1;
    %store/vec4 v0x24eb230_0, 0, 1;
    %pushi/vec4 0, 0, 1;
    %store/vec4 v0x24ea690_0, 0, 1;
    %pushi/vec4 0, 0, 1;
    %store/vec4 v0x24eb300_0, 0, 1;
    %pushi/vec4 0, 0, 1;
    %store/vec4 v0x24eb3d0_0, 0, 1;
    %pushi/vec4 0, 0, 1;
    %store/vec4 v0x24ea820_0, 0, 1;
    %pushi/vec4 0, 0, 1;
    %store/vec4 v0x24eb5b0_0, 0, 1;
    %pushi/vec4 0, 0, 1;
    %store/vec4 v0x24eabf0_0, 0, 1;
    %pushi/vec4 0, 0, 1;
    %store/vec4 v0x24ea750_0, 0, 1;
    %pushi/vec4 0, 0, 1;
    %store/vec4 v0x24eae20_0, 0, 1;
    %pushi/vec4 0, 0, 1;
    %store/vec4 v0x24eacc0_0, 0, 1;
    %pushi/vec4 0, 0, 1;
    %store/vec4 v0x24eaef0_0, 0, 1;
    %pushi/vec4 0, 0, 1;
    %store/vec4 v0x24eafc0_0, 0, 1;
    %pushi/vec4 0, 0, 1;
    %store/vec4 v0x24eb090_0, 0, 1;
    %pushi/vec4 0, 0, 1;
    %store/vec4 v0x24eb160_0, 0, 1;
    %pushi/vec4 0, 0, 1;
    %store/vec4 v0x24eb9c0_0, 0, 1;
    %pushi/vec4 0, 0, 1;
    %store/vec4 v0x24eb820_0, 0, 1;
    %jmp T_2.19;
T_2.13 ;
    %pushi/vec4 0, 0, 1;
    %store/vec4 v0x24eb680_0, 0, 1;
    %pushi/vec4 0, 0, 1;
    %store/vec4 v0x24eb750_0, 0, 1;
    %pushi/vec4 0, 0, 1;
    %store/vec4 v0x24eab50_0, 0, 1;
    %pushi/vec4 0, 0, 1;
    %store/vec4 v0x24eb230_0, 0, 1;
    %pushi/vec4 0, 0, 1;
    %store/vec4 v0x24ea690_0, 0, 1;
    %pushi/vec4 0, 0, 1;
    %store/vec4 v0x24eb300_0, 0, 1;
    %pushi/vec4 0, 0, 1;
    %store/vec4 v0x24eb3d0_0, 0, 1;
    %pushi/vec4 0, 0, 1;
    %store/vec4 v0x24ea820_0, 0, 1;
    %pushi/vec4 0, 0, 1;
    %store/vec4 v0x24eb5b0_0, 0, 1;
    %pushi/vec4 0, 0, 1;
    %store/vec4 v0x24eabf0_0, 0, 1;
    %pushi/vec4 0, 0, 1;
    %store/vec4 v0x24ea750_0, 0, 1;
    %pushi/vec4 0, 0, 1;
    %store/vec4 v0x24eae20_0, 0, 1;
    %pushi/vec4 0, 0, 1;
    %store/vec4 v0x24eacc0_0, 0, 1;
    %pushi/vec4 0, 0, 1;
    %store/vec4 v0x24eaef0_0, 0, 1;
    %pushi/vec4 0, 0, 1;
    %store/vec4 v0x24eafc0_0, 0, 1;
    %pushi/vec4 0, 0, 1;
    %store/vec4 v0x24eb090_0, 0, 1;
    %pushi/vec4 0, 0, 1;
    %store/vec4 v0x24eb160_0, 0, 1;
    %pushi/vec4 0, 0, 1;
    %store/vec4 v0x24eb9c0_0, 0, 1;
    %pushi/vec4 0, 0, 1;
    %store/vec4 v0x24eb820_0, 0, 1;
    %jmp T_2.19;
T_2.14 ;
    %pushi/vec4 0, 0, 1;
    %store/vec4 v0x24eb680_0, 0, 1;
    %pushi/vec4 0, 0, 1;
    %store/vec4 v0x24eb750_0, 0, 1;
    %pushi/vec4 0, 0, 1;
    %store/vec4 v0x24eab50_0, 0, 1;
    %pushi/vec4 0, 0, 1;
    %store/vec4 v0x24eb230_0, 0, 1;
    %pushi/vec4 0, 0, 1;
    %store/vec4 v0x24ea690_0, 0, 1;
    %pushi/vec4 0, 0, 1;
    %store/vec4 v0x24eb300_0, 0, 1;
    %pushi/vec4 0, 0, 1;
    %store/vec4 v0x24eb3d0_0, 0, 1;
    %pushi/vec4 0, 0, 1;
    %store/vec4 v0x24ea820_0, 0, 1;
    %pushi/vec4 0, 0, 1;
    %store/vec4 v0x24eb5b0_0, 0, 1;
    %pushi/vec4 0, 0, 1;
    %store/vec4 v0x24eabf0_0, 0, 1;
    %pushi/vec4 0, 0, 1;
    %store/vec4 v0x24ea750_0, 0, 1;
    %pushi/vec4 0, 0, 1;
    %store/vec4 v0x24eae20_0, 0, 1;
    %pushi/vec4 0, 0, 1;
    %store/vec4 v0x24eacc0_0, 0, 1;
    %pushi/vec4 0, 0, 1;
    %store/vec4 v0x24eaef0_0, 0, 1;
    %pushi/vec4 0, 0, 1;
    %store/vec4 v0x24eafc0_0, 0, 1;
    %pushi/vec4 0, 0, 1;
    %store/vec4 v0x24eb090_0, 0, 1;
    %pushi/vec4 0, 0, 1;
    %store/vec4 v0x24eb160_0, 0, 1;
    %pushi/vec4 0, 0, 1;
    %store/vec4 v0x24eb9c0_0, 0, 1;
    %pushi/vec4 0, 0, 1;
    %store/vec4 v0x24eb820_0, 0, 1;
    %pushi/vec4 1, 0, 1;
    %store/vec4 v0x24ea920_0, 0, 1;
    %pushi/vec4 0, 0, 1;
    %store/vec4 v0x24ea9c0_0, 0, 1;
    %pushi/vec4 0, 0, 1;
    %store/vec4 v0x24eaab0_0, 0, 1;
    %jmp T_2.19;
T_2.15 ;
    %pushi/vec4 0, 0, 1;
    %store/vec4 v0x24eb680_0, 0, 1;
    %pushi/vec4 0, 0, 1;
    %store/vec4 v0x24eb750_0, 0, 1;
    %pushi/vec4 0, 0, 1;
    %store/vec4 v0x24eab50_0, 0, 1;
    %pushi/vec4 0, 0, 1;
    %store/vec4 v0x24eb230_0, 0, 1;
    %pushi/vec4 0, 0, 1;
    %store/vec4 v0x24ea690_0, 0, 1;
    %pushi/vec4 0, 0, 1;
    %store/vec4 v0x24eb300_0, 0, 1;
    %pushi/vec4 0, 0, 1;
    %store/vec4 v0x24eb3d0_0, 0, 1;
    %pushi/vec4 0, 0, 1;
    %store/vec4 v0x24ea820_0, 0, 1;
    %pushi/vec4 0, 0, 1;
    %store/vec4 v0x24eb5b0_0, 0, 1;
    %pushi/vec4 0, 0, 1;
    %store/vec4 v0x24eabf0_0, 0, 1;
    %pushi/vec4 0, 0, 1;
    %store/vec4 v0x24ea750_0, 0, 1;
    %pushi/vec4 0, 0, 1;
    %store/vec4 v0x24eae20_0, 0, 1;
    %pushi/vec4 0, 0, 1;
    %store/vec4 v0x24eacc0_0, 0, 1;
    %pushi/vec4 0, 0, 1;
    %store/vec4 v0x24eaef0_0, 0, 1;
    %pushi/vec4 0, 0, 1;
    %store/vec4 v0x24eafc0_0, 0, 1;
    %pushi/vec4 0, 0, 1;
    %store/vec4 v0x24eb090_0, 0, 1;
    %pushi/vec4 0, 0, 1;
    %store/vec4 v0x24eb160_0, 0, 1;
    %pushi/vec4 0, 0, 1;
    %store/vec4 v0x24eb9c0_0, 0, 1;
    %pushi/vec4 0, 0, 1;
    %store/vec4 v0x24eb820_0, 0, 1;
    %pushi/vec4 0, 0, 1;
    %store/vec4 v0x24ea920_0, 0, 1;
    %pushi/vec4 1, 0, 1;
    %store/vec4 v0x24ea9c0_0, 0, 1;
    %pushi/vec4 0, 0, 1;
    %store/vec4 v0x24eaab0_0, 0, 1;
    %jmp T_2.19;
T_2.16 ;
    %pushi/vec4 0, 0, 1;
    %store/vec4 v0x24eb680_0, 0, 1;
    %pushi/vec4 0, 0, 1;
    %store/vec4 v0x24eb750_0, 0, 1;
    %pushi/vec4 0, 0, 1;
    %store/vec4 v0x24eab50_0, 0, 1;
    %pushi/vec4 0, 0, 1;
    %store/vec4 v0x24eb230_0, 0, 1;
    %pushi/vec4 0, 0, 1;
    %store/vec4 v0x24ea690_0, 0, 1;
    %pushi/vec4 0, 0, 1;
    %store/vec4 v0x24eb300_0, 0, 1;
    %pushi/vec4 0, 0, 1;
    %store/vec4 v0x24eb3d0_0, 0, 1;
    %pushi/vec4 0, 0, 1;
    %store/vec4 v0x24ea820_0, 0, 1;
    %pushi/vec4 0, 0, 1;
    %store/vec4 v0x24eb5b0_0, 0, 1;
    %pushi/vec4 0, 0, 1;
    %store/vec4 v0x24eabf0_0, 0, 1;
    %pushi/vec4 0, 0, 1;
    %store/vec4 v0x24ea750_0, 0, 1;
    %pushi/vec4 0, 0, 1;
    %store/vec4 v0x24eae20_0, 0, 1;
    %pushi/vec4 0, 0, 1;
    %store/vec4 v0x24eacc0_0, 0, 1;
    %pushi/vec4 0, 0, 1;
    %store/vec4 v0x24eaef0_0, 0, 1;
    %pushi/vec4 0, 0, 1;
    %store/vec4 v0x24eafc0_0, 0, 1;
    %pushi/vec4 0, 0, 1;
    %store/vec4 v0x24eb090_0, 0, 1;
    %pushi/vec4 0, 0, 1;
    %store/vec4 v0x24eb160_0, 0, 1;
    %pushi/vec4 0, 0, 1;
    %store/vec4 v0x24eb9c0_0, 0, 1;
    %pushi/vec4 0, 0, 1;
    %store/vec4 v0x24eb820_0, 0, 1;
    %pushi/vec4 0, 0, 1;
    %store/vec4 v0x24ea920_0, 0, 1;
    %pushi/vec4 0, 0, 1;
    %store/vec4 v0x24ea9c0_0, 0, 1;
    %pushi/vec4 1, 0, 1;
    %store/vec4 v0x24eaab0_0, 0, 1;
    %jmp T_2.19;
T_2.17 ;
    %pushi/vec4 0, 0, 1;
    %store/vec4 v0x24eb680_0, 0, 1;
    %pushi/vec4 0, 0, 1;
    %store/vec4 v0x24eb750_0, 0, 1;
    %pushi/vec4 0, 0, 1;
    %store/vec4 v0x24eab50_0, 0, 1;
    %pushi/vec4 0, 0, 1;
    %store/vec4 v0x24eb230_0, 0, 1;
    %pushi/vec4 0, 0, 1;
    %store/vec4 v0x24ea690_0, 0, 1;
    %pushi/vec4 0, 0, 1;
    %store/vec4 v0x24eb300_0, 0, 1;
    %pushi/vec4 0, 0, 1;
    %store/vec4 v0x24eb3d0_0, 0, 1;
    %pushi/vec4 0, 0, 1;
    %store/vec4 v0x24ea820_0, 0, 1;
    %pushi/vec4 0, 0, 1;
    %store/vec4 v0x24eb5b0_0, 0, 1;
    %pushi/vec4 0, 0, 1;
    %store/vec4 v0x24eae20_0, 0, 1;
    %pushi/vec4 0, 0, 1;
    %store/vec4 v0x24eacc0_0, 0, 1;
    %pushi/vec4 0, 0, 1;
    %store/vec4 v0x24eaef0_0, 0, 1;
    %pushi/vec4 0, 0, 1;
    %store/vec4 v0x24eafc0_0, 0, 1;
    %pushi/vec4 0, 0, 1;
    %store/vec4 v0x24eb090_0, 0, 1;
    %pushi/vec4 0, 0, 1;
    %store/vec4 v0x24eb160_0, 0, 1;
    %pushi/vec4 0, 0, 1;
    %store/vec4 v0x24eb9c0_0, 0, 1;
    %pushi/vec4 0, 0, 1;
    %store/vec4 v0x24eb820_0, 0, 1;
    %load/vec4 v0x24ec010_0;
    %dup/vec4;
    %pushi/vec4 1, 0, 2;
    %cmp/u;
    %jmp/1 T_2.38, 6;
    %dup/vec4;
    %pushi/vec4 2, 0, 2;
    %cmp/u;
    %jmp/1 T_2.39, 6;
    %dup/vec4;
    %pushi/vec4 3, 0, 2;
    %cmp/u;
    %jmp/1 T_2.40, 6;
    %load/vec4 v0x24eb8f0_0;
    %store/vec4 v0x24eabf0_0, 0, 1;
    %jmp T_2.42;
T_2.38 ;
    %load/vec4 v0x24eb8f0_0;
    %store/vec4 v0x24eabf0_0, 0, 1;
    %jmp T_2.42;
T_2.39 ;
    %load/vec4 v0x24eb8f0_0;
    %store/vec4 v0x24eabf0_0, 0, 1;
    %jmp T_2.42;
T_2.40 ;
    %load/vec4 v0x24eb8f0_0;
    %store/vec4 v0x24ea750_0, 0, 1;
    %jmp T_2.42;
T_2.42 ;
    %pop/vec4 1;
    %jmp T_2.19;
T_2.19 ;
    %pop/vec4 1;
    %jmp T_2;
    .thread T_2, $push;
    .scope S_0x24e9360;
T_3 ;
    %wait E_0x24e6410;
    %load/vec4 v0x24ec4d0_0;
    %dup/vec4;
    %pushi/vec4 1, 0, 5;
    %cmp/u;
    %jmp/1 T_3.0, 6;
    %dup/vec4;
    %pushi/vec4 2, 0, 5;
    %cmp/u;
    %jmp/1 T_3.1, 6;
    %dup/vec4;
    %pushi/vec4 4, 0, 5;
    %cmp/u;
    %jmp/1 T_3.2, 6;
    %dup/vec4;
    %pushi/vec4 5, 0, 5;
    %cmp/u;
    %jmp/1 T_3.3, 6;
    %dup/vec4;
    %pushi/vec4 6, 0, 5;
    %cmp/u;
    %jmp/1 T_3.4, 6;
    %dup/vec4;
    %pushi/vec4 7, 0, 5;
    %cmp/u;
    %jmp/1 T_3.5, 6;
    %dup/vec4;
    %pushi/vec4 8, 0, 5;
    %cmp/u;
    %jmp/1 T_3.6, 6;
    %dup/vec4;
    %pushi/vec4 9, 0, 5;
    %cmp/u;
    %jmp/1 T_3.7, 6;
    %dup/vec4;
    %pushi/vec4 10, 0, 5;
    %cmp/u;
    %jmp/1 T_3.8, 6;
    %dup/vec4;
    %pushi/vec4 11, 0, 5;
    %cmp/u;
    %jmp/1 T_3.9, 6;
    %dup/vec4;
    %pushi/vec4 12, 0, 5;
    %cmp/u;
    %jmp/1 T_3.10, 6;
    %dup/vec4;
    %pushi/vec4 14, 0, 5;
    %cmp/u;
    %jmp/1 T_3.11, 6;
    %dup/vec4;
    %pushi/vec4 15, 0, 5;
    %cmp/u;
    %jmp/1 T_3.12, 6;
    %dup/vec4;
    %pushi/vec4 16, 0, 5;
    %cmp/u;
    %jmp/1 T_3.13, 6;
    %dup/vec4;
    %pushi/vec4 17, 0, 5;
    %cmp/u;
    %jmp/1 T_3.14, 6;
    %dup/vec4;
    %pushi/vec4 18, 0, 5;
    %cmp/u;
    %jmp/1 T_3.15, 6;
    %dup/vec4;
    %pushi/vec4 19, 0, 5;
    %cmp/u;
    %jmp/1 T_3.16, 6;
    %dup/vec4;
    %pushi/vec4 20, 0, 5;
    %cmp/u;
    %jmp/1 T_3.17, 6;
    %jmp T_3.18;
T_3.0 ;
    %pushi/vec4 0, 0, 32; draw_string_vec4
    %pushi/vec4 0, 0, 32; draw_string_vec4
    %concat/vec4; draw_string_vec4
    %pushi/vec4 0, 0, 32; draw_string_vec4
    %concat/vec4; draw_string_vec4
    %pushi/vec4 0, 0, 32; draw_string_vec4
    %concat/vec4; draw_string_vec4
    %pushi/vec4 0, 0, 32; draw_string_vec4
    %concat/vec4; draw_string_vec4
    %pushi/vec4 0, 0, 32; draw_string_vec4
    %concat/vec4; draw_string_vec4
    %pushi/vec4 0, 0, 32; draw_string_vec4
    %concat/vec4; draw_string_vec4
    %pushi/vec4 0, 0, 32; draw_string_vec4
    %concat/vec4; draw_string_vec4
    %pushi/vec4 0, 0, 32; draw_string_vec4
    %concat/vec4; draw_string_vec4
    %pushi/vec4 1229212741, 0, 32; draw_string_vec4
    %concat/vec4; draw_string_vec4
    %store/vec4 v0x24ec570_0, 0, 320;
    %jmp T_3.18;
T_3.1 ;
    %pushi/vec4 0, 0, 32; draw_string_vec4
    %pushi/vec4 0, 0, 32; draw_string_vec4
    %concat/vec4; draw_string_vec4
    %pushi/vec4 0, 0, 32; draw_string_vec4
    %concat/vec4; draw_string_vec4
    %pushi/vec4 0, 0, 32; draw_string_vec4
    %concat/vec4; draw_string_vec4
    %pushi/vec4 0, 0, 32; draw_string_vec4
    %concat/vec4; draw_string_vec4
    %pushi/vec4 0, 0, 32; draw_string_vec4
    %concat/vec4; draw_string_vec4
    %pushi/vec4 0, 0, 32; draw_string_vec4
    %concat/vec4; draw_string_vec4
    %pushi/vec4 0, 0, 32; draw_string_vec4
    %concat/vec4; draw_string_vec4
    %pushi/vec4 5461057, 0, 32; draw_string_vec4
    %concat/vec4; draw_string_vec4
    %pushi/vec4 1381261105, 0, 32; draw_string_vec4
    %concat/vec4; draw_string_vec4
    %store/vec4 v0x24ec570_0, 0, 320;
    %jmp T_3.18;
T_3.2 ;
    %pushi/vec4 0, 0, 32; draw_string_vec4
    %pushi/vec4 0, 0, 32; draw_string_vec4
    %concat/vec4; draw_string_vec4
    %pushi/vec4 0, 0, 32; draw_string_vec4
    %concat/vec4; draw_string_vec4
    %pushi/vec4 0, 0, 32; draw_string_vec4
    %concat/vec4; draw_string_vec4
    %pushi/vec4 0, 0, 32; draw_string_vec4
    %concat/vec4; draw_string_vec4
    %pushi/vec4 0, 0, 32; draw_string_vec4
    %concat/vec4; draw_string_vec4
    %pushi/vec4 0, 0, 32; draw_string_vec4
    %concat/vec4; draw_string_vec4
    %pushi/vec4 0, 0, 32; draw_string_vec4
    %concat/vec4; draw_string_vec4
    %pushi/vec4 4277316, 0, 32; draw_string_vec4
    %concat/vec4; draw_string_vec4
    %pushi/vec4 1380275027, 0, 32; draw_string_vec4
    %concat/vec4; draw_string_vec4
    %store/vec4 v0x24ec570_0, 0, 320;
    %jmp T_3.18;
T_3.3 ;
    %pushi/vec4 0, 0, 32; draw_string_vec4
    %pushi/vec4 0, 0, 32; draw_string_vec4
    %concat/vec4; draw_string_vec4
    %pushi/vec4 0, 0, 32; draw_string_vec4
    %concat/vec4; draw_string_vec4
    %pushi/vec4 0, 0, 32; draw_string_vec4
    %concat/vec4; draw_string_vec4
    %pushi/vec4 0, 0, 32; draw_string_vec4
    %concat/vec4; draw_string_vec4
    %pushi/vec4 0, 0, 32; draw_string_vec4
    %concat/vec4; draw_string_vec4
    %pushi/vec4 0, 0, 32; draw_string_vec4
    %concat/vec4; draw_string_vec4
    %pushi/vec4 0, 0, 32; draw_string_vec4
    %concat/vec4; draw_string_vec4
    %pushi/vec4 1380270404, 0, 32; draw_string_vec4
    %concat/vec4; draw_string_vec4
    %pushi/vec4 1598112587, 0, 32; draw_string_vec4
    %concat/vec4; draw_string_vec4
    %store/vec4 v0x24ec570_0, 0, 320;
    %jmp T_3.18;
T_3.4 ;
    %pushi/vec4 0, 0, 32; draw_string_vec4
    %pushi/vec4 0, 0, 32; draw_string_vec4
    %concat/vec4; draw_string_vec4
    %pushi/vec4 0, 0, 32; draw_string_vec4
    %concat/vec4; draw_string_vec4
    %pushi/vec4 0, 0, 32; draw_string_vec4
    %concat/vec4; draw_string_vec4
    %pushi/vec4 0, 0, 32; draw_string_vec4
    %concat/vec4; draw_string_vec4
    %pushi/vec4 0, 0, 32; draw_string_vec4
    %concat/vec4; draw_string_vec4
    %pushi/vec4 0, 0, 32; draw_string_vec4
    %concat/vec4; draw_string_vec4
    %pushi/vec4 22354, 0, 32; draw_string_vec4
    %concat/vec4; draw_string_vec4
    %pushi/vec4 1230259551, 0, 32; draw_string_vec4
    %concat/vec4; draw_string_vec4
    %pushi/vec4 1145132097, 0, 32; draw_string_vec4
    %concat/vec4; draw_string_vec4
    %store/vec4 v0x24ec570_0, 0, 320;
    %jmp T_3.18;
T_3.5 ;
    %pushi/vec4 0, 0, 32; draw_string_vec4
    %pushi/vec4 0, 0, 32; draw_string_vec4
    %concat/vec4; draw_string_vec4
    %pushi/vec4 0, 0, 32; draw_string_vec4
    %concat/vec4; draw_string_vec4
    %pushi/vec4 0, 0, 32; draw_string_vec4
    %concat/vec4; draw_string_vec4
    %pushi/vec4 0, 0, 32; draw_string_vec4
    %concat/vec4; draw_string_vec4
    %pushi/vec4 0, 0, 32; draw_string_vec4
    %concat/vec4; draw_string_vec4
    %pushi/vec4 0, 0, 32; draw_string_vec4
    %concat/vec4; draw_string_vec4
    %pushi/vec4 82, 0, 32; draw_string_vec4
    %concat/vec4; draw_string_vec4
    %pushi/vec4 1161905247, 0, 32; draw_string_vec4
    %concat/vec4; draw_string_vec4
    %pushi/vec4 1094929202, 0, 32; draw_string_vec4
    %concat/vec4; draw_string_vec4
    %store/vec4 v0x24ec570_0, 0, 320;
    %jmp T_3.18;
T_3.6 ;
    %pushi/vec4 0, 0, 32; draw_string_vec4
    %pushi/vec4 0, 0, 32; draw_string_vec4
    %concat/vec4; draw_string_vec4
    %pushi/vec4 0, 0, 32; draw_string_vec4
    %concat/vec4; draw_string_vec4
    %pushi/vec4 0, 0, 32; draw_string_vec4
    %concat/vec4; draw_string_vec4
    %pushi/vec4 0, 0, 32; draw_string_vec4
    %concat/vec4; draw_string_vec4
    %pushi/vec4 0, 0, 32; draw_string_vec4
    %concat/vec4; draw_string_vec4
    %pushi/vec4 0, 0, 32; draw_string_vec4
    %concat/vec4; draw_string_vec4
    %pushi/vec4 82, 0, 32; draw_string_vec4
    %concat/vec4; draw_string_vec4
    %pushi/vec4 1161905247, 0, 32; draw_string_vec4
    %concat/vec4; draw_string_vec4
    %pushi/vec4 1145132097, 0, 32; draw_string_vec4
    %concat/vec4; draw_string_vec4
    %store/vec4 v0x24ec570_0, 0, 320;
    %jmp T_3.18;
T_3.7 ;
    %pushi/vec4 0, 0, 32; draw_string_vec4
    %pushi/vec4 0, 0, 32; draw_string_vec4
    %concat/vec4; draw_string_vec4
    %pushi/vec4 0, 0, 32; draw_string_vec4
    %concat/vec4; draw_string_vec4
    %pushi/vec4 0, 0, 32; draw_string_vec4
    %concat/vec4; draw_string_vec4
    %pushi/vec4 0, 0, 32; draw_string_vec4
    %concat/vec4; draw_string_vec4
    %pushi/vec4 0, 0, 32; draw_string_vec4
    %concat/vec4; draw_string_vec4
    %pushi/vec4 0, 0, 32; draw_string_vec4
    %concat/vec4; draw_string_vec4
    %pushi/vec4 87, 0, 32; draw_string_vec4
    %concat/vec4; draw_string_vec4
    %pushi/vec4 1380537413, 0, 32; draw_string_vec4
    %concat/vec4; draw_string_vec4
    %pushi/vec4 1598112587, 0, 32; draw_string_vec4
    %concat/vec4; draw_string_vec4
    %store/vec4 v0x24ec570_0, 0, 320;
    %jmp T_3.18;
T_3.8 ;
    %pushi/vec4 0, 0, 32; draw_string_vec4
    %pushi/vec4 0, 0, 32; draw_string_vec4
    %concat/vec4; draw_string_vec4
    %pushi/vec4 0, 0, 32; draw_string_vec4
    %concat/vec4; draw_string_vec4
    %pushi/vec4 0, 0, 32; draw_string_vec4
    %concat/vec4; draw_string_vec4
    %pushi/vec4 0, 0, 32; draw_string_vec4
    %concat/vec4; draw_string_vec4
    %pushi/vec4 0, 0, 32; draw_string_vec4
    %concat/vec4; draw_string_vec4
    %pushi/vec4 0, 0, 32; draw_string_vec4
    %concat/vec4; draw_string_vec4
    %pushi/vec4 22354, 0, 32; draw_string_vec4
    %concat/vec4; draw_string_vec4
    %pushi/vec4 1230259551, 0, 32; draw_string_vec4
    %concat/vec4; draw_string_vec4
    %pushi/vec4 1312899915, 0, 32; draw_string_vec4
    %concat/vec4; draw_string_vec4
    %store/vec4 v0x24ec570_0, 0, 320;
    %jmp T_3.18;
T_3.9 ;
    %pushi/vec4 0, 0, 32; draw_string_vec4
    %pushi/vec4 0, 0, 32; draw_string_vec4
    %concat/vec4; draw_string_vec4
    %pushi/vec4 0, 0, 32; draw_string_vec4
    %concat/vec4; draw_string_vec4
    %pushi/vec4 0, 0, 32; draw_string_vec4
    %concat/vec4; draw_string_vec4
    %pushi/vec4 0, 0, 32; draw_string_vec4
    %concat/vec4; draw_string_vec4
    %pushi/vec4 0, 0, 32; draw_string_vec4
    %concat/vec4; draw_string_vec4
    %pushi/vec4 0, 0, 32; draw_string_vec4
    %concat/vec4; draw_string_vec4
    %pushi/vec4 0, 0, 32; draw_string_vec4
    %concat/vec4; draw_string_vec4
    %pushi/vec4 21332, 0, 32; draw_string_vec4
    %concat/vec4; draw_string_vec4
    %pushi/vec4 1330667313, 0, 32; draw_string_vec4
    %concat/vec4; draw_string_vec4
    %store/vec4 v0x24ec570_0, 0, 320;
    %jmp T_3.18;
T_3.10 ;
    %pushi/vec4 0, 0, 32; draw_string_vec4
    %pushi/vec4 0, 0, 32; draw_string_vec4
    %concat/vec4; draw_string_vec4
    %pushi/vec4 0, 0, 32; draw_string_vec4
    %concat/vec4; draw_string_vec4
    %pushi/vec4 0, 0, 32; draw_string_vec4
    %concat/vec4; draw_string_vec4
    %pushi/vec4 0, 0, 32; draw_string_vec4
    %concat/vec4; draw_string_vec4
    %pushi/vec4 0, 0, 32; draw_string_vec4
    %concat/vec4; draw_string_vec4
    %pushi/vec4 0, 0, 32; draw_string_vec4
    %concat/vec4; draw_string_vec4
    %pushi/vec4 0, 0, 32; draw_string_vec4
    %concat/vec4; draw_string_vec4
    %pushi/vec4 21332, 0, 32; draw_string_vec4
    %concat/vec4; draw_string_vec4
    %pushi/vec4 1330667314, 0, 32; draw_string_vec4
    %concat/vec4; draw_string_vec4
    %store/vec4 v0x24ec570_0, 0, 320;
    %jmp T_3.18;
T_3.11 ;
    %pushi/vec4 0, 0, 32; draw_string_vec4
    %pushi/vec4 0, 0, 32; draw_string_vec4
    %concat/vec4; draw_string_vec4
    %pushi/vec4 0, 0, 32; draw_string_vec4
    %concat/vec4; draw_string_vec4
    %pushi/vec4 0, 0, 32; draw_string_vec4
    %concat/vec4; draw_string_vec4
    %pushi/vec4 0, 0, 32; draw_string_vec4
    %concat/vec4; draw_string_vec4
    %pushi/vec4 0, 0, 32; draw_string_vec4
    %concat/vec4; draw_string_vec4
    %pushi/vec4 0, 0, 32; draw_string_vec4
    %concat/vec4; draw_string_vec4
    %pushi/vec4 0, 0, 32; draw_string_vec4
    %concat/vec4; draw_string_vec4
    %pushi/vec4 0, 0, 32; draw_string_vec4
    %concat/vec4; draw_string_vec4
    %pushi/vec4 1463896404, 0, 32; draw_string_vec4
    %concat/vec4; draw_string_vec4
    %store/vec4 v0x24ec570_0, 0, 320;
    %jmp T_3.18;
T_3.12 ;
    %pushi/vec4 0, 0, 32; draw_string_vec4
    %pushi/vec4 0, 0, 32; draw_string_vec4
    %concat/vec4; draw_string_vec4
    %pushi/vec4 0, 0, 32; draw_string_vec4
    %concat/vec4; draw_string_vec4
    %pushi/vec4 0, 0, 32; draw_string_vec4
    %concat/vec4; draw_string_vec4
    %pushi/vec4 0, 0, 32; draw_string_vec4
    %concat/vec4; draw_string_vec4
    %pushi/vec4 0, 0, 32; draw_string_vec4
    %concat/vec4; draw_string_vec4
    %pushi/vec4 0, 0, 32; draw_string_vec4
    %concat/vec4; draw_string_vec4
    %pushi/vec4 0, 0, 32; draw_string_vec4
    %concat/vec4; draw_string_vec4
    %pushi/vec4 1128809795, 0, 32; draw_string_vec4
    %concat/vec4; draw_string_vec4
    %pushi/vec4 1264538673, 0, 32; draw_string_vec4
    %concat/vec4; draw_string_vec4
    %store/vec4 v0x24ec570_0, 0, 320;
    %jmp T_3.18;
T_3.13 ;
    %pushi/vec4 0, 0, 32; draw_string_vec4
    %pushi/vec4 0, 0, 32; draw_string_vec4
    %concat/vec4; draw_string_vec4
    %pushi/vec4 0, 0, 32; draw_string_vec4
    %concat/vec4; draw_string_vec4
    %pushi/vec4 0, 0, 32; draw_string_vec4
    %concat/vec4; draw_string_vec4
    %pushi/vec4 0, 0, 32; draw_string_vec4
    %concat/vec4; draw_string_vec4
    %pushi/vec4 0, 0, 32; draw_string_vec4
    %concat/vec4; draw_string_vec4
    %pushi/vec4 0, 0, 32; draw_string_vec4
    %concat/vec4; draw_string_vec4
    %pushi/vec4 0, 0, 32; draw_string_vec4
    %concat/vec4; draw_string_vec4
    %pushi/vec4 1128809795, 0, 32; draw_string_vec4
    %concat/vec4; draw_string_vec4
    %pushi/vec4 1264538674, 0, 32; draw_string_vec4
    %concat/vec4; draw_string_vec4
    %store/vec4 v0x24ec570_0, 0, 320;
    %jmp T_3.18;
T_3.14 ;
    %pushi/vec4 0, 0, 32; draw_string_vec4
    %pushi/vec4 0, 0, 32; draw_string_vec4
    %concat/vec4; draw_string_vec4
    %pushi/vec4 0, 0, 32; draw_string_vec4
    %concat/vec4; draw_string_vec4
    %pushi/vec4 0, 0, 32; draw_string_vec4
    %concat/vec4; draw_string_vec4
    %pushi/vec4 0, 0, 32; draw_string_vec4
    %concat/vec4; draw_string_vec4
    %pushi/vec4 0, 0, 32; draw_string_vec4
    %concat/vec4; draw_string_vec4
    %pushi/vec4 0, 0, 32; draw_string_vec4
    %concat/vec4; draw_string_vec4
    %pushi/vec4 0, 0, 32; draw_string_vec4
    %concat/vec4; draw_string_vec4
    %pushi/vec4 21317, 0, 32; draw_string_vec4
    %concat/vec4; draw_string_vec4
    %pushi/vec4 1415530801, 0, 32; draw_string_vec4
    %concat/vec4; draw_string_vec4
    %store/vec4 v0x24ec570_0, 0, 320;
    %jmp T_3.18;
T_3.15 ;
    %pushi/vec4 0, 0, 32; draw_string_vec4
    %pushi/vec4 0, 0, 32; draw_string_vec4
    %concat/vec4; draw_string_vec4
    %pushi/vec4 0, 0, 32; draw_string_vec4
    %concat/vec4; draw_string_vec4
    %pushi/vec4 0, 0, 32; draw_string_vec4
    %concat/vec4; draw_string_vec4
    %pushi/vec4 0, 0, 32; draw_string_vec4
    %concat/vec4; draw_string_vec4
    %pushi/vec4 0, 0, 32; draw_string_vec4
    %concat/vec4; draw_string_vec4
    %pushi/vec4 0, 0, 32; draw_string_vec4
    %concat/vec4; draw_string_vec4
    %pushi/vec4 0, 0, 32; draw_string_vec4
    %concat/vec4; draw_string_vec4
    %pushi/vec4 21317, 0, 32; draw_string_vec4
    %concat/vec4; draw_string_vec4
    %pushi/vec4 1415530802, 0, 32; draw_string_vec4
    %concat/vec4; draw_string_vec4
    %store/vec4 v0x24ec570_0, 0, 320;
    %jmp T_3.18;
T_3.16 ;
    %pushi/vec4 0, 0, 32; draw_string_vec4
    %pushi/vec4 0, 0, 32; draw_string_vec4
    %concat/vec4; draw_string_vec4
    %pushi/vec4 0, 0, 32; draw_string_vec4
    %concat/vec4; draw_string_vec4
    %pushi/vec4 0, 0, 32; draw_string_vec4
    %concat/vec4; draw_string_vec4
    %pushi/vec4 0, 0, 32; draw_string_vec4
    %concat/vec4; draw_string_vec4
    %pushi/vec4 0, 0, 32; draw_string_vec4
    %concat/vec4; draw_string_vec4
    %pushi/vec4 0, 0, 32; draw_string_vec4
    %concat/vec4; draw_string_vec4
    %pushi/vec4 0, 0, 32; draw_string_vec4
    %concat/vec4; draw_string_vec4
    %pushi/vec4 21317, 0, 32; draw_string_vec4
    %concat/vec4; draw_string_vec4
    %pushi/vec4 1415530803, 0, 32; draw_string_vec4
    %concat/vec4; draw_string_vec4
    %store/vec4 v0x24ec570_0, 0, 320;
    %jmp T_3.18;
T_3.17 ;
    %pushi/vec4 0, 0, 32; draw_string_vec4
    %pushi/vec4 0, 0, 32; draw_string_vec4
    %concat/vec4; draw_string_vec4
    %pushi/vec4 0, 0, 32; draw_string_vec4
    %concat/vec4; draw_string_vec4
    %pushi/vec4 0, 0, 32; draw_string_vec4
    %concat/vec4; draw_string_vec4
    %pushi/vec4 0, 0, 32; draw_string_vec4
    %concat/vec4; draw_string_vec4
    %pushi/vec4 0, 0, 32; draw_string_vec4
    %concat/vec4; draw_string_vec4
    %pushi/vec4 0, 0, 32; draw_string_vec4
    %concat/vec4; draw_string_vec4
    %pushi/vec4 0, 0, 32; draw_string_vec4
    %concat/vec4; draw_string_vec4
    %pushi/vec4 4409439, 0, 32; draw_string_vec4
    %concat/vec4; draw_string_vec4
    %pushi/vec4 1129270854, 0, 32; draw_string_vec4
    %concat/vec4; draw_string_vec4
    %store/vec4 v0x24ec570_0, 0, 320;
    %jmp T_3.18;
T_3.18 ;
    %pop/vec4 1;
    %jmp T_3;
    .thread T_3, $push;
    .scope S_0x2426070;
T_4 ;
    %wait E_0x24cc650;
    %load/vec4 v0x24e34d0_0;
    %flag_set/vec4 8;
    %jmp/0xz  T_4.0, 8;
    %pushi/vec4 112, 0, 8;
    %ix/load 3, 0, 0;
    %flag_set/imm 4, 0;
    %ix/load 4, 0, 0; Constant delay
    %assign/vec4/a/d v0x24e3250, 0, 4;
    %pushi/vec4 113, 0, 8;
    %ix/load 3, 1, 0;
    %flag_set/imm 4, 0;
    %ix/load 4, 0, 0; Constant delay
    %assign/vec4/a/d v0x24e3250, 0, 4;
    %pushi/vec4 0, 0, 8;
    %ix/load 3, 2, 0;
    %flag_set/imm 4, 0;
    %ix/load 4, 0, 0; Constant delay
    %assign/vec4/a/d v0x24e3250, 0, 4;
    %pushi/vec4 8, 0, 8;
    %ix/load 3, 3, 0;
    %flag_set/imm 4, 0;
    %ix/load 4, 0, 0; Constant delay
    %assign/vec4/a/d v0x24e3250, 0, 4;
    %pushi/vec4 225, 0, 8;
    %ix/load 3, 4, 0;
    %flag_set/imm 4, 0;
    %ix/load 4, 0, 0; Constant delay
    %assign/vec4/a/d v0x24e3250, 0, 4;
    %pushi/vec4 0, 0, 8;
    %ix/load 3, 5, 0;
    %flag_set/imm 4, 0;
    %ix/load 4, 0, 0; Constant delay
    %assign/vec4/a/d v0x24e3250, 0, 4;
    %pushi/vec4 51, 0, 8;
    %ix/load 3, 6, 0;
    %flag_set/imm 4, 0;
    %ix/load 4, 0, 0; Constant delay
    %assign/vec4/a/d v0x24e3250, 0, 4;
    %pushi/vec4 172, 0, 8;
    %ix/load 3, 7, 0;
    %flag_set/imm 4, 0;
    %ix/load 4, 0, 0; Constant delay
    %assign/vec4/a/d v0x24e3250, 0, 4;
    %pushi/vec4 0, 0, 9;
    %assign/vec4 v0x24e3310_0, 0;
    %pushi/vec4 0, 0, 48;
    %assign/vec4 v0x24e33f0_0, 0;
    %jmp T_4.1;
T_4.0 ;
    %load/vec4 v0x24c8ab0_0;
    %flag_set/vec4 8;
    %jmp/0xz  T_4.2, 8;
    %pushi/vec4 0, 0, 1;
    %ix/load 4, 8, 0;
    %ix/load 5, 0, 0;
    %flag_set/imm 4, 0;
    %assign/vec4/off/d v0x24e3310_0, 4, 5;
T_4.2 ;
    %load/vec4 v0x24b7d00_0;
    %flag_set/vec4 8;
    %jmp/0xz  T_4.4, 8;
    %pushi/vec4 1, 0, 1;
    %ix/load 4, 8, 0;
    %ix/load 5, 0, 0;
    %flag_set/imm 4, 0;
    %assign/vec4/off/d v0x24e3310_0, 4, 5;
T_4.4 ;
    %load/vec4 v0x24c39c0_0;
    %flag_set/vec4 8;
    %jmp/0xz  T_4.6, 8;
    %ix/load 4, 0, 0;
    %flag_set/imm 4, 0;
    %load/vec4a v0x24e3250, 4;
    %ix/load 4, 0, 0;
    %ix/load 5, 0, 0;
    %flag_set/imm 4, 0;
    %assign/vec4/off/d v0x24e3310_0, 4, 5;
T_4.6 ;
    %load/vec4 v0x24c6300_0;
    %flag_set/vec4 8;
    %jmp/0xz  T_4.8, 8;
    %ix/load 4, 1, 0;
    %flag_set/imm 4, 0;
    %load/vec4a v0x24e3250, 4;
    %ix/load 4, 0, 0;
    %ix/load 5, 0, 0;
    %flag_set/imm 4, 0;
    %assign/vec4/off/d v0x24e3310_0, 4, 5;
T_4.8 ;
    %load/vec4 v0x24c0aa0_0;
    %flag_set/vec4 8;
    %jmp/0xz  T_4.10, 8;
    %pushi/vec4 1, 0, 32;
    %load/vec4 v0x24e3170_0;
    %pad/u 32;
    %add;
    %ix/vec4 4;
    %load/vec4a v0x24e3250, 4;
    %ix/load 4, 0, 0;
    %ix/load 5, 0, 0;
    %flag_set/imm 4, 0;
    %assign/vec4/off/d v0x24e3310_0, 4, 5;
T_4.10 ;
    %load/vec4 v0x24be2d0_0;
    %flag_set/vec4 8;
    %jmp/0xz  T_4.12, 8;
    %pushi/vec4 4, 0, 32;
    %load/vec4 v0x24e3170_0;
    %pad/u 32;
    %add;
    %ix/vec4 4;
    %load/vec4a v0x24e3250, 4;
    %ix/load 4, 0, 0;
    %ix/load 5, 0, 0;
    %flag_set/imm 4, 0;
    %assign/vec4/off/d v0x24e3310_0, 4, 5;
T_4.12 ;
    %load/vec4 v0x24e2930_0;
    %flag_set/vec4 8;
    %jmp/0xz  T_4.14, 8;
    %load/vec4 v0x24e3310_0;
    %parti/s 8, 0, 2;
    %concati/vec4 0, 0, 1;
    %assign/vec4 v0x24e3310_0, 0;
T_4.14 ;
    %load/vec4 v0x24e27b0_0;
    %inv;
    %flag_set/vec4 8;
    %jmp/0xz  T_4.16, 8;
    %load/vec4 v0x24e2870_0;
    %flag_set/vec4 8;
    %jmp/0xz  T_4.18, 8;
    %load/vec4 v0x24e33f0_0;
    %parti/s 47, 0, 2;
    %load/vec4 v0x24e26f0_0;
    %concat/vec4; draw_concat_vec4
    %assign/vec4 v0x24e33f0_0, 0;
T_4.18 ;
T_4.16 ;
T_4.1 ;
    %jmp T_4;
    .thread T_4;
    .scope S_0x24e5440;
T_5 ;
    %wait E_0x24cc650;
    %load/vec4 v0x24e6100_0;
    %flag_set/vec4 8;
    %jmp/1 T_5.2, 8;
    %load/vec4 v0x24e57c0_0;
    %flag_set/vec4 9;
    %flag_or 8, 9;
T_5.2;
    %jmp/0xz  T_5.0, 8;
    %pushi/vec4 0, 0, 4;
    %assign/vec4 v0x24e6040_0, 0;
    %jmp T_5.1;
T_5.0 ;
    %load/vec4 v0x24e5700_0;
    %flag_set/vec4 8;
    %jmp/0xz  T_5.3, 8;
    %load/vec4 v0x24e6040_0;
    %addi 1, 0, 4;
    %assign/vec4 v0x24e6040_0, 0;
T_5.3 ;
T_5.1 ;
    %jmp T_5;
    .thread T_5;
    .scope S_0x24e6280;
T_6 ;
    %wait E_0x24cc650;
    %load/vec4 v0x24e6eb0_0;
    %flag_set/vec4 8;
    %jmp/0xz  T_6.0, 8;
    %pushi/vec4 3, 0, 3;
    %assign/vec4 v0x24e6df0_0, 0;
    %jmp T_6.1;
T_6.0 ;
    %load/vec4 v0x24e65f0_0;
    %flag_set/vec4 8;
    %jmp/0xz  T_6.2, 8;
    %pushi/vec4 3, 0, 3;
    %assign/vec4 v0x24e6df0_0, 0;
    %jmp T_6.3;
T_6.2 ;
    %load/vec4 v0x24e6530_0;
    %flag_set/vec4 8;
    %jmp/0xz  T_6.4, 8;
    %pushi/vec4 6, 0, 3;
    %assign/vec4 v0x24e6df0_0, 0;
    %jmp T_6.5;
T_6.4 ;
    %load/vec4 v0x24e6450_0;
    %flag_set/vec4 8;
    %jmp/0xz  T_6.6, 8;
    %load/vec4 v0x24e6df0_0;
    %subi 1, 0, 3;
    %assign/vec4 v0x24e6df0_0, 0;
T_6.6 ;
T_6.5 ;
T_6.3 ;
T_6.1 ;
    %jmp T_6;
    .thread T_6;
    .scope S_0x24e8560;
T_7 ;
    %wait E_0x24cc650;
    %load/vec4 v0x24e9220_0;
    %flag_set/vec4 8;
    %jmp/0xz  T_7.0, 8;
    %pushi/vec4 0, 0, 13;
    %assign/vec4 v0x24e9140_0, 0;
    %jmp T_7.1;
T_7.0 ;
    %load/vec4 v0x24e8880_0;
    %flag_set/vec4 8;
    %jmp/0xz  T_7.2, 8;
    %pushi/vec4 1000, 0, 13;
    %assign/vec4 v0x24e9140_0, 0;
    %jmp T_7.3;
T_7.2 ;
    %load/vec4 v0x24e87a0_0;
    %flag_set/vec4 8;
    %jmp/0xz  T_7.4, 8;
    %load/vec4 v0x24e9140_0;
    %subi 1, 0, 13;
    %assign/vec4 v0x24e9140_0, 0;
T_7.4 ;
T_7.3 ;
T_7.1 ;
    %jmp T_7;
    .thread T_7;
    .scope S_0x24e70a0;
T_8 ;
    %wait E_0x24cc650;
    %load/vec4 v0x24e7630_0;
    %flag_set/vec4 8;
    %jmp/0xz  T_8.0, 8;
    %pushi/vec4 1, 0, 2;
    %assign/vec4 v0x24e7570_0, 0;
    %jmp T_8.1;
T_8.0 ;
    %load/vec4 v0x24e7410_0;
    %flag_set/vec4 8;
    %jmp/0xz  T_8.2, 8;
    %load/vec4 v0x24e7570_0;
    %addi 1, 0, 2;
    %assign/vec4 v0x24e7570_0, 0;
    %jmp T_8.3;
T_8.2 ;
    %load/vec4 v0x24e7330_0;
    %flag_set/vec4 8;
    %jmp/0xz  T_8.4, 8;
    %load/vec4 v0x24e7570_0;
    %subi 1, 0, 2;
    %assign/vec4 v0x24e7570_0, 0;
T_8.4 ;
T_8.3 ;
T_8.1 ;
    %jmp T_8;
    .thread T_8;
    .scope S_0x24e77c0;
T_9 ;
    %wait E_0x24cc650;
    %load/vec4 v0x24e83d0_0;
    %flag_set/vec4 8;
    %jmp/0xz  T_9.0, 8;
    %pushi/vec4 0, 0, 6;
    %assign/vec4 v0x24e81c0_0, 0;
    %pushi/vec4 0, 0, 2;
    %assign/vec4 v0x24e8100_0, 0;
    %jmp T_9.1;
T_9.0 ;
    %load/vec4 v0x24e81c0_0;
    %pad/u 32;
    %cmpi/e 62, 0, 32;
    %jmp/0xz  T_9.2, 4;
    %pushi/vec4 0, 0, 6;
    %assign/vec4 v0x24e81c0_0, 0;
    %load/vec4 v0x24e8100_0;
    %addi 1, 0, 2;
    %assign/vec4 v0x24e8100_0, 0;
    %jmp T_9.3;
T_9.2 ;
    %load/vec4 v0x24e81c0_0;
    %addi 1, 0, 6;
    %assign/vec4 v0x24e81c0_0, 0;
T_9.3 ;
T_9.1 ;
    %jmp T_9;
    .thread T_9;
    .scope S_0x24e4a60;
T_10 ;
    %wait E_0x24e4c40;
    %load/vec4 v0x24e4e60_0;
    %flag_set/vec4 9;
    %flag_get/vec4 9;
    %jmp/0 T_10.2, 9;
    %load/vec4 v0x24e4da0_0;
    %pad/u 32;
    %pushi/vec4 3, 0, 32;
    %cmp/e;
    %flag_get/vec4 4;
    %and;
T_10.2;
    %flag_set/vec4 8;
    %jmp/0xz  T_10.0, 8;
    %pushi/vec4 1, 0, 1;
    %store/vec4 v0x24e4cc0_0, 0, 1;
    %jmp T_10.1;
T_10.0 ;
    %pushi/vec4 0, 0, 1;
    %store/vec4 v0x24e4cc0_0, 0, 1;
T_10.1 ;
    %jmp T_10;
    .thread T_10, $push;
    .scope S_0x24e3c50;
T_11 ;
    %wait E_0x24e3e80;
    %load/vec4 v0x24e3ee0_0;
    %pad/u 32;
    %cmpi/e 0, 0, 32;
    %jmp/1 T_11.2, 4;
    %flag_mov 8, 4;
    %load/vec4 v0x24e3ee0_0;
    %pad/u 32;
    %cmpi/e 3, 0, 32;
    %flag_or 4, 8;
T_11.2;
    %jmp/0xz  T_11.0, 4;
    %pushi/vec4 0, 0, 1;
    %store/vec4 v0x24e3fe0_0, 0, 1;
    %jmp T_11.1;
T_11.0 ;
    %pushi/vec4 1, 0, 1;
    %store/vec4 v0x24e3fe0_0, 0, 1;
T_11.1 ;
    %jmp T_11;
    .thread T_11, $push;
    .scope S_0x24e4f60;
T_12 ;
    %wait E_0x24e5140;
    %load/vec4 v0x24e52a0_0;
    %flag_set/vec4 8;
    %jmp/0xz  T_12.0, 8;
    %load/vec4 v0x24e5360_0;
    %assign/vec4 v0x24e51c0_0, 0;
    %jmp T_12.1;
T_12.0 ;
    %pushi/vec4 1, 0, 1;
    %assign/vec4 v0x24e51c0_0, 0;
T_12.1 ;
    %jmp T_12;
    .thread T_12, $push;
    .scope S_0x24e4100;
T_13 ;
    %wait E_0x24e4330;
    %load/vec4 v0x24e4490_0;
    %pad/u 32;
    %cmpi/u 445645, 0, 32;
    %jmp/0xz  T_13.0, 5;
    %pushi/vec4 1, 0, 1;
    %store/vec4 v0x24e43b0_0, 0, 1;
    %jmp T_13.1;
T_13.0 ;
    %pushi/vec4 0, 0, 1;
    %store/vec4 v0x24e43b0_0, 0, 1;
T_13.1 ;
    %jmp T_13;
    .thread T_13, $push;
    .scope S_0x24e4590;
T_14 ;
    %wait E_0x24e4330;
    %load/vec4 v0x24e48f0_0;
    %pad/u 32;
    %cmpi/u 393216, 0, 32;
    %jmp/0xz  T_14.0, 5;
    %pushi/vec4 1, 0, 1;
    %store/vec4 v0x24e4810_0, 0, 1;
    %jmp T_14.1;
T_14.0 ;
    %pushi/vec4 0, 0, 1;
    %store/vec4 v0x24e4810_0, 0, 1;
T_14.1 ;
    %jmp T_14;
    .thread T_14, $push;
    .scope S_0x24e3850;
T_15 ;
    %wait E_0x24cc900;
    %load/vec4 v0x24e3a90_0;
    %pad/u 32;
    %cmpi/e 0, 0, 32;
    %jmp/0xz  T_15.0, 4;
    %pushi/vec4 1, 0, 1;
    %store/vec4 v0x24e3b50_0, 0, 1;
    %jmp T_15.1;
T_15.0 ;
    %pushi/vec4 0, 0, 1;
    %store/vec4 v0x24e3b50_0, 0, 1;
T_15.1 ;
    %jmp T_15;
    .thread T_15, $push;
    .scope S_0x2424c30;
T_16 ;
T_16.0 ;
    %wait E_0x2481b80;
    %wait E_0x24cc650;
    %pushi/vec4 1, 0, 1;
    %store/vec4 v0x24ef630_0, 0, 1;
    %wait E_0x24cc650;
    %pushi/vec4 0, 0, 1;
    %store/vec4 v0x24ef630_0, 0, 1;
    %event E_0x24cc8c0;
    %jmp T_16.0;
T_16.1 ;
    %end;
    .thread T_16;
    .scope S_0x2424c30;
T_17 ;
    %pushi/vec4 0, 0, 1;
    %store/vec4 v0x24ef450_0, 0, 1;
    %pushi/vec4 1, 0, 1;
    %store/vec4 v0x24ef630_0, 0, 1;
    %pushi/vec4 0, 0, 1;
    %store/vec4 v0x24ef590_0, 0, 1;
    %end;
    .thread T_17;
    .scope S_0x2424c30;
T_18 ;
    %delay 0, 0;
T_18.0 ;
    %pushi/vec4 0, 0, 1;
    %store/vec4 v0x24ef450_0, 0, 1;
    %delay 10000, 0;
    %pushi/vec4 1, 0, 1;
    %store/vec4 v0x24ef450_0, 0, 1;
    %delay 10000, 0;
    %jmp T_18.0;
T_18.1 ;
    %end;
    .thread T_18;
    .scope S_0x2424c30;
T_19 ;
    %delay 10000, 0;
    %event E_0x2481b80;
    %wait E_0x24cc8c0;
    %wait E_0x24ea630;
    %pushi/vec4 0, 0, 1;
    %store/vec4 v0x24ef590_0, 0, 1;
    %wait E_0x24ea630;
    %pushi/vec4 1, 0, 1;
    %store/vec4 v0x24ef590_0, 0, 1;
    %pushi/vec4 0, 0, 21;
    %store/vec4 v0x24ef4f0_0, 0, 21;
T_19.0 ; Top of for-loop 
    %load/vec4 v0x24ef4f0_0;
    %pad/u 32;
    %cmpi/u 2, 0, 32;
    %jmp/0xz T_19.1, 5;
    %wait E_0x24ea630;
T_19.2 ; for-loop step statement
    %load/vec4 v0x24ef4f0_0;
    %addi 1, 0, 21;
    %store/vec4 v0x24ef4f0_0, 0, 21;
    %jmp T_19.0;
T_19.1 ; for-loop exit label
    %pushi/vec4 0, 0, 1;
    %store/vec4 v0x24ef590_0, 0, 1;
    %pushi/vec4 0, 0, 21;
    %store/vec4 v0x24ef4f0_0, 0, 21;
T_19.3 ; Top of for-loop 
    %load/vec4 v0x24ef4f0_0;
    %pad/u 32;
    %cmpi/u 17, 0, 32;
    %jmp/0xz T_19.4, 5;
    %wait E_0x24ea630;
T_19.5 ; for-loop step statement
    %load/vec4 v0x24ef4f0_0;
    %addi 1, 0, 21;
    %store/vec4 v0x24ef4f0_0, 0, 21;
    %jmp T_19.3;
T_19.4 ; for-loop exit label
    %end;
    .thread T_19;
    .scope S_0x2424c30;
T_20 ;
    %fork t_1, S_0x2424eb0;
    %jmp t_0;
    .scope S_0x2424eb0;
t_1 ;
    %vpi_call 2 62 "$dumpfile", "i2c_top_TB.vcd" {0 0 0};
    %vpi_call 2 63 "$dumpvars", 32'sb11111111111111111111111111111111, S_0x2425e90 {0 0 0};
    %delay 1115098112, 3;
    %vpi_call 2 64 "$finish" {0 0 0};
    %end;
    .scope S_0x2424c30;
t_0 %join;
    %end;
    .thread T_20;
# The file index is used to find the file name in the following table.
:file_names 17;
    "N/A";
    "<interactive>";
    "i2c_top_TB.v";
    "i2c_top.v";
    "SDA_mng.v";
    "comp_ACK.v";
    "comp_SCL.v";
    "comp_T1.v";
    "comp_T2.v";
    "comp_tick.v";
    "compout_SCL.v";
    "count_bit.v";
    "count_by.v";
    "count_st.v";
    "count_time.v";
    "count_wait.v";
    "ctrl_i2cs.v";
# EOF
