#! /usr/bin/vvp
:ivl_version "12.0 (stable)" "(v12_0-dirty)";
:ivl_delay_selection "TYPICAL";
:vpi_time_precision - 12;
:vpi_module "/usr/lib/ivl/system.vpi";
:vpi_module "/usr/lib/ivl/vhdl_sys.vpi";
:vpi_module "/usr/lib/ivl/vhdl_textio.vpi";
:vpi_module "/usr/lib/ivl/v2005_math.vpi";
:vpi_module "/usr/lib/ivl/va_math.vpi";
S_0x563c10caa1a0 .scope module, "sqrt_TB" "sqrt_TB" 2 3;
 .timescale -9 -12;
P_0x563c10c69ce0 .param/real "DUTY_CYCLE" 0 2 26, Cr<m4000000000000000gfc1>; value=0.500000
P_0x563c10c69d20 .param/l "OFFSET" 0 2 27, +C4<00000000000000000000000000000000>;
P_0x563c10c69d60 .param/l "PERIOD" 0 2 25, +C4<00000000000000000000000000010100>;
v0x563c10ccf200_0 .var "clk", 0 0;
v0x563c10ccf2c0_0 .net "done", 0 0, v0x563c10ccea50_0;  1 drivers
v0x563c10ccf360_0 .var/i "idx", 31 0;
v0x563c10ccf400_0 .var "init", 0 0;
v0x563c10ccf4a0_0 .var "op_A", 15 0;
v0x563c10ccf540_0 .net "result", 15 0, v0x563c10cceea0_0;  1 drivers
v0x563c10ccf5e0_0 .var "rst", 0 0;
v0x563c10ccf680 .array "tv", 8 0, 15 0;
E_0x563c10cab860 .event posedge, v0x563c10c976b0_0;
E_0x563c10c8c580 .event anyedge, v0x563c10ccea50_0;
E_0x563c10c9a220 .event negedge, v0x563c10c976b0_0;
E_0x563c10c9a540 .event "reset_trigger";
E_0x563c10c9a330 .event "reset_done_trigger";
S_0x563c10caa3d0 .scope begin, "TEST_CASE" "TEST_CASE" 2 98, 2 98 0, S_0x563c10caa1a0;
 .timescale -9 -12;
S_0x563c10c9ae70 .scope module, "uut" "sqrt" 2 16, 3 1 0, S_0x563c10caa1a0;
 .timescale -9 -12;
    .port_info 0 /INPUT 1 "reset";
    .port_info 1 /INPUT 1 "clk";
    .port_info 2 /INPUT 1 "init";
    .port_info 3 /OUTPUT 1 "done";
    .port_info 4 /INPUT 16 "op_A";
    .port_info 5 /OUTPUT 16 "result";
P_0x563c10c9b050 .param/l "CHECK" 0 3 15, C4<011>;
P_0x563c10c9b090 .param/l "CHECK_END" 0 3 16, C4<100>;
P_0x563c10c9b0d0 .param/l "END" 0 3 17, C4<101>;
P_0x563c10c9b110 .param/l "LOAD" 0 3 13, C4<001>;
P_0x563c10c9b150 .param/l "SHIFT" 0 3 14, C4<010>;
P_0x563c10c9b190 .param/l "START" 0 3 12, C4<000>;
v0x563c10c95e10_0 .var "A", 31 0;
v0x563c10c976b0_0 .net "clk", 0 0, v0x563c10ccf200_0;  1 drivers
v0x563c10c97ae0_0 .var "comparador", 15 0;
v0x563c10c98300_0 .var "count", 4 0;
v0x563c10ccea50_0 .var "done", 0 0;
v0x563c10cceb60_0 .net "init", 0 0, v0x563c10ccf400_0;  1 drivers
v0x563c10ccec20_0 .net "op_A", 15 0, v0x563c10ccf4a0_0;  1 drivers
v0x563c10cced00_0 .net "reset", 0 0, v0x563c10ccf5e0_0;  1 drivers
v0x563c10ccedc0_0 .var "residuo", 15 0;
v0x563c10cceea0_0 .var "result", 15 0;
v0x563c10ccef80_0 .var "result_par", 15 0;
v0x563c10ccf060_0 .var "state", 2 0;
E_0x563c10c8e2c0 .event posedge, v0x563c10cced00_0, v0x563c10c976b0_0;
    .scope S_0x563c10c9ae70;
T_0 ;
    %pushi/vec4 0, 0, 16;
    %store/vec4 v0x563c10cceea0_0, 0, 16;
    %pushi/vec4 0, 0, 1;
    %store/vec4 v0x563c10ccea50_0, 0, 1;
    %end;
    .thread T_0;
    .scope S_0x563c10c9ae70;
T_1 ;
    %wait E_0x563c10c8e2c0;
    %load/vec4 v0x563c10cced00_0;
    %flag_set/vec4 8;
    %jmp/0xz  T_1.0, 8;
    %pushi/vec4 0, 0, 3;
    %assign/vec4 v0x563c10ccf060_0, 0;
    %pushi/vec4 0, 0, 1;
    %assign/vec4 v0x563c10ccea50_0, 0;
    %pushi/vec4 0, 0, 16;
    %assign/vec4 v0x563c10cceea0_0, 0;
    %jmp T_1.1;
T_1.0 ;
    %load/vec4 v0x563c10ccf060_0;
    %dup/vec4;
    %pushi/vec4 0, 0, 3;
    %cmp/u;
    %jmp/1 T_1.2, 6;
    %dup/vec4;
    %pushi/vec4 1, 0, 3;
    %cmp/u;
    %jmp/1 T_1.3, 6;
    %dup/vec4;
    %pushi/vec4 2, 0, 3;
    %cmp/u;
    %jmp/1 T_1.4, 6;
    %dup/vec4;
    %pushi/vec4 3, 0, 3;
    %cmp/u;
    %jmp/1 T_1.5, 6;
    %dup/vec4;
    %pushi/vec4 4, 0, 3;
    %cmp/u;
    %jmp/1 T_1.6, 6;
    %dup/vec4;
    %pushi/vec4 5, 0, 3;
    %cmp/u;
    %jmp/1 T_1.7, 6;
    %pushi/vec4 0, 0, 3;
    %assign/vec4 v0x563c10ccf060_0, 0;
    %jmp T_1.9;
T_1.2 ;
    %pushi/vec4 0, 0, 1;
    %assign/vec4 v0x563c10ccea50_0, 0;
    %pushi/vec4 0, 0, 16;
    %assign/vec4 v0x563c10cceea0_0, 0;
    %pushi/vec4 8, 0, 5;
    %assign/vec4 v0x563c10c98300_0, 0;
    %load/vec4 v0x563c10cceb60_0;
    %flag_set/vec4 8;
    %jmp/0xz  T_1.10, 8;
    %pushi/vec4 1, 0, 3;
    %assign/vec4 v0x563c10ccf060_0, 0;
    %jmp T_1.11;
T_1.10 ;
    %pushi/vec4 0, 0, 3;
    %assign/vec4 v0x563c10ccf060_0, 0;
T_1.11 ;
    %jmp T_1.9;
T_1.3 ;
    %load/vec4 v0x563c10ccec20_0;
    %concati/vec4 0, 0, 16;
    %assign/vec4 v0x563c10c95e10_0, 0;
    %pushi/vec4 0, 0, 16;
    %assign/vec4 v0x563c10ccedc0_0, 0;
    %pushi/vec4 0, 0, 16;
    %assign/vec4 v0x563c10ccef80_0, 0;
    %pushi/vec4 0, 0, 1;
    %assign/vec4 v0x563c10ccea50_0, 0;
    %pushi/vec4 2, 0, 3;
    %assign/vec4 v0x563c10ccf060_0, 0;
    %jmp T_1.9;
T_1.4 ;
    %load/vec4 v0x563c10ccedc0_0;
    %parti/s 14, 0, 2;
    %load/vec4 v0x563c10c95e10_0;
    %parti/s 2, 30, 6;
    %concat/vec4; draw_concat_vec4
    %assign/vec4 v0x563c10ccedc0_0, 0;
    %load/vec4 v0x563c10c95e10_0;
    %parti/s 30, 0, 2;
    %concati/vec4 0, 0, 2;
    %assign/vec4 v0x563c10c95e10_0, 0;
    %pushi/vec4 3, 0, 3;
    %assign/vec4 v0x563c10ccf060_0, 0;
    %jmp T_1.9;
T_1.5 ;
    %load/vec4 v0x563c10ccef80_0;
    %ix/load 4, 1, 0;
    %flag_set/imm 4, 0;
    %shiftl 4;
    %addi 1, 0, 16;
    %store/vec4 v0x563c10c97ae0_0, 0, 16;
    %load/vec4 v0x563c10c97ae0_0;
    %load/vec4 v0x563c10ccedc0_0;
    %cmp/u;
    %flag_or 5, 4;
    %jmp/0xz  T_1.12, 5;
    %load/vec4 v0x563c10ccedc0_0;
    %load/vec4 v0x563c10c97ae0_0;
    %sub;
    %assign/vec4 v0x563c10ccedc0_0, 0;
    %load/vec4 v0x563c10ccef80_0;
    %ix/load 4, 1, 0;
    %flag_set/imm 4, 0;
    %shiftl 4;
    %pushi/vec4 1, 0, 16;
    %or;
    %assign/vec4 v0x563c10ccef80_0, 0;
    %jmp T_1.13;
T_1.12 ;
    %load/vec4 v0x563c10ccef80_0;
    %ix/load 4, 1, 0;
    %flag_set/imm 4, 0;
    %shiftl 4;
    %assign/vec4 v0x563c10ccef80_0, 0;
T_1.13 ;
    %pushi/vec4 4, 0, 3;
    %assign/vec4 v0x563c10ccf060_0, 0;
    %jmp T_1.9;
T_1.6 ;
    %load/vec4 v0x563c10c98300_0;
    %pad/u 32;
    %cmpi/e 0, 0, 32;
    %jmp/0xz  T_1.14, 4;
    %load/vec4 v0x563c10ccef80_0;
    %assign/vec4 v0x563c10cceea0_0, 0;
    %pushi/vec4 5, 0, 3;
    %assign/vec4 v0x563c10ccf060_0, 0;
    %jmp T_1.15;
T_1.14 ;
    %load/vec4 v0x563c10c98300_0;
    %subi 1, 0, 5;
    %assign/vec4 v0x563c10c98300_0, 0;
    %pushi/vec4 2, 0, 3;
    %assign/vec4 v0x563c10ccf060_0, 0;
T_1.15 ;
    %jmp T_1.9;
T_1.7 ;
    %pushi/vec4 1, 0, 1;
    %assign/vec4 v0x563c10ccea50_0, 0;
    %pushi/vec4 0, 0, 3;
    %assign/vec4 v0x563c10ccf060_0, 0;
    %jmp T_1.9;
T_1.9 ;
    %pop/vec4 1;
T_1.1 ;
    %jmp T_1;
    .thread T_1;
    .scope S_0x563c10caa1a0;
T_2 ;
T_2.0 ;
    %wait E_0x563c10c9a540;
    %wait E_0x563c10c9a220;
    %pushi/vec4 1, 0, 1;
    %store/vec4 v0x563c10ccf5e0_0, 0, 1;
    %wait E_0x563c10c9a220;
    %pushi/vec4 0, 0, 1;
    %store/vec4 v0x563c10ccf5e0_0, 0, 1;
    %event E_0x563c10c9a330;
    %jmp T_2.0;
    %end;
    .thread T_2;
    .scope S_0x563c10caa1a0;
T_3 ;
    %pushi/vec4 0, 0, 1;
    %store/vec4 v0x563c10ccf200_0, 0, 1;
    %pushi/vec4 1, 0, 1;
    %store/vec4 v0x563c10ccf5e0_0, 0, 1;
    %pushi/vec4 0, 0, 1;
    %store/vec4 v0x563c10ccf400_0, 0, 1;
    %pushi/vec4 0, 0, 16;
    %store/vec4 v0x563c10ccf4a0_0, 0, 16;
    %end;
    .thread T_3;
    .scope S_0x563c10caa1a0;
T_4 ;
    %delay 0, 0;
T_4.0 ;
    %pushi/vec4 0, 0, 1;
    %store/vec4 v0x563c10ccf200_0, 0, 1;
    %delay 10000, 0;
    %pushi/vec4 1, 0, 1;
    %store/vec4 v0x563c10ccf200_0, 0, 1;
    %delay 10000, 0;
    %jmp T_4.0;
    %end;
    .thread T_4;
    .scope S_0x563c10caa1a0;
T_5 ;
    %delay 10000, 0;
    %event E_0x563c10c9a540;
    %wait E_0x563c10c9a330;
    %wait E_0x563c10cab860;
    %pushi/vec4 0, 0, 16;
    %ix/load 4, 0, 0;
    %flag_set/imm 4, 0;
    %store/vec4a v0x563c10ccf680, 4, 0;
    %pushi/vec4 1, 0, 16;
    %ix/load 4, 1, 0;
    %flag_set/imm 4, 0;
    %store/vec4a v0x563c10ccf680, 4, 0;
    %pushi/vec4 2, 0, 16;
    %ix/load 4, 2, 0;
    %flag_set/imm 4, 0;
    %store/vec4a v0x563c10ccf680, 4, 0;
    %pushi/vec4 3, 0, 16;
    %ix/load 4, 3, 0;
    %flag_set/imm 4, 0;
    %store/vec4a v0x563c10ccf680, 4, 0;
    %pushi/vec4 4, 0, 16;
    %ix/load 4, 4, 0;
    %flag_set/imm 4, 0;
    %store/vec4a v0x563c10ccf680, 4, 0;
    %pushi/vec4 9, 0, 16;
    %ix/load 4, 5, 0;
    %flag_set/imm 4, 0;
    %store/vec4a v0x563c10ccf680, 4, 0;
    %pushi/vec4 16, 0, 16;
    %ix/load 4, 6, 0;
    %flag_set/imm 4, 0;
    %store/vec4a v0x563c10ccf680, 4, 0;
    %pushi/vec4 255, 0, 16;
    %ix/load 4, 7, 0;
    %flag_set/imm 4, 0;
    %store/vec4a v0x563c10ccf680, 4, 0;
    %pushi/vec4 65535, 0, 16;
    %ix/load 4, 8, 0;
    %flag_set/imm 4, 0;
    %store/vec4a v0x563c10ccf680, 4, 0;
    %pushi/vec4 0, 0, 32;
    %store/vec4 v0x563c10ccf360_0, 0, 32;
T_5.0 ;
    %load/vec4 v0x563c10ccf360_0;
    %cmpi/s 8, 0, 32;
    %flag_or 5, 4;
    %jmp/0xz T_5.1, 5;
    %wait E_0x563c10cab860;
    %ix/getv/s 4, v0x563c10ccf360_0;
    %load/vec4a v0x563c10ccf680, 4;
    %store/vec4 v0x563c10ccf4a0_0, 0, 16;
    %pushi/vec4 1, 0, 1;
    %store/vec4 v0x563c10ccf400_0, 0, 1;
    %wait E_0x563c10cab860;
    %pushi/vec4 0, 0, 1;
    %store/vec4 v0x563c10ccf400_0, 0, 1;
T_5.2 ;
    %load/vec4 v0x563c10ccf2c0_0;
    %pad/u 32;
    %pushi/vec4 1, 0, 32;
    %cmp/e;
    %flag_get/vec4 4;
    %cmpi/ne 1, 0, 1;
    %jmp/0xz T_5.3, 6;
    %wait E_0x563c10c8c580;
    %jmp T_5.2;
T_5.3 ;
    %wait E_0x563c10cab860;
    %vpi_call 2 91 "$display", "Time=%0t ns : op_A=%0d (0x%0h) -> result=%0d (0x%0h)", $time, v0x563c10ccf4a0_0, v0x563c10ccf4a0_0, v0x563c10ccf540_0, v0x563c10ccf540_0 {0 0 0};
    %pushi/vec4 2, 0, 32;
T_5.4 %dup/vec4;
    %pushi/vec4 0, 0, 32;
    %cmp/s;
    %jmp/1xz T_5.5, 5;
    %jmp/1 T_5.5, 4;
    %pushi/vec4 1, 0, 32;
    %sub;
    %wait E_0x563c10cab860;
    %jmp T_5.4;
T_5.5 ;
    %pop/vec4 1;
    %load/vec4 v0x563c10ccf360_0;
    %addi 1, 0, 32;
    %store/vec4 v0x563c10ccf360_0, 0, 32;
    %jmp T_5.0;
T_5.1 ;
    %end;
    .thread T_5;
    .scope S_0x563c10caa1a0;
T_6 ;
    %fork t_1, S_0x563c10caa3d0;
    %jmp t_0;
    .scope S_0x563c10caa3d0;
t_1 ;
    %vpi_call 2 99 "$dumpfile", "sqrt_TB.vcd" {0 0 0};
    %vpi_call 2 100 "$dumpvars", 32'sb11111111111111111111111111111111, S_0x563c10c9ae70 {0 0 0};
    %delay 10000000, 0;
    %vpi_call 2 101 "$finish" {0 0 0};
    %end;
    .scope S_0x563c10caa1a0;
t_0 %join;
    %end;
    .thread T_6;
# The file index is used to find the file name in the following table.
:file_names 4;
    "N/A";
    "<interactive>";
    "sqrt_TB.v";
    "sqrt.v";
