
 /----------------------------------------------------------------------------\
 |                                                                            |
 |  yosys -- Yosys Open SYnthesis Suite                                       |
 |                                                                            |
 |  Copyright (C) 2012 - 2020  Claire Xenia Wolf <claire@yosyshq.com>         |
 |                                                                            |
 |  Permission to use, copy, modify, and/or distribute this software for any  |
 |  purpose with or without fee is hereby granted, provided that the above    |
 |  copyright notice and this permission notice appear in all copies.         |
 |                                                                            |
 |  THE SOFTWARE IS PROVIDED "AS IS" AND THE AUTHOR DISCLAIMS ALL WARRANTIES  |
 |  WITH REGARD TO THIS SOFTWARE INCLUDING ALL IMPLIED WARRANTIES OF          |
 |  MERCHANTABILITY AND FITNESS. IN NO EVENT SHALL THE AUTHOR BE LIABLE FOR   |
 |  ANY SPECIAL, DIRECT, INDIRECT, OR CONSEQUENTIAL DAMAGES OR ANY DAMAGES    |
 |  WHATSOEVER RESULTING FROM LOSS OF USE, DATA OR PROFITS, WHETHER IN AN     |
 |  ACTION OF CONTRACT, NEGLIGENCE OR OTHER TORTIOUS ACTION, ARISING OUT OF   |
 |  OR IN CONNECTION WITH THE USE OR PERFORMANCE OF THIS SOFTWARE.            |
 |                                                                            |
 \----------------------------------------------------------------------------/

 Yosys 0.33+6 (git sha1 41b34a193, x86_64-conda-linux-gnu-cc 11.2.0 -fvisibility-inlines-hidden -fmessage-length=0 -march=nocona -mtune=haswell -ftree-vectorize -fPIC -fstack-protector-strong -fno-plt -O2 -ffunction-sections -fdebug-prefix-map=/root/conda-eda/conda-eda/workdir/conda-env/conda-bld/yosys_1694128612374/work=/usr/local/src/conda/yosys-0.33_7_g41b34a193 -fdebug-prefix-map=/home/owo/miniconda3/envs/digital=/usr/local/src/conda-prefix -fPIC -Os -fno-merge-constants)


-- Running command ` read_verilog sqrt.v ;  synth_ice40  -top sqrt; write_verilog sqrt_synth.v' --

1. Executing Verilog-2005 frontend: sqrt.v
Parsing Verilog input from `sqrt.v' to AST representation.
Generating RTLIL representation for module `\sqrt'.
Successfully finished Verilog frontend.

2. Executing SYNTH_ICE40 pass.

2.1. Executing Verilog-2005 frontend: /home/owo/miniconda3/envs/digital/bin/../share/yosys/ice40/cells_sim.v
Parsing Verilog input from `/home/owo/miniconda3/envs/digital/bin/../share/yosys/ice40/cells_sim.v' to AST representation.
Generating RTLIL representation for module `\SB_IO'.
Generating RTLIL representation for module `\SB_GB_IO'.
Generating RTLIL representation for module `\SB_GB'.
Generating RTLIL representation for module `\SB_LUT4'.
Generating RTLIL representation for module `\SB_CARRY'.
Generating RTLIL representation for module `\SB_DFF'.
Generating RTLIL representation for module `\SB_DFFE'.
Generating RTLIL representation for module `\SB_DFFSR'.
Generating RTLIL representation for module `\SB_DFFR'.
Generating RTLIL representation for module `\SB_DFFSS'.
Generating RTLIL representation for module `\SB_DFFS'.
Generating RTLIL representation for module `\SB_DFFESR'.
Generating RTLIL representation for module `\SB_DFFER'.
Generating RTLIL representation for module `\SB_DFFESS'.
Generating RTLIL representation for module `\SB_DFFES'.
Generating RTLIL representation for module `\SB_DFFN'.
Generating RTLIL representation for module `\SB_DFFNE'.
Generating RTLIL representation for module `\SB_DFFNSR'.
Generating RTLIL representation for module `\SB_DFFNR'.
Generating RTLIL representation for module `\SB_DFFNSS'.
Generating RTLIL representation for module `\SB_DFFNS'.
Generating RTLIL representation for module `\SB_DFFNESR'.
Generating RTLIL representation for module `\SB_DFFNER'.
Generating RTLIL representation for module `\SB_DFFNESS'.
Generating RTLIL representation for module `\SB_DFFNES'.
Generating RTLIL representation for module `\SB_RAM40_4K'.
Generating RTLIL representation for module `\SB_RAM40_4KNR'.
Generating RTLIL representation for module `\SB_RAM40_4KNW'.
Generating RTLIL representation for module `\SB_RAM40_4KNRNW'.
Generating RTLIL representation for module `\ICESTORM_LC'.
Generating RTLIL representation for module `\SB_PLL40_CORE'.
Generating RTLIL representation for module `\SB_PLL40_PAD'.
Generating RTLIL representation for module `\SB_PLL40_2_PAD'.
Generating RTLIL representation for module `\SB_PLL40_2F_CORE'.
Generating RTLIL representation for module `\SB_PLL40_2F_PAD'.
Generating RTLIL representation for module `\SB_WARMBOOT'.
Generating RTLIL representation for module `\SB_SPRAM256KA'.
Generating RTLIL representation for module `\SB_HFOSC'.
Generating RTLIL representation for module `\SB_LFOSC'.
Generating RTLIL representation for module `\SB_RGBA_DRV'.
Generating RTLIL representation for module `\SB_LED_DRV_CUR'.
Generating RTLIL representation for module `\SB_RGB_DRV'.
Generating RTLIL representation for module `\SB_I2C'.
Generating RTLIL representation for module `\SB_SPI'.
Generating RTLIL representation for module `\SB_LEDDA_IP'.
Generating RTLIL representation for module `\SB_FILTER_50NS'.
Generating RTLIL representation for module `\SB_IO_I3C'.
Generating RTLIL representation for module `\SB_IO_OD'.
Generating RTLIL representation for module `\SB_MAC16'.
Generating RTLIL representation for module `\ICESTORM_RAM'.
Successfully finished Verilog frontend.

2.2. Executing HIERARCHY pass (managing design hierarchy).

2.2.1. Analyzing design hierarchy..
Top module:  \sqrt

2.2.2. Analyzing design hierarchy..
Top module:  \sqrt
Removed 0 unused modules.

2.3. Executing PROC pass (convert processes to netlists).

2.3.1. Executing PROC_CLEAN pass (remove empty switches from decision trees).
Cleaned up 0 empty switches.

2.3.2. Executing PROC_RMDEAD pass (remove dead branches from decision trees).
Marked 1 switch rules as full_case in process $proc$/home/owo/miniconda3/envs/digital/bin/../share/yosys/ice40/cells_sim.v:1414$250 in module SB_DFFNES.
Marked 1 switch rules as full_case in process $proc$/home/owo/miniconda3/envs/digital/bin/../share/yosys/ice40/cells_sim.v:1353$243 in module SB_DFFNESS.
Marked 1 switch rules as full_case in process $proc$/home/owo/miniconda3/envs/digital/bin/../share/yosys/ice40/cells_sim.v:1273$239 in module SB_DFFNER.
Marked 1 switch rules as full_case in process $proc$/home/owo/miniconda3/envs/digital/bin/../share/yosys/ice40/cells_sim.v:1212$232 in module SB_DFFNESR.
Marked 1 switch rules as full_case in process $proc$/home/owo/miniconda3/envs/digital/bin/../share/yosys/ice40/cells_sim.v:1138$229 in module SB_DFFNS.
Marked 1 switch rules as full_case in process $proc$/home/owo/miniconda3/envs/digital/bin/../share/yosys/ice40/cells_sim.v:1088$226 in module SB_DFFNSS.
Marked 1 switch rules as full_case in process $proc$/home/owo/miniconda3/envs/digital/bin/../share/yosys/ice40/cells_sim.v:1017$223 in module SB_DFFNR.
Marked 1 switch rules as full_case in process $proc$/home/owo/miniconda3/envs/digital/bin/../share/yosys/ice40/cells_sim.v:967$220 in module SB_DFFNSR.
Marked 1 switch rules as full_case in process $proc$/home/owo/miniconda3/envs/digital/bin/../share/yosys/ice40/cells_sim.v:803$212 in module SB_DFFES.
Marked 1 switch rules as full_case in process $proc$/home/owo/miniconda3/envs/digital/bin/../share/yosys/ice40/cells_sim.v:742$205 in module SB_DFFESS.
Marked 1 switch rules as full_case in process $proc$/home/owo/miniconda3/envs/digital/bin/../share/yosys/ice40/cells_sim.v:662$201 in module SB_DFFER.
Marked 1 switch rules as full_case in process $proc$/home/owo/miniconda3/envs/digital/bin/../share/yosys/ice40/cells_sim.v:601$194 in module SB_DFFESR.
Marked 1 switch rules as full_case in process $proc$/home/owo/miniconda3/envs/digital/bin/../share/yosys/ice40/cells_sim.v:527$191 in module SB_DFFS.
Marked 1 switch rules as full_case in process $proc$/home/owo/miniconda3/envs/digital/bin/../share/yosys/ice40/cells_sim.v:477$188 in module SB_DFFSS.
Marked 1 switch rules as full_case in process $proc$/home/owo/miniconda3/envs/digital/bin/../share/yosys/ice40/cells_sim.v:406$185 in module SB_DFFR.
Marked 1 switch rules as full_case in process $proc$/home/owo/miniconda3/envs/digital/bin/../share/yosys/ice40/cells_sim.v:356$182 in module SB_DFFSR.
Marked 5 switch rules as full_case in process $proc$sqrt.v:31$1 in module sqrt.
Removed a total of 0 dead cases.

2.3.3. Executing PROC_PRUNE pass (remove redundant assignments in processes).
Removed 9 redundant assignments.
Promoted 24 assignments to connections.

2.3.4. Executing PROC_INIT pass (extract init attributes).
Found init rule in `\SB_DFFNES.$proc$/home/owo/miniconda3/envs/digital/bin/../share/yosys/ice40/cells_sim.v:0$253'.
  Set init value: \Q = 1'0
Found init rule in `\SB_DFFNESS.$proc$/home/owo/miniconda3/envs/digital/bin/../share/yosys/ice40/cells_sim.v:0$249'.
  Set init value: \Q = 1'0
Found init rule in `\SB_DFFNER.$proc$/home/owo/miniconda3/envs/digital/bin/../share/yosys/ice40/cells_sim.v:0$242'.
  Set init value: \Q = 1'0
Found init rule in `\SB_DFFNESR.$proc$/home/owo/miniconda3/envs/digital/bin/../share/yosys/ice40/cells_sim.v:0$238'.
  Set init value: \Q = 1'0
Found init rule in `\SB_DFFNS.$proc$/home/owo/miniconda3/envs/digital/bin/../share/yosys/ice40/cells_sim.v:0$231'.
  Set init value: \Q = 1'0
Found init rule in `\SB_DFFNSS.$proc$/home/owo/miniconda3/envs/digital/bin/../share/yosys/ice40/cells_sim.v:0$228'.
  Set init value: \Q = 1'0
Found init rule in `\SB_DFFNR.$proc$/home/owo/miniconda3/envs/digital/bin/../share/yosys/ice40/cells_sim.v:0$225'.
  Set init value: \Q = 1'0
Found init rule in `\SB_DFFNSR.$proc$/home/owo/miniconda3/envs/digital/bin/../share/yosys/ice40/cells_sim.v:0$222'.
  Set init value: \Q = 1'0
Found init rule in `\SB_DFFNE.$proc$/home/owo/miniconda3/envs/digital/bin/../share/yosys/ice40/cells_sim.v:0$219'.
  Set init value: \Q = 1'0
Found init rule in `\SB_DFFN.$proc$/home/owo/miniconda3/envs/digital/bin/../share/yosys/ice40/cells_sim.v:0$217'.
  Set init value: \Q = 1'0
Found init rule in `\SB_DFFES.$proc$/home/owo/miniconda3/envs/digital/bin/../share/yosys/ice40/cells_sim.v:0$215'.
  Set init value: \Q = 1'0
Found init rule in `\SB_DFFESS.$proc$/home/owo/miniconda3/envs/digital/bin/../share/yosys/ice40/cells_sim.v:0$211'.
  Set init value: \Q = 1'0
Found init rule in `\SB_DFFER.$proc$/home/owo/miniconda3/envs/digital/bin/../share/yosys/ice40/cells_sim.v:0$204'.
  Set init value: \Q = 1'0
Found init rule in `\SB_DFFESR.$proc$/home/owo/miniconda3/envs/digital/bin/../share/yosys/ice40/cells_sim.v:0$200'.
  Set init value: \Q = 1'0
Found init rule in `\SB_DFFS.$proc$/home/owo/miniconda3/envs/digital/bin/../share/yosys/ice40/cells_sim.v:0$193'.
  Set init value: \Q = 1'0
Found init rule in `\SB_DFFSS.$proc$/home/owo/miniconda3/envs/digital/bin/../share/yosys/ice40/cells_sim.v:0$190'.
  Set init value: \Q = 1'0
Found init rule in `\SB_DFFR.$proc$/home/owo/miniconda3/envs/digital/bin/../share/yosys/ice40/cells_sim.v:0$187'.
  Set init value: \Q = 1'0
Found init rule in `\SB_DFFSR.$proc$/home/owo/miniconda3/envs/digital/bin/../share/yosys/ice40/cells_sim.v:0$184'.
  Set init value: \Q = 1'0
Found init rule in `\SB_DFFE.$proc$/home/owo/miniconda3/envs/digital/bin/../share/yosys/ice40/cells_sim.v:0$181'.
  Set init value: \Q = 1'0
Found init rule in `\SB_DFF.$proc$/home/owo/miniconda3/envs/digital/bin/../share/yosys/ice40/cells_sim.v:0$179'.
  Set init value: \Q = 1'0
Found init rule in `\sqrt.$proc$sqrt.v:0$9'.
  Set init value: \done = 1'0
  Set init value: \result = 16'0000000000000000

2.3.5. Executing PROC_ARST pass (detect async resets in processes).
Found async reset \S in `\SB_DFFNES.$proc$/home/owo/miniconda3/envs/digital/bin/../share/yosys/ice40/cells_sim.v:1414$250'.
Found async reset \R in `\SB_DFFNER.$proc$/home/owo/miniconda3/envs/digital/bin/../share/yosys/ice40/cells_sim.v:1273$239'.
Found async reset \S in `\SB_DFFNS.$proc$/home/owo/miniconda3/envs/digital/bin/../share/yosys/ice40/cells_sim.v:1138$229'.
Found async reset \R in `\SB_DFFNR.$proc$/home/owo/miniconda3/envs/digital/bin/../share/yosys/ice40/cells_sim.v:1017$223'.
Found async reset \S in `\SB_DFFES.$proc$/home/owo/miniconda3/envs/digital/bin/../share/yosys/ice40/cells_sim.v:803$212'.
Found async reset \R in `\SB_DFFER.$proc$/home/owo/miniconda3/envs/digital/bin/../share/yosys/ice40/cells_sim.v:662$201'.
Found async reset \S in `\SB_DFFS.$proc$/home/owo/miniconda3/envs/digital/bin/../share/yosys/ice40/cells_sim.v:527$191'.
Found async reset \R in `\SB_DFFR.$proc$/home/owo/miniconda3/envs/digital/bin/../share/yosys/ice40/cells_sim.v:406$185'.
Found async reset \reset in `\sqrt.$proc$sqrt.v:31$1'.

2.3.6. Executing PROC_ROM pass (convert switches to ROMs).
Converted 0 switches.

2.3.7. Executing PROC_MUX pass (convert decision trees to multiplexers).
Creating decoders for process `\SB_DFFNES.$proc$/home/owo/miniconda3/envs/digital/bin/../share/yosys/ice40/cells_sim.v:0$253'.
Creating decoders for process `\SB_DFFNES.$proc$/home/owo/miniconda3/envs/digital/bin/../share/yosys/ice40/cells_sim.v:1414$250'.
     1/1: $0\Q[0:0]
Creating decoders for process `\SB_DFFNESS.$proc$/home/owo/miniconda3/envs/digital/bin/../share/yosys/ice40/cells_sim.v:0$249'.
Creating decoders for process `\SB_DFFNESS.$proc$/home/owo/miniconda3/envs/digital/bin/../share/yosys/ice40/cells_sim.v:1353$243'.
     1/1: $0\Q[0:0]
Creating decoders for process `\SB_DFFNER.$proc$/home/owo/miniconda3/envs/digital/bin/../share/yosys/ice40/cells_sim.v:0$242'.
Creating decoders for process `\SB_DFFNER.$proc$/home/owo/miniconda3/envs/digital/bin/../share/yosys/ice40/cells_sim.v:1273$239'.
     1/1: $0\Q[0:0]
Creating decoders for process `\SB_DFFNESR.$proc$/home/owo/miniconda3/envs/digital/bin/../share/yosys/ice40/cells_sim.v:0$238'.
Creating decoders for process `\SB_DFFNESR.$proc$/home/owo/miniconda3/envs/digital/bin/../share/yosys/ice40/cells_sim.v:1212$232'.
     1/1: $0\Q[0:0]
Creating decoders for process `\SB_DFFNS.$proc$/home/owo/miniconda3/envs/digital/bin/../share/yosys/ice40/cells_sim.v:0$231'.
Creating decoders for process `\SB_DFFNS.$proc$/home/owo/miniconda3/envs/digital/bin/../share/yosys/ice40/cells_sim.v:1138$229'.
     1/1: $0\Q[0:0]
Creating decoders for process `\SB_DFFNSS.$proc$/home/owo/miniconda3/envs/digital/bin/../share/yosys/ice40/cells_sim.v:0$228'.
Creating decoders for process `\SB_DFFNSS.$proc$/home/owo/miniconda3/envs/digital/bin/../share/yosys/ice40/cells_sim.v:1088$226'.
     1/1: $0\Q[0:0]
Creating decoders for process `\SB_DFFNR.$proc$/home/owo/miniconda3/envs/digital/bin/../share/yosys/ice40/cells_sim.v:0$225'.
Creating decoders for process `\SB_DFFNR.$proc$/home/owo/miniconda3/envs/digital/bin/../share/yosys/ice40/cells_sim.v:1017$223'.
     1/1: $0\Q[0:0]
Creating decoders for process `\SB_DFFNSR.$proc$/home/owo/miniconda3/envs/digital/bin/../share/yosys/ice40/cells_sim.v:0$222'.
Creating decoders for process `\SB_DFFNSR.$proc$/home/owo/miniconda3/envs/digital/bin/../share/yosys/ice40/cells_sim.v:967$220'.
     1/1: $0\Q[0:0]
Creating decoders for process `\SB_DFFNE.$proc$/home/owo/miniconda3/envs/digital/bin/../share/yosys/ice40/cells_sim.v:0$219'.
Creating decoders for process `\SB_DFFNE.$proc$/home/owo/miniconda3/envs/digital/bin/../share/yosys/ice40/cells_sim.v:922$218'.
     1/1: $0\Q[0:0]
Creating decoders for process `\SB_DFFN.$proc$/home/owo/miniconda3/envs/digital/bin/../share/yosys/ice40/cells_sim.v:0$217'.
Creating decoders for process `\SB_DFFN.$proc$/home/owo/miniconda3/envs/digital/bin/../share/yosys/ice40/cells_sim.v:882$216'.
Creating decoders for process `\SB_DFFES.$proc$/home/owo/miniconda3/envs/digital/bin/../share/yosys/ice40/cells_sim.v:0$215'.
Creating decoders for process `\SB_DFFES.$proc$/home/owo/miniconda3/envs/digital/bin/../share/yosys/ice40/cells_sim.v:803$212'.
     1/1: $0\Q[0:0]
Creating decoders for process `\SB_DFFESS.$proc$/home/owo/miniconda3/envs/digital/bin/../share/yosys/ice40/cells_sim.v:0$211'.
Creating decoders for process `\SB_DFFESS.$proc$/home/owo/miniconda3/envs/digital/bin/../share/yosys/ice40/cells_sim.v:742$205'.
     1/1: $0\Q[0:0]
Creating decoders for process `\SB_DFFER.$proc$/home/owo/miniconda3/envs/digital/bin/../share/yosys/ice40/cells_sim.v:0$204'.
Creating decoders for process `\SB_DFFER.$proc$/home/owo/miniconda3/envs/digital/bin/../share/yosys/ice40/cells_sim.v:662$201'.
     1/1: $0\Q[0:0]
Creating decoders for process `\SB_DFFESR.$proc$/home/owo/miniconda3/envs/digital/bin/../share/yosys/ice40/cells_sim.v:0$200'.
Creating decoders for process `\SB_DFFESR.$proc$/home/owo/miniconda3/envs/digital/bin/../share/yosys/ice40/cells_sim.v:601$194'.
     1/1: $0\Q[0:0]
Creating decoders for process `\SB_DFFS.$proc$/home/owo/miniconda3/envs/digital/bin/../share/yosys/ice40/cells_sim.v:0$193'.
Creating decoders for process `\SB_DFFS.$proc$/home/owo/miniconda3/envs/digital/bin/../share/yosys/ice40/cells_sim.v:527$191'.
     1/1: $0\Q[0:0]
Creating decoders for process `\SB_DFFSS.$proc$/home/owo/miniconda3/envs/digital/bin/../share/yosys/ice40/cells_sim.v:0$190'.
Creating decoders for process `\SB_DFFSS.$proc$/home/owo/miniconda3/envs/digital/bin/../share/yosys/ice40/cells_sim.v:477$188'.
     1/1: $0\Q[0:0]
Creating decoders for process `\SB_DFFR.$proc$/home/owo/miniconda3/envs/digital/bin/../share/yosys/ice40/cells_sim.v:0$187'.
Creating decoders for process `\SB_DFFR.$proc$/home/owo/miniconda3/envs/digital/bin/../share/yosys/ice40/cells_sim.v:406$185'.
     1/1: $0\Q[0:0]
Creating decoders for process `\SB_DFFSR.$proc$/home/owo/miniconda3/envs/digital/bin/../share/yosys/ice40/cells_sim.v:0$184'.
Creating decoders for process `\SB_DFFSR.$proc$/home/owo/miniconda3/envs/digital/bin/../share/yosys/ice40/cells_sim.v:356$182'.
     1/1: $0\Q[0:0]
Creating decoders for process `\SB_DFFE.$proc$/home/owo/miniconda3/envs/digital/bin/../share/yosys/ice40/cells_sim.v:0$181'.
Creating decoders for process `\SB_DFFE.$proc$/home/owo/miniconda3/envs/digital/bin/../share/yosys/ice40/cells_sim.v:311$180'.
     1/1: $0\Q[0:0]
Creating decoders for process `\SB_DFF.$proc$/home/owo/miniconda3/envs/digital/bin/../share/yosys/ice40/cells_sim.v:0$179'.
Creating decoders for process `\SB_DFF.$proc$/home/owo/miniconda3/envs/digital/bin/../share/yosys/ice40/cells_sim.v:271$178'.
Creating decoders for process `\sqrt.$proc$sqrt.v:0$9'.
Creating decoders for process `\sqrt.$proc$sqrt.v:31$1'.
     1/8: $0\state[2:0]
     2/8: $0\count[4:0]
     3/8: $0\residuo[31:0]
     4/8: $0\comparador[31:0]
     5/8: $0\result_par[15:0]
     6/8: $0\result[15:0]
     7/8: $0\done[0:0]
     8/8: $0\A[31:0]

2.3.8. Executing PROC_DLATCH pass (convert process syncs to latches).

2.3.9. Executing PROC_DFF pass (convert process syncs to FFs).
Creating register for signal `\SB_DFFNES.\Q' using process `\SB_DFFNES.$proc$/home/owo/miniconda3/envs/digital/bin/../share/yosys/ice40/cells_sim.v:1414$250'.
  created $adff cell `$procdff$500' with negative edge clock and positive level reset.
Creating register for signal `\SB_DFFNESS.\Q' using process `\SB_DFFNESS.$proc$/home/owo/miniconda3/envs/digital/bin/../share/yosys/ice40/cells_sim.v:1353$243'.
  created $dff cell `$procdff$501' with negative edge clock.
Creating register for signal `\SB_DFFNER.\Q' using process `\SB_DFFNER.$proc$/home/owo/miniconda3/envs/digital/bin/../share/yosys/ice40/cells_sim.v:1273$239'.
  created $adff cell `$procdff$502' with negative edge clock and positive level reset.
Creating register for signal `\SB_DFFNESR.\Q' using process `\SB_DFFNESR.$proc$/home/owo/miniconda3/envs/digital/bin/../share/yosys/ice40/cells_sim.v:1212$232'.
  created $dff cell `$procdff$503' with negative edge clock.
Creating register for signal `\SB_DFFNS.\Q' using process `\SB_DFFNS.$proc$/home/owo/miniconda3/envs/digital/bin/../share/yosys/ice40/cells_sim.v:1138$229'.
  created $adff cell `$procdff$504' with negative edge clock and positive level reset.
Creating register for signal `\SB_DFFNSS.\Q' using process `\SB_DFFNSS.$proc$/home/owo/miniconda3/envs/digital/bin/../share/yosys/ice40/cells_sim.v:1088$226'.
  created $dff cell `$procdff$505' with negative edge clock.
Creating register for signal `\SB_DFFNR.\Q' using process `\SB_DFFNR.$proc$/home/owo/miniconda3/envs/digital/bin/../share/yosys/ice40/cells_sim.v:1017$223'.
  created $adff cell `$procdff$506' with negative edge clock and positive level reset.
Creating register for signal `\SB_DFFNSR.\Q' using process `\SB_DFFNSR.$proc$/home/owo/miniconda3/envs/digital/bin/../share/yosys/ice40/cells_sim.v:967$220'.
  created $dff cell `$procdff$507' with negative edge clock.
Creating register for signal `\SB_DFFNE.\Q' using process `\SB_DFFNE.$proc$/home/owo/miniconda3/envs/digital/bin/../share/yosys/ice40/cells_sim.v:922$218'.
  created $dff cell `$procdff$508' with negative edge clock.
Creating register for signal `\SB_DFFN.\Q' using process `\SB_DFFN.$proc$/home/owo/miniconda3/envs/digital/bin/../share/yosys/ice40/cells_sim.v:882$216'.
  created $dff cell `$procdff$509' with negative edge clock.
Creating register for signal `\SB_DFFES.\Q' using process `\SB_DFFES.$proc$/home/owo/miniconda3/envs/digital/bin/../share/yosys/ice40/cells_sim.v:803$212'.
  created $adff cell `$procdff$510' with positive edge clock and positive level reset.
Creating register for signal `\SB_DFFESS.\Q' using process `\SB_DFFESS.$proc$/home/owo/miniconda3/envs/digital/bin/../share/yosys/ice40/cells_sim.v:742$205'.
  created $dff cell `$procdff$511' with positive edge clock.
Creating register for signal `\SB_DFFER.\Q' using process `\SB_DFFER.$proc$/home/owo/miniconda3/envs/digital/bin/../share/yosys/ice40/cells_sim.v:662$201'.
  created $adff cell `$procdff$512' with positive edge clock and positive level reset.
Creating register for signal `\SB_DFFESR.\Q' using process `\SB_DFFESR.$proc$/home/owo/miniconda3/envs/digital/bin/../share/yosys/ice40/cells_sim.v:601$194'.
  created $dff cell `$procdff$513' with positive edge clock.
Creating register for signal `\SB_DFFS.\Q' using process `\SB_DFFS.$proc$/home/owo/miniconda3/envs/digital/bin/../share/yosys/ice40/cells_sim.v:527$191'.
  created $adff cell `$procdff$514' with positive edge clock and positive level reset.
Creating register for signal `\SB_DFFSS.\Q' using process `\SB_DFFSS.$proc$/home/owo/miniconda3/envs/digital/bin/../share/yosys/ice40/cells_sim.v:477$188'.
  created $dff cell `$procdff$515' with positive edge clock.
Creating register for signal `\SB_DFFR.\Q' using process `\SB_DFFR.$proc$/home/owo/miniconda3/envs/digital/bin/../share/yosys/ice40/cells_sim.v:406$185'.
  created $adff cell `$procdff$516' with positive edge clock and positive level reset.
Creating register for signal `\SB_DFFSR.\Q' using process `\SB_DFFSR.$proc$/home/owo/miniconda3/envs/digital/bin/../share/yosys/ice40/cells_sim.v:356$182'.
  created $dff cell `$procdff$517' with positive edge clock.
Creating register for signal `\SB_DFFE.\Q' using process `\SB_DFFE.$proc$/home/owo/miniconda3/envs/digital/bin/../share/yosys/ice40/cells_sim.v:311$180'.
  created $dff cell `$procdff$518' with positive edge clock.
Creating register for signal `\SB_DFF.\Q' using process `\SB_DFF.$proc$/home/owo/miniconda3/envs/digital/bin/../share/yosys/ice40/cells_sim.v:271$178'.
  created $dff cell `$procdff$519' with positive edge clock.
Creating register for signal `\sqrt.\A' using process `\sqrt.$proc$sqrt.v:31$1'.
  created $dff cell `$procdff$522' with positive edge clock.
Creating register for signal `\sqrt.\done' using process `\sqrt.$proc$sqrt.v:31$1'.
  created $adff cell `$procdff$523' with positive edge clock and positive level reset.
Creating register for signal `\sqrt.\result' using process `\sqrt.$proc$sqrt.v:31$1'.
  created $adff cell `$procdff$524' with positive edge clock and positive level reset.
Creating register for signal `\sqrt.\state' using process `\sqrt.$proc$sqrt.v:31$1'.
  created $adff cell `$procdff$525' with positive edge clock and positive level reset.
Creating register for signal `\sqrt.\result_par' using process `\sqrt.$proc$sqrt.v:31$1'.
  created $dff cell `$procdff$528' with positive edge clock.
Creating register for signal `\sqrt.\comparador' using process `\sqrt.$proc$sqrt.v:31$1'.
  created $dff cell `$procdff$531' with positive edge clock.
Creating register for signal `\sqrt.\residuo' using process `\sqrt.$proc$sqrt.v:31$1'.
  created $dff cell `$procdff$534' with positive edge clock.
Creating register for signal `\sqrt.\count' using process `\sqrt.$proc$sqrt.v:31$1'.
  created $dff cell `$procdff$537' with positive edge clock.

2.3.10. Executing PROC_MEMWR pass (convert process memory writes to cells).

2.3.11. Executing PROC_CLEAN pass (remove empty switches from decision trees).
Removing empty process `SB_DFFNES.$proc$/home/owo/miniconda3/envs/digital/bin/../share/yosys/ice40/cells_sim.v:0$253'.
Found and cleaned up 1 empty switch in `\SB_DFFNES.$proc$/home/owo/miniconda3/envs/digital/bin/../share/yosys/ice40/cells_sim.v:1414$250'.
Removing empty process `SB_DFFNES.$proc$/home/owo/miniconda3/envs/digital/bin/../share/yosys/ice40/cells_sim.v:1414$250'.
Removing empty process `SB_DFFNESS.$proc$/home/owo/miniconda3/envs/digital/bin/../share/yosys/ice40/cells_sim.v:0$249'.
Found and cleaned up 2 empty switches in `\SB_DFFNESS.$proc$/home/owo/miniconda3/envs/digital/bin/../share/yosys/ice40/cells_sim.v:1353$243'.
Removing empty process `SB_DFFNESS.$proc$/home/owo/miniconda3/envs/digital/bin/../share/yosys/ice40/cells_sim.v:1353$243'.
Removing empty process `SB_DFFNER.$proc$/home/owo/miniconda3/envs/digital/bin/../share/yosys/ice40/cells_sim.v:0$242'.
Found and cleaned up 1 empty switch in `\SB_DFFNER.$proc$/home/owo/miniconda3/envs/digital/bin/../share/yosys/ice40/cells_sim.v:1273$239'.
Removing empty process `SB_DFFNER.$proc$/home/owo/miniconda3/envs/digital/bin/../share/yosys/ice40/cells_sim.v:1273$239'.
Removing empty process `SB_DFFNESR.$proc$/home/owo/miniconda3/envs/digital/bin/../share/yosys/ice40/cells_sim.v:0$238'.
Found and cleaned up 2 empty switches in `\SB_DFFNESR.$proc$/home/owo/miniconda3/envs/digital/bin/../share/yosys/ice40/cells_sim.v:1212$232'.
Removing empty process `SB_DFFNESR.$proc$/home/owo/miniconda3/envs/digital/bin/../share/yosys/ice40/cells_sim.v:1212$232'.
Removing empty process `SB_DFFNS.$proc$/home/owo/miniconda3/envs/digital/bin/../share/yosys/ice40/cells_sim.v:0$231'.
Removing empty process `SB_DFFNS.$proc$/home/owo/miniconda3/envs/digital/bin/../share/yosys/ice40/cells_sim.v:1138$229'.
Removing empty process `SB_DFFNSS.$proc$/home/owo/miniconda3/envs/digital/bin/../share/yosys/ice40/cells_sim.v:0$228'.
Found and cleaned up 1 empty switch in `\SB_DFFNSS.$proc$/home/owo/miniconda3/envs/digital/bin/../share/yosys/ice40/cells_sim.v:1088$226'.
Removing empty process `SB_DFFNSS.$proc$/home/owo/miniconda3/envs/digital/bin/../share/yosys/ice40/cells_sim.v:1088$226'.
Removing empty process `SB_DFFNR.$proc$/home/owo/miniconda3/envs/digital/bin/../share/yosys/ice40/cells_sim.v:0$225'.
Removing empty process `SB_DFFNR.$proc$/home/owo/miniconda3/envs/digital/bin/../share/yosys/ice40/cells_sim.v:1017$223'.
Removing empty process `SB_DFFNSR.$proc$/home/owo/miniconda3/envs/digital/bin/../share/yosys/ice40/cells_sim.v:0$222'.
Found and cleaned up 1 empty switch in `\SB_DFFNSR.$proc$/home/owo/miniconda3/envs/digital/bin/../share/yosys/ice40/cells_sim.v:967$220'.
Removing empty process `SB_DFFNSR.$proc$/home/owo/miniconda3/envs/digital/bin/../share/yosys/ice40/cells_sim.v:967$220'.
Removing empty process `SB_DFFNE.$proc$/home/owo/miniconda3/envs/digital/bin/../share/yosys/ice40/cells_sim.v:0$219'.
Found and cleaned up 1 empty switch in `\SB_DFFNE.$proc$/home/owo/miniconda3/envs/digital/bin/../share/yosys/ice40/cells_sim.v:922$218'.
Removing empty process `SB_DFFNE.$proc$/home/owo/miniconda3/envs/digital/bin/../share/yosys/ice40/cells_sim.v:922$218'.
Removing empty process `SB_DFFN.$proc$/home/owo/miniconda3/envs/digital/bin/../share/yosys/ice40/cells_sim.v:0$217'.
Removing empty process `SB_DFFN.$proc$/home/owo/miniconda3/envs/digital/bin/../share/yosys/ice40/cells_sim.v:882$216'.
Removing empty process `SB_DFFES.$proc$/home/owo/miniconda3/envs/digital/bin/../share/yosys/ice40/cells_sim.v:0$215'.
Found and cleaned up 1 empty switch in `\SB_DFFES.$proc$/home/owo/miniconda3/envs/digital/bin/../share/yosys/ice40/cells_sim.v:803$212'.
Removing empty process `SB_DFFES.$proc$/home/owo/miniconda3/envs/digital/bin/../share/yosys/ice40/cells_sim.v:803$212'.
Removing empty process `SB_DFFESS.$proc$/home/owo/miniconda3/envs/digital/bin/../share/yosys/ice40/cells_sim.v:0$211'.
Found and cleaned up 2 empty switches in `\SB_DFFESS.$proc$/home/owo/miniconda3/envs/digital/bin/../share/yosys/ice40/cells_sim.v:742$205'.
Removing empty process `SB_DFFESS.$proc$/home/owo/miniconda3/envs/digital/bin/../share/yosys/ice40/cells_sim.v:742$205'.
Removing empty process `SB_DFFER.$proc$/home/owo/miniconda3/envs/digital/bin/../share/yosys/ice40/cells_sim.v:0$204'.
Found and cleaned up 1 empty switch in `\SB_DFFER.$proc$/home/owo/miniconda3/envs/digital/bin/../share/yosys/ice40/cells_sim.v:662$201'.
Removing empty process `SB_DFFER.$proc$/home/owo/miniconda3/envs/digital/bin/../share/yosys/ice40/cells_sim.v:662$201'.
Removing empty process `SB_DFFESR.$proc$/home/owo/miniconda3/envs/digital/bin/../share/yosys/ice40/cells_sim.v:0$200'.
Found and cleaned up 2 empty switches in `\SB_DFFESR.$proc$/home/owo/miniconda3/envs/digital/bin/../share/yosys/ice40/cells_sim.v:601$194'.
Removing empty process `SB_DFFESR.$proc$/home/owo/miniconda3/envs/digital/bin/../share/yosys/ice40/cells_sim.v:601$194'.
Removing empty process `SB_DFFS.$proc$/home/owo/miniconda3/envs/digital/bin/../share/yosys/ice40/cells_sim.v:0$193'.
Removing empty process `SB_DFFS.$proc$/home/owo/miniconda3/envs/digital/bin/../share/yosys/ice40/cells_sim.v:527$191'.
Removing empty process `SB_DFFSS.$proc$/home/owo/miniconda3/envs/digital/bin/../share/yosys/ice40/cells_sim.v:0$190'.
Found and cleaned up 1 empty switch in `\SB_DFFSS.$proc$/home/owo/miniconda3/envs/digital/bin/../share/yosys/ice40/cells_sim.v:477$188'.
Removing empty process `SB_DFFSS.$proc$/home/owo/miniconda3/envs/digital/bin/../share/yosys/ice40/cells_sim.v:477$188'.
Removing empty process `SB_DFFR.$proc$/home/owo/miniconda3/envs/digital/bin/../share/yosys/ice40/cells_sim.v:0$187'.
Removing empty process `SB_DFFR.$proc$/home/owo/miniconda3/envs/digital/bin/../share/yosys/ice40/cells_sim.v:406$185'.
Removing empty process `SB_DFFSR.$proc$/home/owo/miniconda3/envs/digital/bin/../share/yosys/ice40/cells_sim.v:0$184'.
Found and cleaned up 1 empty switch in `\SB_DFFSR.$proc$/home/owo/miniconda3/envs/digital/bin/../share/yosys/ice40/cells_sim.v:356$182'.
Removing empty process `SB_DFFSR.$proc$/home/owo/miniconda3/envs/digital/bin/../share/yosys/ice40/cells_sim.v:356$182'.
Removing empty process `SB_DFFE.$proc$/home/owo/miniconda3/envs/digital/bin/../share/yosys/ice40/cells_sim.v:0$181'.
Found and cleaned up 1 empty switch in `\SB_DFFE.$proc$/home/owo/miniconda3/envs/digital/bin/../share/yosys/ice40/cells_sim.v:311$180'.
Removing empty process `SB_DFFE.$proc$/home/owo/miniconda3/envs/digital/bin/../share/yosys/ice40/cells_sim.v:311$180'.
Removing empty process `SB_DFF.$proc$/home/owo/miniconda3/envs/digital/bin/../share/yosys/ice40/cells_sim.v:0$179'.
Removing empty process `SB_DFF.$proc$/home/owo/miniconda3/envs/digital/bin/../share/yosys/ice40/cells_sim.v:271$178'.
Removing empty process `sqrt.$proc$sqrt.v:0$9'.
Found and cleaned up 4 empty switches in `\sqrt.$proc$sqrt.v:31$1'.
Removing empty process `sqrt.$proc$sqrt.v:31$1'.
Cleaned up 22 empty switches.

2.3.12. Executing OPT_EXPR pass (perform const folding).
Optimizing module sqrt.

2.4. Executing FLATTEN pass (flatten design).

2.5. Executing TRIBUF pass.

2.6. Executing DEMINOUT pass (demote inout ports to input or output).

2.7. Executing OPT_EXPR pass (perform const folding).
Optimizing module sqrt.

2.8. Executing OPT_CLEAN pass (remove unused cells and wires).
Finding unused cells or wires in module \sqrt..
Removed 5 unused cells and 21 unused wires.

2.9. Executing CHECK pass (checking for obvious problems).
Checking module sqrt...
Found and reported 0 problems.

2.10. Executing OPT pass (performing simple optimizations).

2.10.1. Executing OPT_EXPR pass (perform const folding).
Optimizing module sqrt.

2.10.2. Executing OPT_MERGE pass (detect identical cells).
Finding identical cells in module `\sqrt'.
Removed a total of 14 cells.

2.10.3. Executing OPT_MUXTREE pass (detect dead branches in mux trees).
Running muxtree optimizer on module \sqrt..
  Creating internal representation of mux trees.
  Evaluating internal representation of mux trees.
  Analyzing evaluation results.
Removed 0 multiplexer ports.

2.10.4. Executing OPT_REDUCE pass (consolidate $*mux and $reduce_* inputs).
  Optimizing cells in module \sqrt.
    New ctrl vector for $pmux cell $procmux$489: { $auto$opt_reduce.cc:134:opt_pmux$539 $procmux$490_CMP }
  Optimizing cells in module \sqrt.
Performed a total of 1 changes.

2.10.5. Executing OPT_MERGE pass (detect identical cells).
Finding identical cells in module `\sqrt'.
Removed a total of 0 cells.

2.10.6. Executing OPT_DFF pass (perform DFF optimizations).

2.10.7. Executing OPT_CLEAN pass (remove unused cells and wires).
Finding unused cells or wires in module \sqrt..
Removed 0 unused cells and 14 unused wires.

2.10.8. Executing OPT_EXPR pass (perform const folding).
Optimizing module sqrt.

2.10.9. Rerunning OPT passes. (Maybe there is more to do..)

2.10.10. Executing OPT_MUXTREE pass (detect dead branches in mux trees).
Running muxtree optimizer on module \sqrt..
  Creating internal representation of mux trees.
  Evaluating internal representation of mux trees.
  Analyzing evaluation results.
Removed 0 multiplexer ports.

2.10.11. Executing OPT_REDUCE pass (consolidate $*mux and $reduce_* inputs).
  Optimizing cells in module \sqrt.
Performed a total of 0 changes.

2.10.12. Executing OPT_MERGE pass (detect identical cells).
Finding identical cells in module `\sqrt'.
Removed a total of 0 cells.

2.10.13. Executing OPT_DFF pass (perform DFF optimizations).

2.10.14. Executing OPT_CLEAN pass (remove unused cells and wires).
Finding unused cells or wires in module \sqrt..

2.10.15. Executing OPT_EXPR pass (perform const folding).
Optimizing module sqrt.

2.10.16. Finished OPT passes. (There is nothing left to do.)

2.11. Executing FSM pass (extract and optimize FSM).

2.11.1. Executing FSM_DETECT pass (finding FSMs in design).
Not marking sqrt.state as FSM state register:
    Circuit seems to be self-resetting.

2.11.2. Executing FSM_EXTRACT pass (extracting FSM from design).

2.11.3. Executing FSM_OPT pass (simple optimizations of FSMs).

2.11.4. Executing OPT_CLEAN pass (remove unused cells and wires).
Finding unused cells or wires in module \sqrt..

2.11.5. Executing FSM_OPT pass (simple optimizations of FSMs).

2.11.6. Executing FSM_RECODE pass (re-assigning FSM state encoding).

2.11.7. Executing FSM_INFO pass (dumping all available information on FSM cells).

2.11.8. Executing FSM_MAP pass (mapping FSMs to basic logic).

2.12. Executing OPT pass (performing simple optimizations).

2.12.1. Executing OPT_EXPR pass (perform const folding).
Optimizing module sqrt.

2.12.2. Executing OPT_MERGE pass (detect identical cells).
Finding identical cells in module `\sqrt'.
Removed a total of 0 cells.

2.12.3. Executing OPT_MUXTREE pass (detect dead branches in mux trees).
Running muxtree optimizer on module \sqrt..
  Creating internal representation of mux trees.
  Evaluating internal representation of mux trees.
  Analyzing evaluation results.
Removed 0 multiplexer ports.

2.12.4. Executing OPT_REDUCE pass (consolidate $*mux and $reduce_* inputs).
  Optimizing cells in module \sqrt.
Performed a total of 0 changes.

2.12.5. Executing OPT_MERGE pass (detect identical cells).
Finding identical cells in module `\sqrt'.
Removed a total of 0 cells.

2.12.6. Executing OPT_DFF pass (perform DFF optimizations).
Adding EN signal on $procdff$537 ($dff) from module sqrt (D = $0\count[4:0], Q = \count).
Adding EN signal on $procdff$534 ($dff) from module sqrt (D = $0\residuo[31:0], Q = \residuo).
Adding EN signal on $procdff$528 ($dff) from module sqrt (D = $0\result_par[15:0], Q = \result_par).
Adding EN signal on $procdff$524 ($adff) from module sqrt (D = $0\result[15:0], Q = \result).
Adding EN signal on $procdff$523 ($adff) from module sqrt (D = $0\done[0:0], Q = \done).
Adding EN signal on $procdff$522 ($dff) from module sqrt (D = $0\A[31:0], Q = \A).

2.12.7. Executing OPT_CLEAN pass (remove unused cells and wires).
Finding unused cells or wires in module \sqrt..
Removed 4 unused cells and 4 unused wires.

2.12.8. Executing OPT_EXPR pass (perform const folding).
Optimizing module sqrt.

2.12.9. Rerunning OPT passes. (Maybe there is more to do..)

2.12.10. Executing OPT_MUXTREE pass (detect dead branches in mux trees).
Running muxtree optimizer on module \sqrt..
  Creating internal representation of mux trees.
  Evaluating internal representation of mux trees.
  Analyzing evaluation results.
Removed 0 multiplexer ports.

2.12.11. Executing OPT_REDUCE pass (consolidate $*mux and $reduce_* inputs).
  Optimizing cells in module \sqrt.
Performed a total of 0 changes.

2.12.12. Executing OPT_MERGE pass (detect identical cells).
Finding identical cells in module `\sqrt'.
Removed a total of 4 cells.

2.12.13. Executing OPT_DFF pass (perform DFF optimizations).

2.12.14. Executing OPT_CLEAN pass (remove unused cells and wires).
Finding unused cells or wires in module \sqrt..
Removed 0 unused cells and 4 unused wires.

2.12.15. Executing OPT_EXPR pass (perform const folding).
Optimizing module sqrt.

2.12.16. Rerunning OPT passes. (Maybe there is more to do..)

2.12.17. Executing OPT_MUXTREE pass (detect dead branches in mux trees).
Running muxtree optimizer on module \sqrt..
  Creating internal representation of mux trees.
  Evaluating internal representation of mux trees.
  Analyzing evaluation results.
Removed 0 multiplexer ports.

2.12.18. Executing OPT_REDUCE pass (consolidate $*mux and $reduce_* inputs).
  Optimizing cells in module \sqrt.
Performed a total of 0 changes.

2.12.19. Executing OPT_MERGE pass (detect identical cells).
Finding identical cells in module `\sqrt'.
Removed a total of 0 cells.

2.12.20. Executing OPT_DFF pass (perform DFF optimizations).

2.12.21. Executing OPT_CLEAN pass (remove unused cells and wires).
Finding unused cells or wires in module \sqrt..

2.12.22. Executing OPT_EXPR pass (perform const folding).
Optimizing module sqrt.

2.12.23. Finished OPT passes. (There is nothing left to do.)

2.13. Executing WREDUCE pass (reducing word size of cells).
Removed top 14 bits (of 32) from port A of cell sqrt.$add$sqrt.v:66$3 ($add).
Removed top 31 bits (of 32) from port B of cell sqrt.$add$sqrt.v:66$3 ($add).
Removed top 13 bits (of 32) from port Y of cell sqrt.$add$sqrt.v:66$3 ($add).
Removed top 13 bits (of 32) from port B of cell sqrt.$ge$sqrt.v:66$4 ($ge).
Removed top 13 bits (of 32) from port B of cell sqrt.$sub$sqrt.v:67$6 ($sub).
Removed top 4 bits (of 5) from port B of cell sqrt.$eq$sqrt.v:77$7 ($eq).
Removed top 31 bits (of 32) from port B of cell sqrt.$sub$sqrt.v:81$8 ($sub).
Removed top 27 bits (of 32) from port Y of cell sqrt.$sub$sqrt.v:81$8 ($sub).
Removed top 1 bits (of 3) from port B of cell sqrt.$procmux$441_CMP0 ($eq).
Removed top 1 bits (of 3) from port B of cell sqrt.$procmux$442_CMP0 ($eq).
Removed top 2 bits (of 3) from port B of cell sqrt.$procmux$443_CMP0 ($eq).
Removed top 2 bits (of 3) from mux cell sqrt.$procmux$445 ($mux).
Removed top 15 bits (of 16) from mux cell sqrt.$procmux$475 ($mux).
Removed top 13 bits (of 32) from wire sqrt.$add$sqrt.v:66$3_Y.
Removed top 2 bits (of 3) from wire sqrt.$procmux$445_Y.
Removed top 27 bits (of 32) from wire sqrt.$sub$sqrt.v:81$8_Y.

2.14. Executing PEEPOPT pass (run peephole optimizers).

2.15. Executing OPT_CLEAN pass (remove unused cells and wires).
Finding unused cells or wires in module \sqrt..
Removed 0 unused cells and 3 unused wires.

2.16. Executing SHARE pass (SAT-based resource sharing).

2.17. Executing TECHMAP pass (map to technology primitives).

2.17.1. Executing Verilog-2005 frontend: /home/owo/miniconda3/envs/digital/bin/../share/yosys/cmp2lut.v
Parsing Verilog input from `/home/owo/miniconda3/envs/digital/bin/../share/yosys/cmp2lut.v' to AST representation.
Generating RTLIL representation for module `\_90_lut_cmp_'.
Successfully finished Verilog frontend.

2.17.2. Continuing TECHMAP pass.
No more expansions possible.

2.18. Executing OPT_EXPR pass (perform const folding).
Optimizing module sqrt.

2.19. Executing OPT_CLEAN pass (remove unused cells and wires).
Finding unused cells or wires in module \sqrt..

2.20. Executing ALUMACC pass (create $alu and $macc cells).
Extracting $alu and $macc cells in module sqrt:
  creating $macc model for $add$sqrt.v:66$3 ($add).
  creating $macc model for $sub$sqrt.v:67$6 ($sub).
  creating $macc model for $sub$sqrt.v:81$8 ($sub).
  creating $alu model for $macc $sub$sqrt.v:81$8.
  creating $alu model for $macc $sub$sqrt.v:67$6.
  creating $alu model for $macc $add$sqrt.v:66$3.
  creating $alu model for $ge$sqrt.v:66$4 ($ge): new $alu
  creating $alu cell for $ge$sqrt.v:66$4: $auto$alumacc.cc:485:replace_alu$587
  creating $alu cell for $add$sqrt.v:66$3: $auto$alumacc.cc:485:replace_alu$596
  creating $alu cell for $sub$sqrt.v:67$6: $auto$alumacc.cc:485:replace_alu$599
  creating $alu cell for $sub$sqrt.v:81$8: $auto$alumacc.cc:485:replace_alu$602
  created 4 $alu and 0 $macc cells.

2.21. Executing OPT pass (performing simple optimizations).

2.21.1. Executing OPT_EXPR pass (perform const folding).
Optimizing module sqrt.

2.21.2. Executing OPT_MERGE pass (detect identical cells).
Finding identical cells in module `\sqrt'.
Removed a total of 0 cells.

2.21.3. Executing OPT_MUXTREE pass (detect dead branches in mux trees).
Running muxtree optimizer on module \sqrt..
  Creating internal representation of mux trees.
  Evaluating internal representation of mux trees.
  Analyzing evaluation results.
Removed 0 multiplexer ports.

2.21.4. Executing OPT_REDUCE pass (consolidate $*mux and $reduce_* inputs).
  Optimizing cells in module \sqrt.
Performed a total of 0 changes.

2.21.5. Executing OPT_MERGE pass (detect identical cells).
Finding identical cells in module `\sqrt'.
Removed a total of 0 cells.

2.21.6. Executing OPT_DFF pass (perform DFF optimizations).

2.21.7. Executing OPT_CLEAN pass (remove unused cells and wires).
Finding unused cells or wires in module \sqrt..
Removed 0 unused cells and 1 unused wires.

2.21.8. Executing OPT_EXPR pass (perform const folding).
Optimizing module sqrt.

2.21.9. Rerunning OPT passes. (Maybe there is more to do..)

2.21.10. Executing OPT_MUXTREE pass (detect dead branches in mux trees).
Running muxtree optimizer on module \sqrt..
  Creating internal representation of mux trees.
  Evaluating internal representation of mux trees.
  Analyzing evaluation results.
Removed 0 multiplexer ports.

2.21.11. Executing OPT_REDUCE pass (consolidate $*mux and $reduce_* inputs).
  Optimizing cells in module \sqrt.
Performed a total of 0 changes.

2.21.12. Executing OPT_MERGE pass (detect identical cells).
Finding identical cells in module `\sqrt'.
Removed a total of 0 cells.

2.21.13. Executing OPT_DFF pass (perform DFF optimizations).

2.21.14. Executing OPT_CLEAN pass (remove unused cells and wires).
Finding unused cells or wires in module \sqrt..

2.21.15. Executing OPT_EXPR pass (perform const folding).
Optimizing module sqrt.

2.21.16. Finished OPT passes. (There is nothing left to do.)

2.22. Executing MEMORY pass.

2.22.1. Executing OPT_MEM pass (optimize memories).
Performed a total of 0 transformations.

2.22.2. Executing OPT_MEM_PRIORITY pass (removing unnecessary memory write priority relations).
Performed a total of 0 transformations.

2.22.3. Executing OPT_MEM_FEEDBACK pass (finding memory read-to-write feedback paths).

2.22.4. Executing MEMORY_BMUX2ROM pass (converting muxes to ROMs).

2.22.5. Executing MEMORY_DFF pass (merging $dff cells to $memrd).

2.22.6. Executing OPT_CLEAN pass (remove unused cells and wires).
Finding unused cells or wires in module \sqrt..

2.22.7. Executing MEMORY_SHARE pass (consolidating $memrd/$memwr cells).

2.22.8. Executing OPT_MEM_WIDEN pass (optimize memories where all ports are wide).
Performed a total of 0 transformations.

2.22.9. Executing OPT_CLEAN pass (remove unused cells and wires).
Finding unused cells or wires in module \sqrt..

2.22.10. Executing MEMORY_COLLECT pass (generating $mem cells).

2.23. Executing OPT_CLEAN pass (remove unused cells and wires).
Finding unused cells or wires in module \sqrt..

2.24. Executing MEMORY_LIBMAP pass (mapping memories to cells).

2.25. Executing TECHMAP pass (map to technology primitives).

2.25.1. Executing Verilog-2005 frontend: /home/owo/miniconda3/envs/digital/bin/../share/yosys/ice40/brams_map.v
Parsing Verilog input from `/home/owo/miniconda3/envs/digital/bin/../share/yosys/ice40/brams_map.v' to AST representation.
Generating RTLIL representation for module `\$__ICE40_RAM4K_'.
Successfully finished Verilog frontend.

2.25.2. Executing Verilog-2005 frontend: /home/owo/miniconda3/envs/digital/bin/../share/yosys/ice40/spram_map.v
Parsing Verilog input from `/home/owo/miniconda3/envs/digital/bin/../share/yosys/ice40/spram_map.v' to AST representation.
Generating RTLIL representation for module `\$__ICE40_SPRAM_'.
Successfully finished Verilog frontend.

2.25.3. Continuing TECHMAP pass.
No more expansions possible.

2.26. Executing ICE40_BRAMINIT pass.

2.27. Executing OPT pass (performing simple optimizations).

2.27.1. Executing OPT_EXPR pass (perform const folding).
Optimizing module sqrt.

2.27.2. Executing OPT_MERGE pass (detect identical cells).
Finding identical cells in module `\sqrt'.
Removed a total of 0 cells.

2.27.3. Executing OPT_DFF pass (perform DFF optimizations).
Adding SRST signal on $auto$ff.cc:266:slice$575 ($dffe) from module sqrt (D = \A [13:0], Q = \A [15:2], rval = 14'00000000000000).
Adding SRST signal on $auto$ff.cc:266:slice$558 ($dffe) from module sqrt (D = { \result_par [14:0] $procmux$475_Y [0] }, Q = \result_par, rval = 16'0000000000000000).
Adding SRST signal on $auto$ff.cc:266:slice$540 ($dffe) from module sqrt (D = $procmux$451_Y, Q = \count, rval = 5'01000).

2.27.4. Executing OPT_CLEAN pass (remove unused cells and wires).
Finding unused cells or wires in module \sqrt..
Removed 3 unused cells and 14 unused wires.

2.27.5. Rerunning OPT passes. (Removed registers in this run.)

2.27.6. Executing OPT_EXPR pass (perform const folding).
Optimizing module sqrt.

2.27.7. Executing OPT_MERGE pass (detect identical cells).
Finding identical cells in module `\sqrt'.
Removed a total of 0 cells.

2.27.8. Executing OPT_DFF pass (perform DFF optimizations).

2.27.9. Executing OPT_CLEAN pass (remove unused cells and wires).
Finding unused cells or wires in module \sqrt..

2.27.10. Finished fast OPT passes.

2.28. Executing MEMORY_MAP pass (converting memories to logic and flip-flops).

2.29. Executing OPT pass (performing simple optimizations).

2.29.1. Executing OPT_EXPR pass (perform const folding).
Optimizing module sqrt.

2.29.2. Executing OPT_MERGE pass (detect identical cells).
Finding identical cells in module `\sqrt'.
Removed a total of 0 cells.

2.29.3. Executing OPT_MUXTREE pass (detect dead branches in mux trees).
Running muxtree optimizer on module \sqrt..
  Creating internal representation of mux trees.
  Evaluating internal representation of mux trees.
  Analyzing evaluation results.
Removed 0 multiplexer ports.

2.29.4. Executing OPT_REDUCE pass (consolidate $*mux and $reduce_* inputs).
  Optimizing cells in module \sqrt.
    Consolidated identical input bits for $mux cell $procmux$437:
      Old ports: A=3'010, B=3'101, Y=$procmux$437_Y
      New ports: A=2'10, B=2'01, Y=$procmux$437_Y [1:0]
      New connections: $procmux$437_Y [2] = $procmux$437_Y [0]
    Consolidated identical input bits for $mux cell $procmux$497:
      Old ports: A={ \op_A 16'0000000000000000 }, B={ \A [29:0] 2'00 }, Y=$0\A[31:0]
      New ports: A={ \op_A 14'00000000000000 }, B=\A [29:0], Y=$0\A[31:0] [31:2]
      New connections: $0\A[31:0] [1:0] = 2'00
  Optimizing cells in module \sqrt.
Performed a total of 2 changes.

2.29.5. Executing OPT_MERGE pass (detect identical cells).
Finding identical cells in module `\sqrt'.
Removed a total of 0 cells.

2.29.6. Executing OPT_DFF pass (perform DFF optimizations).

2.29.7. Executing OPT_CLEAN pass (remove unused cells and wires).
Finding unused cells or wires in module \sqrt..

2.29.8. Executing OPT_EXPR pass (perform const folding).
Optimizing module sqrt.

2.29.9. Rerunning OPT passes. (Maybe there is more to do..)

2.29.10. Executing OPT_MUXTREE pass (detect dead branches in mux trees).
Running muxtree optimizer on module \sqrt..
  Creating internal representation of mux trees.
  Evaluating internal representation of mux trees.
  Analyzing evaluation results.
Removed 0 multiplexer ports.

2.29.11. Executing OPT_REDUCE pass (consolidate $*mux and $reduce_* inputs).
  Optimizing cells in module \sqrt.
Performed a total of 0 changes.

2.29.12. Executing OPT_MERGE pass (detect identical cells).
Finding identical cells in module `\sqrt'.
Removed a total of 0 cells.

2.29.13. Executing OPT_DFF pass (perform DFF optimizations).
Setting constant 0-bit at position 0 on $auto$ff.cc:266:slice$632 ($dffe) from module sqrt.
Setting constant 0-bit at position 1 on $auto$ff.cc:266:slice$632 ($dffe) from module sqrt.

2.29.14. Executing OPT_CLEAN pass (remove unused cells and wires).
Finding unused cells or wires in module \sqrt..

2.29.15. Executing OPT_EXPR pass (perform const folding).
Optimizing module sqrt.

2.29.16. Rerunning OPT passes. (Maybe there is more to do..)

2.29.17. Executing OPT_MUXTREE pass (detect dead branches in mux trees).
Running muxtree optimizer on module \sqrt..
  Creating internal representation of mux trees.
  Evaluating internal representation of mux trees.
  Analyzing evaluation results.
Removed 0 multiplexer ports.

2.29.18. Executing OPT_REDUCE pass (consolidate $*mux and $reduce_* inputs).
  Optimizing cells in module \sqrt.
    Consolidated identical input bits for $mux cell $procmux$497:
      Old ports: A={ \op_A 14'00000000000000 }, B={ \A [29:2] 2'00 }, Y=$0\A[31:0] [31:2]
      New ports: A={ \op_A 12'000000000000 }, B=\A [29:2], Y=$0\A[31:0] [31:4]
      New connections: $0\A[31:0] [3:2] = 2'00
  Optimizing cells in module \sqrt.
Performed a total of 1 changes.

2.29.19. Executing OPT_MERGE pass (detect identical cells).
Finding identical cells in module `\sqrt'.
Removed a total of 0 cells.

2.29.20. Executing OPT_DFF pass (perform DFF optimizations).
Setting constant 0-bit at position 0 on $auto$ff.cc:266:slice$631 ($sdffce) from module sqrt.
Setting constant 0-bit at position 1 on $auto$ff.cc:266:slice$631 ($sdffce) from module sqrt.

2.29.21. Executing OPT_CLEAN pass (remove unused cells and wires).
Finding unused cells or wires in module \sqrt..

2.29.22. Executing OPT_EXPR pass (perform const folding).
Optimizing module sqrt.

2.29.23. Rerunning OPT passes. (Maybe there is more to do..)

2.29.24. Executing OPT_MUXTREE pass (detect dead branches in mux trees).
Running muxtree optimizer on module \sqrt..
  Creating internal representation of mux trees.
  Evaluating internal representation of mux trees.
  Analyzing evaluation results.
Removed 0 multiplexer ports.

2.29.25. Executing OPT_REDUCE pass (consolidate $*mux and $reduce_* inputs).
  Optimizing cells in module \sqrt.
    Consolidated identical input bits for $mux cell $procmux$497:
      Old ports: A={ \op_A 12'000000000000 }, B={ \A [29:4] 2'00 }, Y=$0\A[31:0] [31:4]
      New ports: A={ \op_A 10'0000000000 }, B=\A [29:4], Y=$0\A[31:0] [31:6]
      New connections: $0\A[31:0] [5:4] = 2'00
  Optimizing cells in module \sqrt.
Performed a total of 1 changes.

2.29.26. Executing OPT_MERGE pass (detect identical cells).
Finding identical cells in module `\sqrt'.
Removed a total of 0 cells.

2.29.27. Executing OPT_DFF pass (perform DFF optimizations).
Setting constant 0-bit at position 0 on $auto$ff.cc:266:slice$636 ($sdffce) from module sqrt.
Setting constant 0-bit at position 1 on $auto$ff.cc:266:slice$636 ($sdffce) from module sqrt.

2.29.28. Executing OPT_CLEAN pass (remove unused cells and wires).
Finding unused cells or wires in module \sqrt..

2.29.29. Executing OPT_EXPR pass (perform const folding).
Optimizing module sqrt.

2.29.30. Rerunning OPT passes. (Maybe there is more to do..)

2.29.31. Executing OPT_MUXTREE pass (detect dead branches in mux trees).
Running muxtree optimizer on module \sqrt..
  Creating internal representation of mux trees.
  Evaluating internal representation of mux trees.
  Analyzing evaluation results.
Removed 0 multiplexer ports.

2.29.32. Executing OPT_REDUCE pass (consolidate $*mux and $reduce_* inputs).
  Optimizing cells in module \sqrt.
    Consolidated identical input bits for $mux cell $procmux$497:
      Old ports: A={ \op_A 10'0000000000 }, B={ \A [29:6] 2'00 }, Y=$0\A[31:0] [31:6]
      New ports: A={ \op_A 8'00000000 }, B=\A [29:6], Y=$0\A[31:0] [31:8]
      New connections: $0\A[31:0] [7:6] = 2'00
  Optimizing cells in module \sqrt.
Performed a total of 1 changes.

2.29.33. Executing OPT_MERGE pass (detect identical cells).
Finding identical cells in module `\sqrt'.
Removed a total of 0 cells.

2.29.34. Executing OPT_DFF pass (perform DFF optimizations).
Setting constant 0-bit at position 0 on $auto$ff.cc:266:slice$637 ($sdffce) from module sqrt.
Setting constant 0-bit at position 1 on $auto$ff.cc:266:slice$637 ($sdffce) from module sqrt.

2.29.35. Executing OPT_CLEAN pass (remove unused cells and wires).
Finding unused cells or wires in module \sqrt..

2.29.36. Executing OPT_EXPR pass (perform const folding).
Optimizing module sqrt.

2.29.37. Rerunning OPT passes. (Maybe there is more to do..)

2.29.38. Executing OPT_MUXTREE pass (detect dead branches in mux trees).
Running muxtree optimizer on module \sqrt..
  Creating internal representation of mux trees.
  Evaluating internal representation of mux trees.
  Analyzing evaluation results.
Removed 0 multiplexer ports.

2.29.39. Executing OPT_REDUCE pass (consolidate $*mux and $reduce_* inputs).
  Optimizing cells in module \sqrt.
    Consolidated identical input bits for $mux cell $procmux$497:
      Old ports: A={ \op_A 8'00000000 }, B={ \A [29:8] 2'00 }, Y=$0\A[31:0] [31:8]
      New ports: A={ \op_A 6'000000 }, B=\A [29:8], Y=$0\A[31:0] [31:10]
      New connections: $0\A[31:0] [9:8] = 2'00
  Optimizing cells in module \sqrt.
Performed a total of 1 changes.

2.29.40. Executing OPT_MERGE pass (detect identical cells).
Finding identical cells in module `\sqrt'.
Removed a total of 0 cells.

2.29.41. Executing OPT_DFF pass (perform DFF optimizations).
Setting constant 0-bit at position 0 on $auto$ff.cc:266:slice$638 ($sdffce) from module sqrt.
Setting constant 0-bit at position 1 on $auto$ff.cc:266:slice$638 ($sdffce) from module sqrt.

2.29.42. Executing OPT_CLEAN pass (remove unused cells and wires).
Finding unused cells or wires in module \sqrt..

2.29.43. Executing OPT_EXPR pass (perform const folding).
Optimizing module sqrt.

2.29.44. Rerunning OPT passes. (Maybe there is more to do..)

2.29.45. Executing OPT_MUXTREE pass (detect dead branches in mux trees).
Running muxtree optimizer on module \sqrt..
  Creating internal representation of mux trees.
  Evaluating internal representation of mux trees.
  Analyzing evaluation results.
Removed 0 multiplexer ports.

2.29.46. Executing OPT_REDUCE pass (consolidate $*mux and $reduce_* inputs).
  Optimizing cells in module \sqrt.
    Consolidated identical input bits for $mux cell $procmux$497:
      Old ports: A={ \op_A 6'000000 }, B={ \A [29:10] 2'00 }, Y=$0\A[31:0] [31:10]
      New ports: A={ \op_A 4'0000 }, B=\A [29:10], Y=$0\A[31:0] [31:12]
      New connections: $0\A[31:0] [11:10] = 2'00
  Optimizing cells in module \sqrt.
Performed a total of 1 changes.

2.29.47. Executing OPT_MERGE pass (detect identical cells).
Finding identical cells in module `\sqrt'.
Removed a total of 0 cells.

2.29.48. Executing OPT_DFF pass (perform DFF optimizations).
Setting constant 0-bit at position 0 on $auto$ff.cc:266:slice$639 ($sdffce) from module sqrt.
Setting constant 0-bit at position 1 on $auto$ff.cc:266:slice$639 ($sdffce) from module sqrt.

2.29.49. Executing OPT_CLEAN pass (remove unused cells and wires).
Finding unused cells or wires in module \sqrt..

2.29.50. Executing OPT_EXPR pass (perform const folding).
Optimizing module sqrt.

2.29.51. Rerunning OPT passes. (Maybe there is more to do..)

2.29.52. Executing OPT_MUXTREE pass (detect dead branches in mux trees).
Running muxtree optimizer on module \sqrt..
  Creating internal representation of mux trees.
  Evaluating internal representation of mux trees.
  Analyzing evaluation results.
Removed 0 multiplexer ports.

2.29.53. Executing OPT_REDUCE pass (consolidate $*mux and $reduce_* inputs).
  Optimizing cells in module \sqrt.
    Consolidated identical input bits for $mux cell $procmux$497:
      Old ports: A={ \op_A 4'0000 }, B={ \A [29:12] 2'00 }, Y=$0\A[31:0] [31:12]
      New ports: A={ \op_A 2'00 }, B=\A [29:12], Y=$0\A[31:0] [31:14]
      New connections: $0\A[31:0] [13:12] = 2'00
  Optimizing cells in module \sqrt.
Performed a total of 1 changes.

2.29.54. Executing OPT_MERGE pass (detect identical cells).
Finding identical cells in module `\sqrt'.
Removed a total of 0 cells.

2.29.55. Executing OPT_DFF pass (perform DFF optimizations).
Setting constant 0-bit at position 0 on $auto$ff.cc:266:slice$640 ($sdffce) from module sqrt.
Setting constant 0-bit at position 1 on $auto$ff.cc:266:slice$640 ($sdffce) from module sqrt.

2.29.56. Executing OPT_CLEAN pass (remove unused cells and wires).
Finding unused cells or wires in module \sqrt..

2.29.57. Executing OPT_EXPR pass (perform const folding).
Optimizing module sqrt.

2.29.58. Rerunning OPT passes. (Maybe there is more to do..)

2.29.59. Executing OPT_MUXTREE pass (detect dead branches in mux trees).
Running muxtree optimizer on module \sqrt..
  Creating internal representation of mux trees.
  Evaluating internal representation of mux trees.
  Analyzing evaluation results.
Removed 0 multiplexer ports.

2.29.60. Executing OPT_REDUCE pass (consolidate $*mux and $reduce_* inputs).
  Optimizing cells in module \sqrt.
    Consolidated identical input bits for $mux cell $procmux$497:
      Old ports: A={ \op_A 2'00 }, B={ \A [29:14] 2'00 }, Y=$0\A[31:0] [31:14]
      New ports: A=\op_A, B=\A [29:14], Y=$0\A[31:0] [31:16]
      New connections: $0\A[31:0] [15:14] = 2'00
  Optimizing cells in module \sqrt.
Performed a total of 1 changes.

2.29.61. Executing OPT_MERGE pass (detect identical cells).
Finding identical cells in module `\sqrt'.
Removed a total of 0 cells.

2.29.62. Executing OPT_DFF pass (perform DFF optimizations).
Setting constant 0-bit at position 0 on $auto$ff.cc:266:slice$641 ($sdffce) from module sqrt.
Setting constant 0-bit at position 1 on $auto$ff.cc:266:slice$641 ($sdffce) from module sqrt.

2.29.63. Executing OPT_CLEAN pass (remove unused cells and wires).
Finding unused cells or wires in module \sqrt..

2.29.64. Executing OPT_EXPR pass (perform const folding).
Optimizing module sqrt.

2.29.65. Rerunning OPT passes. (Maybe there is more to do..)

2.29.66. Executing OPT_MUXTREE pass (detect dead branches in mux trees).
Running muxtree optimizer on module \sqrt..
  Creating internal representation of mux trees.
  Evaluating internal representation of mux trees.
  Analyzing evaluation results.
Removed 0 multiplexer ports.

2.29.67. Executing OPT_REDUCE pass (consolidate $*mux and $reduce_* inputs).
  Optimizing cells in module \sqrt.
Performed a total of 0 changes.

2.29.68. Executing OPT_MERGE pass (detect identical cells).
Finding identical cells in module `\sqrt'.
Removed a total of 0 cells.

2.29.69. Executing OPT_DFF pass (perform DFF optimizations).
Adding SRST signal on $auto$ff.cc:266:slice$635 ($dffe) from module sqrt (D = \op_A [1:0], Q = \A [17:16], rval = 2'00).

2.29.70. Executing OPT_CLEAN pass (remove unused cells and wires).
Finding unused cells or wires in module \sqrt..

2.29.71. Executing OPT_EXPR pass (perform const folding).
Optimizing module sqrt.

2.29.72. Rerunning OPT passes. (Maybe there is more to do..)

2.29.73. Executing OPT_MUXTREE pass (detect dead branches in mux trees).
Running muxtree optimizer on module \sqrt..
  Creating internal representation of mux trees.
  Evaluating internal representation of mux trees.
  Analyzing evaluation results.
Removed 0 multiplexer ports.

2.29.74. Executing OPT_REDUCE pass (consolidate $*mux and $reduce_* inputs).
  Optimizing cells in module \sqrt.
Performed a total of 0 changes.

2.29.75. Executing OPT_MERGE pass (detect identical cells).
Finding identical cells in module `\sqrt'.
Removed a total of 0 cells.

2.29.76. Executing OPT_DFF pass (perform DFF optimizations).

2.29.77. Executing OPT_CLEAN pass (remove unused cells and wires).
Finding unused cells or wires in module \sqrt..

2.29.78. Executing OPT_EXPR pass (perform const folding).
Optimizing module sqrt.

2.29.79. Finished OPT passes. (There is nothing left to do.)

2.30. Executing ICE40_WRAPCARRY pass (wrap carries).

2.31. Executing TECHMAP pass (map to technology primitives).

2.31.1. Executing Verilog-2005 frontend: /home/owo/miniconda3/envs/digital/bin/../share/yosys/techmap.v
Parsing Verilog input from `/home/owo/miniconda3/envs/digital/bin/../share/yosys/techmap.v' to AST representation.
Generating RTLIL representation for module `\_90_simplemap_bool_ops'.
Generating RTLIL representation for module `\_90_simplemap_reduce_ops'.
Generating RTLIL representation for module `\_90_simplemap_logic_ops'.
Generating RTLIL representation for module `\_90_simplemap_compare_ops'.
Generating RTLIL representation for module `\_90_simplemap_various'.
Generating RTLIL representation for module `\_90_simplemap_registers'.
Generating RTLIL representation for module `\_90_shift_ops_shr_shl_sshl_sshr'.
Generating RTLIL representation for module `\_90_shift_shiftx'.
Generating RTLIL representation for module `\_90_fa'.
Generating RTLIL representation for module `\_90_lcu'.
Generating RTLIL representation for module `\_90_alu'.
Generating RTLIL representation for module `\_90_macc'.
Generating RTLIL representation for module `\_90_alumacc'.
Generating RTLIL representation for module `\$__div_mod_u'.
Generating RTLIL representation for module `\$__div_mod_trunc'.
Generating RTLIL representation for module `\_90_div'.
Generating RTLIL representation for module `\_90_mod'.
Generating RTLIL representation for module `\$__div_mod_floor'.
Generating RTLIL representation for module `\_90_divfloor'.
Generating RTLIL representation for module `\_90_modfloor'.
Generating RTLIL representation for module `\_90_pow'.
Generating RTLIL representation for module `\_90_pmux'.
Generating RTLIL representation for module `\_90_demux'.
Generating RTLIL representation for module `\_90_lut'.
Successfully finished Verilog frontend.

2.31.2. Executing Verilog-2005 frontend: /home/owo/miniconda3/envs/digital/bin/../share/yosys/ice40/arith_map.v
Parsing Verilog input from `/home/owo/miniconda3/envs/digital/bin/../share/yosys/ice40/arith_map.v' to AST representation.
Generating RTLIL representation for module `\_80_ice40_alu'.
Successfully finished Verilog frontend.

2.31.3. Continuing TECHMAP pass.
Using template $paramod$9c98f54c0d496c6b5c45f9b386704e21584d4d6b\_80_ice40_alu for cells of type $alu.
Using extmapper simplemap for cells of type $reduce_and.
Using template $paramod$dc04b7d98e503a7bab16fce2df70e6e2c5ca34d6\_80_ice40_alu for cells of type $alu.
Using extmapper simplemap for cells of type $eq.
Using extmapper simplemap for cells of type $dffe.
Using extmapper simplemap for cells of type $sdffce.
Using extmapper simplemap for cells of type $mux.
Using template $paramod$56f7ce6d87f8add68ca646dc02d7695a3189f8e5\_90_pmux for cells of type $pmux.
Using extmapper simplemap for cells of type $not.
Using extmapper simplemap for cells of type $logic_not.
Using extmapper simplemap for cells of type $ne.
Using template $paramod$8fabc56b80a569262acfc42757a02ca0b8e91278\_90_pmux for cells of type $pmux.
Using extmapper simplemap for cells of type $reduce_bool.
Using template $paramod$652c41902386dcdc48cc1794ea777348d5e03faa\_80_ice40_alu for cells of type $alu.
Using extmapper simplemap for cells of type $reduce_or.
Using extmapper simplemap for cells of type $adffe.
Using extmapper simplemap for cells of type $adff.
Using extmapper simplemap for cells of type $xor.
Using extmapper simplemap for cells of type $pos.
Using extmapper simplemap for cells of type $and.
No more expansions possible.

2.32. Executing OPT pass (performing simple optimizations).

2.32.1. Executing OPT_EXPR pass (perform const folding).
Optimizing module sqrt.

2.32.2. Executing OPT_MERGE pass (detect identical cells).
Finding identical cells in module `\sqrt'.
Removed a total of 26 cells.

2.32.3. Executing OPT_DFF pass (perform DFF optimizations).

2.32.4. Executing OPT_CLEAN pass (remove unused cells and wires).
Finding unused cells or wires in module \sqrt..
Removed 22 unused cells and 241 unused wires.

2.32.5. Finished fast OPT passes.

2.33. Executing ICE40_OPT pass (performing simple optimizations).

2.33.1. Running ICE40 specific optimizations.
Optimized $__ICE40_CARRY_WRAPPER cell back to logic (without SB_CARRY) sqrt.$auto$alumacc.cc:485:replace_alu$587.slice[0].carry: CO=$auto$alumacc.cc:485:replace_alu$587.BB [0]
Optimized $__ICE40_CARRY_WRAPPER cell back to logic (without SB_CARRY) sqrt.$auto$alumacc.cc:485:replace_alu$599.slice[0].carry: CO=\residuo [0]
Optimized $__ICE40_CARRY_WRAPPER cell back to logic (without SB_CARRY) sqrt.$auto$alumacc.cc:485:replace_alu$602.slice[0].carry: CO=\count [0]

2.33.2. Executing OPT_EXPR pass (perform const folding).
Optimizing module sqrt.

2.33.3. Executing OPT_MERGE pass (detect identical cells).
Finding identical cells in module `\sqrt'.
Removed a total of 0 cells.

2.33.4. Executing OPT_DFF pass (perform DFF optimizations).
Adding SRST signal on $auto$ff.cc:266:slice$1078 ($_DFFE_PP_) from module sqrt (D = $procmux$462.Y_B [31], Q = \residuo [31], rval = 1'0).
Adding SRST signal on $auto$ff.cc:266:slice$1077 ($_DFFE_PP_) from module sqrt (D = $procmux$462.Y_B [30], Q = \residuo [30], rval = 1'0).
Adding SRST signal on $auto$ff.cc:266:slice$1076 ($_DFFE_PP_) from module sqrt (D = $procmux$462.Y_B [29], Q = \residuo [29], rval = 1'0).
Adding SRST signal on $auto$ff.cc:266:slice$1075 ($_DFFE_PP_) from module sqrt (D = $procmux$462.Y_B [28], Q = \residuo [28], rval = 1'0).
Adding SRST signal on $auto$ff.cc:266:slice$1074 ($_DFFE_PP_) from module sqrt (D = $procmux$462.Y_B [27], Q = \residuo [27], rval = 1'0).
Adding SRST signal on $auto$ff.cc:266:slice$1073 ($_DFFE_PP_) from module sqrt (D = $procmux$462.Y_B [26], Q = \residuo [26], rval = 1'0).
Adding SRST signal on $auto$ff.cc:266:slice$1072 ($_DFFE_PP_) from module sqrt (D = $procmux$462.Y_B [25], Q = \residuo [25], rval = 1'0).
Adding SRST signal on $auto$ff.cc:266:slice$1071 ($_DFFE_PP_) from module sqrt (D = $procmux$462.Y_B [24], Q = \residuo [24], rval = 1'0).
Adding SRST signal on $auto$ff.cc:266:slice$1070 ($_DFFE_PP_) from module sqrt (D = $procmux$462.Y_B [23], Q = \residuo [23], rval = 1'0).
Adding SRST signal on $auto$ff.cc:266:slice$1069 ($_DFFE_PP_) from module sqrt (D = $procmux$462.Y_B [22], Q = \residuo [22], rval = 1'0).
Adding SRST signal on $auto$ff.cc:266:slice$1068 ($_DFFE_PP_) from module sqrt (D = $procmux$462.Y_B [21], Q = \residuo [21], rval = 1'0).
Adding SRST signal on $auto$ff.cc:266:slice$1067 ($_DFFE_PP_) from module sqrt (D = $procmux$462.Y_B [20], Q = \residuo [20], rval = 1'0).
Adding SRST signal on $auto$ff.cc:266:slice$1066 ($_DFFE_PP_) from module sqrt (D = $procmux$462.Y_B [19], Q = \residuo [19], rval = 1'0).
Adding SRST signal on $auto$ff.cc:266:slice$1065 ($_DFFE_PP_) from module sqrt (D = $procmux$462.Y_B [18], Q = \residuo [18], rval = 1'0).
Adding SRST signal on $auto$ff.cc:266:slice$1064 ($_DFFE_PP_) from module sqrt (D = $procmux$462.Y_B [17], Q = \residuo [17], rval = 1'0).
Adding SRST signal on $auto$ff.cc:266:slice$1063 ($_DFFE_PP_) from module sqrt (D = $procmux$462.Y_B [16], Q = \residuo [16], rval = 1'0).
Adding SRST signal on $auto$ff.cc:266:slice$1062 ($_DFFE_PP_) from module sqrt (D = $procmux$462.Y_B [15], Q = \residuo [15], rval = 1'0).
Adding SRST signal on $auto$ff.cc:266:slice$1061 ($_DFFE_PP_) from module sqrt (D = $procmux$462.Y_B [14], Q = \residuo [14], rval = 1'0).
Adding SRST signal on $auto$ff.cc:266:slice$1060 ($_DFFE_PP_) from module sqrt (D = $procmux$462.Y_B [13], Q = \residuo [13], rval = 1'0).
Adding SRST signal on $auto$ff.cc:266:slice$1059 ($_DFFE_PP_) from module sqrt (D = $procmux$462.Y_B [12], Q = \residuo [12], rval = 1'0).
Adding SRST signal on $auto$ff.cc:266:slice$1058 ($_DFFE_PP_) from module sqrt (D = $procmux$462.Y_B [11], Q = \residuo [11], rval = 1'0).
Adding SRST signal on $auto$ff.cc:266:slice$1057 ($_DFFE_PP_) from module sqrt (D = $procmux$462.Y_B [10], Q = \residuo [10], rval = 1'0).
Adding SRST signal on $auto$ff.cc:266:slice$1056 ($_DFFE_PP_) from module sqrt (D = $procmux$462.Y_B [9], Q = \residuo [9], rval = 1'0).
Adding SRST signal on $auto$ff.cc:266:slice$1055 ($_DFFE_PP_) from module sqrt (D = $procmux$462.Y_B [8], Q = \residuo [8], rval = 1'0).
Adding SRST signal on $auto$ff.cc:266:slice$1054 ($_DFFE_PP_) from module sqrt (D = $procmux$462.Y_B [7], Q = \residuo [7], rval = 1'0).
Adding SRST signal on $auto$ff.cc:266:slice$1053 ($_DFFE_PP_) from module sqrt (D = $procmux$462.Y_B [6], Q = \residuo [6], rval = 1'0).
Adding SRST signal on $auto$ff.cc:266:slice$1052 ($_DFFE_PP_) from module sqrt (D = $procmux$462.Y_B [5], Q = \residuo [5], rval = 1'0).
Adding SRST signal on $auto$ff.cc:266:slice$1051 ($_DFFE_PP_) from module sqrt (D = $procmux$462.Y_B [4], Q = \residuo [4], rval = 1'0).
Adding SRST signal on $auto$ff.cc:266:slice$1050 ($_DFFE_PP_) from module sqrt (D = $procmux$462.Y_B [3], Q = \residuo [3], rval = 1'0).
Adding SRST signal on $auto$ff.cc:266:slice$1049 ($_DFFE_PP_) from module sqrt (D = $procmux$462.Y_B [2], Q = \residuo [2], rval = 1'0).
Adding SRST signal on $auto$ff.cc:266:slice$1048 ($_DFFE_PP_) from module sqrt (D = $procmux$462.Y_B [1], Q = \residuo [1], rval = 1'0).
Adding SRST signal on $auto$ff.cc:266:slice$1047 ($_DFFE_PP_) from module sqrt (D = $procmux$462.Y_B [0], Q = \residuo [0], rval = 1'0).

2.33.5. Executing OPT_CLEAN pass (remove unused cells and wires).
Finding unused cells or wires in module \sqrt..
Removed 33 unused cells and 1 unused wires.

2.33.6. Rerunning OPT passes. (Removed registers in this run.)

2.33.7. Running ICE40 specific optimizations.

2.33.8. Executing OPT_EXPR pass (perform const folding).
Optimizing module sqrt.

2.33.9. Executing OPT_MERGE pass (detect identical cells).
Finding identical cells in module `\sqrt'.
Removed a total of 0 cells.

2.33.10. Executing OPT_DFF pass (perform DFF optimizations).

2.33.11. Executing OPT_CLEAN pass (remove unused cells and wires).
Finding unused cells or wires in module \sqrt..

2.33.12. Finished OPT passes. (There is nothing left to do.)

2.34. Executing DFFLEGALIZE pass (convert FFs to types supported by the target).

2.35. Executing TECHMAP pass (map to technology primitives).

2.35.1. Executing Verilog-2005 frontend: /home/owo/miniconda3/envs/digital/bin/../share/yosys/ice40/ff_map.v
Parsing Verilog input from `/home/owo/miniconda3/envs/digital/bin/../share/yosys/ice40/ff_map.v' to AST representation.
Generating RTLIL representation for module `\$_DFF_N_'.
Generating RTLIL representation for module `\$_DFF_P_'.
Generating RTLIL representation for module `\$_DFFE_NP_'.
Generating RTLIL representation for module `\$_DFFE_PP_'.
Generating RTLIL representation for module `\$_DFF_NP0_'.
Generating RTLIL representation for module `\$_DFF_NP1_'.
Generating RTLIL representation for module `\$_DFF_PP0_'.
Generating RTLIL representation for module `\$_DFF_PP1_'.
Generating RTLIL representation for module `\$_DFFE_NP0P_'.
Generating RTLIL representation for module `\$_DFFE_NP1P_'.
Generating RTLIL representation for module `\$_DFFE_PP0P_'.
Generating RTLIL representation for module `\$_DFFE_PP1P_'.
Generating RTLIL representation for module `\$_SDFF_NP0_'.
Generating RTLIL representation for module `\$_SDFF_NP1_'.
Generating RTLIL representation for module `\$_SDFF_PP0_'.
Generating RTLIL representation for module `\$_SDFF_PP1_'.
Generating RTLIL representation for module `\$_SDFFCE_NP0P_'.
Generating RTLIL representation for module `\$_SDFFCE_NP1P_'.
Generating RTLIL representation for module `\$_SDFFCE_PP0P_'.
Generating RTLIL representation for module `\$_SDFFCE_PP1P_'.
Successfully finished Verilog frontend.

2.35.2. Continuing TECHMAP pass.
Using template \$_DFFE_PP_ for cells of type $_DFFE_PP_.
Using template \$_SDFFCE_PP0P_ for cells of type $_SDFFCE_PP0P_.
Using template \$_DFFE_PP0P_ for cells of type $_DFFE_PP0P_.
Using template \$_DFF_PP0_ for cells of type $_DFF_PP0_.
Using template \$_SDFFCE_PP1P_ for cells of type $_SDFFCE_PP1P_.
No more expansions possible.

2.36. Executing OPT_EXPR pass (perform const folding).
Optimizing module sqrt.

2.37. Executing SIMPLEMAP pass (map simple cells to gate primitives).
Mapping sqrt.$auto$alumacc.cc:485:replace_alu$599.slice[0].carry ($lut).
Mapping sqrt.$auto$alumacc.cc:485:replace_alu$602.slice[0].carry ($lut).

2.38. Executing ICE40_OPT pass (performing simple optimizations).

2.38.1. Running ICE40 specific optimizations.

2.38.2. Executing OPT_EXPR pass (perform const folding).
Optimizing module sqrt.

2.38.3. Executing OPT_MERGE pass (detect identical cells).
Finding identical cells in module `\sqrt'.
Removed a total of 36 cells.

2.38.4. Executing OPT_DFF pass (perform DFF optimizations).

2.38.5. Executing OPT_CLEAN pass (remove unused cells and wires).
Finding unused cells or wires in module \sqrt..
Removed 0 unused cells and 559 unused wires.

2.38.6. Rerunning OPT passes. (Removed registers in this run.)

2.38.7. Running ICE40 specific optimizations.

2.38.8. Executing OPT_EXPR pass (perform const folding).
Optimizing module sqrt.

2.38.9. Executing OPT_MERGE pass (detect identical cells).
Finding identical cells in module `\sqrt'.
Removed a total of 0 cells.

2.38.10. Executing OPT_DFF pass (perform DFF optimizations).

2.38.11. Executing OPT_CLEAN pass (remove unused cells and wires).
Finding unused cells or wires in module \sqrt..

2.38.12. Finished OPT passes. (There is nothing left to do.)

2.39. Executing TECHMAP pass (map to technology primitives).

2.39.1. Executing Verilog-2005 frontend: /home/owo/miniconda3/envs/digital/bin/../share/yosys/ice40/latches_map.v
Parsing Verilog input from `/home/owo/miniconda3/envs/digital/bin/../share/yosys/ice40/latches_map.v' to AST representation.
Generating RTLIL representation for module `\$_DLATCH_N_'.
Generating RTLIL representation for module `\$_DLATCH_P_'.
Successfully finished Verilog frontend.

2.39.2. Continuing TECHMAP pass.
No more expansions possible.

2.40. Executing ABC pass (technology mapping using ABC).

2.40.1. Extracting gate netlist of module `\sqrt' to `<abc-temp-dir>/input.blif'..
Extracted 280 gates and 401 wires to a netlist network with 120 inputs and 125 outputs.

2.40.1.1. Executing ABC.
Running ABC command: "<yosys-exe-dir>/yosys-abc" -s -f <abc-temp-dir>/abc.script 2>&1
ABC: ABC command line: "source <abc-temp-dir>/abc.script".
ABC: 
ABC: + read_blif <abc-temp-dir>/input.blif 
ABC: + read_lut <abc-temp-dir>/lutdefs.txt 
ABC: + strash 
ABC: + &get -n 
ABC: + &fraig -x 
ABC: + &put 
ABC: + scorr 
ABC: Warning: The network is combinational (run "fraig" or "fraig_sweep").
ABC: + dc2 
ABC: + dretime 
ABC: + strash 
ABC: + dch -f 
ABC: + if 
ABC: + mfs2 
ABC: + lutpack -S 1 
ABC: + dress <abc-temp-dir>/input.blif 
ABC: Total number of equiv classes                =     129.
ABC: Participating nodes from both networks       =     267.
ABC: Participating nodes from the first network   =     128. (  87.07 % of nodes)
ABC: Participating nodes from the second network  =     139. (  94.56 % of nodes)
ABC: Node pairs (any polarity)                    =     128. (  87.07 % of names can be moved)
ABC: Node pairs (same polarity)                   =     128. (  87.07 % of names can be moved)
ABC: Total runtime =     0.02 sec
ABC: + write_blif <abc-temp-dir>/output.blif 

2.40.1.2. Re-integrating ABC results.
ABC RESULTS:              $lut cells:      146
ABC RESULTS:        internal signals:      156
ABC RESULTS:           input signals:      120
ABC RESULTS:          output signals:      125
Removing temp directory.

2.41. Executing ICE40_WRAPCARRY pass (wrap carries).

2.42. Executing TECHMAP pass (map to technology primitives).

2.42.1. Executing Verilog-2005 frontend: /home/owo/miniconda3/envs/digital/bin/../share/yosys/ice40/ff_map.v
Parsing Verilog input from `/home/owo/miniconda3/envs/digital/bin/../share/yosys/ice40/ff_map.v' to AST representation.
Generating RTLIL representation for module `\$_DFF_N_'.
Generating RTLIL representation for module `\$_DFF_P_'.
Generating RTLIL representation for module `\$_DFFE_NP_'.
Generating RTLIL representation for module `\$_DFFE_PP_'.
Generating RTLIL representation for module `\$_DFF_NP0_'.
Generating RTLIL representation for module `\$_DFF_NP1_'.
Generating RTLIL representation for module `\$_DFF_PP0_'.
Generating RTLIL representation for module `\$_DFF_PP1_'.
Generating RTLIL representation for module `\$_DFFE_NP0P_'.
Generating RTLIL representation for module `\$_DFFE_NP1P_'.
Generating RTLIL representation for module `\$_DFFE_PP0P_'.
Generating RTLIL representation for module `\$_DFFE_PP1P_'.
Generating RTLIL representation for module `\$_SDFF_NP0_'.
Generating RTLIL representation for module `\$_SDFF_NP1_'.
Generating RTLIL representation for module `\$_SDFF_PP0_'.
Generating RTLIL representation for module `\$_SDFF_PP1_'.
Generating RTLIL representation for module `\$_SDFFCE_NP0P_'.
Generating RTLIL representation for module `\$_SDFFCE_NP1P_'.
Generating RTLIL representation for module `\$_SDFFCE_PP0P_'.
Generating RTLIL representation for module `\$_SDFFCE_PP1P_'.
Successfully finished Verilog frontend.

2.42.2. Continuing TECHMAP pass.
No more expansions possible.
Removed 32 unused cells and 288 unused wires.

2.43. Executing OPT_LUT pass (optimize LUTs).
Discovering LUTs.
Number of LUTs:      181
  1-LUT               48
  2-LUT               25
  3-LUT               54
  4-LUT               54
  with \SB_CARRY    (#0)   33
  with \SB_CARRY    (#1)   33

Eliminating LUTs.
Number of LUTs:      181
  1-LUT               48
  2-LUT               25
  3-LUT               54
  4-LUT               54
  with \SB_CARRY    (#0)   33
  with \SB_CARRY    (#1)   33

Combining LUTs.
Number of LUTs:      181
  1-LUT               48
  2-LUT               25
  3-LUT               54
  4-LUT               54
  with \SB_CARRY    (#0)   33
  with \SB_CARRY    (#1)   33

Eliminated 0 LUTs.
Combined 0 LUTs.

2.44. Executing TECHMAP pass (map to technology primitives).

2.44.1. Executing Verilog-2005 frontend: /home/owo/miniconda3/envs/digital/bin/../share/yosys/ice40/cells_map.v
Parsing Verilog input from `/home/owo/miniconda3/envs/digital/bin/../share/yosys/ice40/cells_map.v' to AST representation.
Generating RTLIL representation for module `\$lut'.
Successfully finished Verilog frontend.

2.44.2. Continuing TECHMAP pass.
Using template $paramod\$lut\WIDTH=32'00000000000000000000000000000001\LUT=2'01 for cells of type $lut.
Using template $paramod$fd904e9e35cfd343a9df248824bd3f1408724879\$lut for cells of type $lut.
Using template $paramod\$lut\WIDTH=32'00000000000000000000000000000010\LUT=4'1011 for cells of type $lut.
Using template $paramod$99a2a175d178a040bb1ffceb53184fb0f59423c6\$lut for cells of type $lut.
Using template $paramod\$lut\WIDTH=32'00000000000000000000000000000011\LUT=8'01000000 for cells of type $lut.
Using template $paramod\$lut\WIDTH=32'00000000000000000000000000000011\LUT=8'00010000 for cells of type $lut.
Using template $paramod\$lut\WIDTH=32'00000000000000000000000000000010\LUT=4'0001 for cells of type $lut.
Using template $paramod\$lut\WIDTH=32'00000000000000000000000000000011\LUT=8'11001010 for cells of type $lut.
Using template $paramod\$lut\WIDTH=32'00000000000000000000000000000011\LUT=8'11101111 for cells of type $lut.
Using template $paramod\$lut\WIDTH=32'00000000000000000000000000000010\LUT=4'0100 for cells of type $lut.
Using template $paramod$81d8a60fd95b1a9f9ef71c12a774ae6988cb9fd5\$lut for cells of type $lut.
Using template $paramod$2902eb8ec3ca272968b5d8a7010e48f85069ed0f\$lut for cells of type $lut.
Using template $paramod$2d07c1a6c53c7b878509360922c4fa5ebedc3011\$lut for cells of type $lut.
Using template $paramod$571404c0889eaf57f492cb5e37f8acb5df5852f9\$lut for cells of type $lut.
Using template $paramod$8461cf8f35b1a92a9818e6c8caba55bd0f031348\$lut for cells of type $lut.
Using template $paramod$658b9ed803f0d3d335616d3858b53e0a2522f1e8\$lut for cells of type $lut.
Using template $paramod$6e238df02989b317f10820a22773676e71120644\$lut for cells of type $lut.
Using template $paramod\$lut\WIDTH=32'00000000000000000000000000000011\LUT=8'10000000 for cells of type $lut.
Using template $paramod$cd6c4b4da6d8737b72fd2dc8f5d83d8967445809\$lut for cells of type $lut.
Using template $paramod$973818279bc95792902f3c09371fd2407d04a2a5\$lut for cells of type $lut.
Using template $paramod$e9c77024ca501b890c641f9c0b10e27242db8730\$lut for cells of type $lut.
Using template $paramod$97e449d15b607612c49291044eca4e2c8b59088e\$lut for cells of type $lut.
Using template $paramod\$lut\WIDTH=32'00000000000000000000000000000011\LUT=8'00001011 for cells of type $lut.
No more expansions possible.
Removed 0 unused cells and 375 unused wires.

2.45. Executing AUTONAME pass.
Renamed 4824 objects in module sqrt (26 iterations).

2.46. Executing HIERARCHY pass (managing design hierarchy).

2.46.1. Analyzing design hierarchy..
Top module:  \sqrt

2.46.2. Analyzing design hierarchy..
Top module:  \sqrt
Removed 0 unused modules.

2.47. Printing statistics.

=== sqrt ===

   Number of wires:                 43
   Number of wire bits:            463
   Number of public wires:          43
   Number of public wire bits:     463
   Number of memories:               0
   Number of memory bits:            0
   Number of processes:              0
   Number of cells:                333
     SB_CARRY                       63
     SB_DFFE                        14
     SB_DFFER                       17
     SB_DFFESR                      54
     SB_DFFESS                       1
     SB_DFFR                         3
     SB_LUT4                       181

2.48. Executing CHECK pass (checking for obvious problems).
Checking module sqrt...
Found and reported 0 problems.

3. Executing Verilog backend.

3.1. Executing BMUXMAP pass.

3.2. Executing DEMUXMAP pass.
Dumping module `\sqrt'.

End of script. Logfile hash: 11aadfe3f0, CPU: user 1.35s system 0.01s, MEM: 21.61 MB peak
Yosys 0.33+6 (git sha1 41b34a193, x86_64-conda-linux-gnu-cc 11.2.0 -fvisibility-inlines-hidden -fmessage-length=0 -march=nocona -mtune=haswell -ftree-vectorize -fPIC -fstack-protector-strong -fno-plt -O2 -ffunction-sections -fdebug-prefix-map=/root/conda-eda/conda-eda/workdir/conda-env/conda-bld/yosys_1694128612374/work=/usr/local/src/conda/yosys-0.33_7_g41b34a193 -fdebug-prefix-map=/home/owo/miniconda3/envs/digital=/usr/local/src/conda-prefix -fPIC -Os -fno-merge-constants)
Time spent: 48% 13x read_verilog (0 sec), 11% 33x opt_expr (0 sec), ...
