#! /usr/bin/env bash
exec /home/work/miniconda3/envs/digital/bin/vvp -f "$0" "$@" <<'# EOF'
:ivl_version "13.0 (devel)" "(0_8-6859-gf50cc35d2-dirty)";
:ivl_delay_selection "TYPICAL";
:vpi_time_precision - 12;
:vpi_module "/home/work/miniconda3/envs/digital/lib/ivl/system.vpi";
:vpi_module "/home/work/miniconda3/envs/digital/lib/ivl/vhdl_sys.vpi";
:vpi_module "/home/work/miniconda3/envs/digital/lib/ivl/vhdl_textio.vpi";
:vpi_module "/home/work/miniconda3/envs/digital/lib/ivl/v2005_math.vpi";
:vpi_module "/home/work/miniconda3/envs/digital/lib/ivl/va_math.vpi";
S_0x134b44c0 .scope module, "div_TB" "div_TB" 2 3;
 .timescale -9 -12;
P_0x1349cfa0 .param/real "DUTY_CYCLE" 0 2 16, Cr<m4000000000000000gfc1>; value=0.500000
P_0x1349cfe0 .param/l "OFFSET" 0 2 17, +C4<00000000000000000000000000000000>;
P_0x1349d020 .param/l "PERIOD" 0 2 14, +C4<00000000000000000000000000010100>;
v0x134ece70_0 .var "clk", 0 0;
v0x134ecfc0_0 .net "done", 0 0, v0x134eaf60_0;  1 drivers
v0x134ed080_0 .var "i", 20 0;
v0x134ed120_0 .var "in_dr", 15 0;
v0x134ed230_0 .var "in_dv", 15 0;
v0x134ed390_0 .net "r", 15 0, v0x134e9640_0;  1 drivers
v0x134ed4a0_0 .var "rst", 0 0;
v0x134ed540_0 .var "start", 0 0;
E_0x134afe50 .event "reset_trigger";
E_0x134cccc0 .event "reset_done_trigger";
S_0x134b4740 .scope begin, "TEST_CASE" "TEST_CASE" 2 59, 2 59 0, S_0x134b44c0;
 .timescale -9 -12;
S_0x134b5da0 .scope module, "uut" "div" 2 13, 3 1 0, S_0x134b44c0;
 .timescale -9 -12;
    .port_info 0 /INPUT 1 "rst";
    .port_info 1 /INPUT 1 "clk";
    .port_info 2 /INPUT 1 "start";
    .port_info 3 /INPUT 16 "dv";
    .port_info 4 /INPUT 16 "dr";
    .port_info 5 /OUTPUT 16 "r";
    .port_info 6 /OUTPUT 1 "done";
v0x134ec000_0 .net "clk", 0 0, v0x134ece70_0;  1 drivers
v0x134ec0c0_0 .net "done", 0 0, v0x134eaf60_0;  alias, 1 drivers
v0x134ec180_0 .net "dr", 15 0, v0x134ed120_0;  1 drivers
v0x134ec280_0 .net "dv", 15 0, v0x134ed230_0;  1 drivers
v0x134ec350_0 .net "r", 15 0, v0x134e9640_0;  alias, 1 drivers
v0x134ec3f0_0 .net "rst", 0 0, v0x134ed4a0_0;  1 drivers
v0x134ec490_0 .net "start", 0 0, v0x134ed540_0;  1 drivers
v0x134ec560_0 .net "w_comp", 4 0, v0x134ea2d0_0;  1 drivers
v0x134ec650_0 .net "w_dec", 0 0, v0x134eaec0_0;  1 drivers
v0x134ec780_0 .net "w_dv0", 0 0, v0x134eb000_0;  1 drivers
v0x134ec870_0 .net "w_init", 0 0, v0x134eb0f0_0;  1 drivers
v0x134ec910_0 .net "w_lda", 0 0, v0x134eb1e0_0;  1 drivers
v0x134eca00_0 .net "w_mbb", 15 0, v0x134ebd50_0;  1 drivers
v0x134ecaa0_0 .net "w_out_a", 15 0, v0x134e9560_0;  1 drivers
v0x134ecb90_0 .net "w_sh", 0 0, v0x134eb3c0_0;  1 drivers
v0x134ecc80_0 .net "w_z", 0 0, v0x134e9dd0_0;  1 drivers
S_0x134b5f80 .scope module, "a" "a" 3 23, 4 1 0, S_0x134b5da0;
 .timescale -9 -12;
    .port_info 0 /INPUT 1 "rst";
    .port_info 1 /INPUT 1 "clk";
    .port_info 2 /INPUT 16 "dv";
    .port_info 3 /OUTPUT 16 "r";
    .port_info 4 /INPUT 1 "lda";
    .port_info 5 /INPUT 16 "mbb";
    .port_info 6 /OUTPUT 16 "out_ca2";
    .port_info 7 /INPUT 1 "dv0";
    .port_info 8 /INPUT 1 "init";
    .port_info 9 /INPUT 1 "sh";
v0x134ca030_0 .net "clk", 0 0, v0x134ece70_0;  alias, 1 drivers
v0x134cb0f0_0 .var "data", 31 0;
v0x134cb440_0 .net "dv", 15 0, v0x134ed230_0;  alias, 1 drivers
v0x134cb880_0 .net "dv0", 0 0, v0x134eb000_0;  alias, 1 drivers
v0x134cc050_0 .net "init", 0 0, v0x134eb0f0_0;  alias, 1 drivers
v0x1349bee0_0 .net "lda", 0 0, v0x134eb1e0_0;  alias, 1 drivers
v0x134c8fe0_0 .net "mbb", 15 0, v0x134ebd50_0;  alias, 1 drivers
v0x134e9560_0 .var "out_ca2", 15 0;
v0x134e9640_0 .var "r", 15 0;
v0x134e9720_0 .net "rst", 0 0, v0x134ed4a0_0;  alias, 1 drivers
v0x134e97e0_0 .net "sh", 0 0, v0x134eb3c0_0;  alias, 1 drivers
E_0x134ccd00 .event negedge, v0x134ca030_0;
S_0x134e99e0 .scope module, "comp" "comp" 3 26, 5 1 0, S_0x134b5da0;
 .timescale -9 -12;
    .port_info 0 /INPUT 1 "rst";
    .port_info 1 /INPUT 5 "in";
    .port_info 2 /OUTPUT 1 "z";
v0x134e9c10_0 .net "in", 4 0, v0x134ea2d0_0;  alias, 1 drivers
v0x134e9d10_0 .net "rst", 0 0, v0x134ed4a0_0;  alias, 1 drivers
v0x134e9dd0_0 .var "z", 0 0;
E_0x134e9b90 .event anyedge, v0x134e9720_0, v0x134e9c10_0;
S_0x134e9eb0 .scope module, "count" "count" 3 25, 6 1 0, S_0x134b5da0;
 .timescale -9 -12;
    .port_info 0 /INPUT 1 "rst";
    .port_info 1 /INPUT 1 "clk";
    .port_info 2 /INPUT 1 "init";
    .port_info 3 /INPUT 1 "dec";
    .port_info 4 /OUTPUT 5 "out";
v0x134ea090_0 .net "clk", 0 0, v0x134ece70_0;  alias, 1 drivers
v0x134ea130_0 .net "dec", 0 0, v0x134eaec0_0;  alias, 1 drivers
v0x134ea1d0_0 .net "init", 0 0, v0x134eb0f0_0;  alias, 1 drivers
v0x134ea2d0_0 .var "out", 4 0;
v0x134ea3a0_0 .net "rst", 0 0, v0x134ed4a0_0;  alias, 1 drivers
S_0x134ea520 .scope module, "ctrl" "ctrl" 3 22, 7 1 0, S_0x134b5da0;
 .timescale -9 -12;
    .port_info 0 /INPUT 1 "rst";
    .port_info 1 /INPUT 1 "clk";
    .port_info 2 /INPUT 1 "start";
    .port_info 3 /INPUT 16 "mbb";
    .port_info 4 /INPUT 1 "z";
    .port_info 5 /OUTPUT 1 "sh";
    .port_info 6 /OUTPUT 1 "init";
    .port_info 7 /OUTPUT 1 "lda";
    .port_info 8 /OUTPUT 1 "dv0";
    .port_info 9 /OUTPUT 1 "dec";
    .port_info 10 /OUTPUT 1 "done";
P_0x134ea700 .param/l "ADD" 0 7 19, C4<011>;
P_0x134ea740 .param/l "CHECK" 0 7 18, C4<010>;
P_0x134ea780 .param/l "END1" 0 7 20, C4<100>;
P_0x134ea7c0 .param/l "SHIFT_DEC" 0 7 17, C4<001>;
P_0x134ea800 .param/l "START" 0 7 16, C4<000>;
v0x134eacd0_0 .net "clk", 0 0, v0x134ece70_0;  alias, 1 drivers
v0x134eade0_0 .var "count", 3 0;
v0x134eaec0_0 .var "dec", 0 0;
v0x134eaf60_0 .var "done", 0 0;
v0x134eb000_0 .var "dv0", 0 0;
v0x134eb0f0_0 .var "init", 0 0;
v0x134eb1e0_0 .var "lda", 0 0;
v0x134eb280_0 .net "mbb", 15 0, v0x134ebd50_0;  alias, 1 drivers
v0x134eb320_0 .net "rst", 0 0, v0x134ed4a0_0;  alias, 1 drivers
v0x134eb3c0_0 .var "sh", 0 0;
v0x134eb490_0 .net "start", 0 0, v0x134ed540_0;  alias, 1 drivers
v0x134eb530_0 .var "state", 2 0;
v0x134eb5d0_0 .var "state_name", 320 1;
v0x134eb690_0 .net "z", 0 0, v0x134e9dd0_0;  alias, 1 drivers
E_0x134eac10 .event anyedge, v0x134eb530_0;
E_0x134eac70 .event posedge, v0x134ca030_0;
S_0x134eb900 .scope module, "sc_a2" "sc_a2" 3 24, 8 1 0, S_0x134b5da0;
 .timescale -9 -12;
    .port_info 0 /INPUT 1 "rst";
    .port_info 1 /INPUT 16 "in_a";
    .port_info 2 /INPUT 16 "dr";
    .port_info 3 /OUTPUT 16 "out_mbb";
v0x134ebb60_0 .net "dr", 15 0, v0x134ed120_0;  alias, 1 drivers
v0x134ebc60_0 .net "in_a", 15 0, v0x134e9560_0;  alias, 1 drivers
v0x134ebd50_0 .var "out_mbb", 15 0;
v0x134ebe70_0 .net "rst", 0 0, v0x134ed4a0_0;  alias, 1 drivers
E_0x134ebae0 .event anyedge, v0x134e9720_0, v0x134e9560_0, v0x134ebb60_0;
    .scope S_0x134ea520;
T_0 ;
    %wait E_0x134eac70;
    %load/vec4 v0x134eb320_0;
    %flag_set/vec4 8;
    %jmp/0xz  T_0.0, 8;
    %pushi/vec4 0, 0, 3;
    %store/vec4 v0x134eb530_0, 0, 3;
    %jmp T_0.1;
T_0.0 ;
    %load/vec4 v0x134eb530_0;
    %dup/vec4;
    %pushi/vec4 0, 0, 3;
    %cmp/u;
    %jmp/1 T_0.2, 6;
    %dup/vec4;
    %pushi/vec4 1, 0, 3;
    %cmp/u;
    %jmp/1 T_0.3, 6;
    %dup/vec4;
    %pushi/vec4 2, 0, 3;
    %cmp/u;
    %jmp/1 T_0.4, 6;
    %dup/vec4;
    %pushi/vec4 3, 0, 3;
    %cmp/u;
    %jmp/1 T_0.5, 6;
    %dup/vec4;
    %pushi/vec4 4, 0, 3;
    %cmp/u;
    %jmp/1 T_0.6, 6;
    %pushi/vec4 0, 0, 3;
    %store/vec4 v0x134eb530_0, 0, 3;
    %jmp T_0.8;
T_0.2 ;
    %load/vec4 v0x134eb490_0;
    %flag_set/vec4 8;
    %jmp/0xz  T_0.9, 8;
    %pushi/vec4 1, 0, 3;
    %store/vec4 v0x134eb530_0, 0, 3;
    %jmp T_0.10;
T_0.9 ;
    %pushi/vec4 0, 0, 3;
    %store/vec4 v0x134eb530_0, 0, 3;
T_0.10 ;
    %jmp T_0.8;
T_0.3 ;
    %pushi/vec4 2, 0, 3;
    %store/vec4 v0x134eb530_0, 0, 3;
    %jmp T_0.8;
T_0.4 ;
    %load/vec4 v0x134eb690_0;
    %flag_set/vec4 8;
    %jmp/0xz  T_0.11, 8;
    %load/vec4 v0x134eb280_0;
    %parti/s 1, 15, 5;
    %flag_set/vec4 8;
    %jmp/0xz  T_0.13, 8;
    %pushi/vec4 4, 0, 3;
    %store/vec4 v0x134eb530_0, 0, 3;
    %jmp T_0.14;
T_0.13 ;
    %pushi/vec4 3, 0, 3;
    %store/vec4 v0x134eb530_0, 0, 3;
T_0.14 ;
    %jmp T_0.12;
T_0.11 ;
    %load/vec4 v0x134eb280_0;
    %parti/s 1, 15, 5;
    %flag_set/vec4 8;
    %jmp/0xz  T_0.15, 8;
    %pushi/vec4 1, 0, 3;
    %store/vec4 v0x134eb530_0, 0, 3;
    %jmp T_0.16;
T_0.15 ;
    %pushi/vec4 3, 0, 3;
    %store/vec4 v0x134eb530_0, 0, 3;
T_0.16 ;
T_0.12 ;
    %jmp T_0.8;
T_0.5 ;
    %load/vec4 v0x134eb690_0;
    %flag_set/vec4 8;
    %jmp/0xz  T_0.17, 8;
    %pushi/vec4 4, 0, 3;
    %store/vec4 v0x134eb530_0, 0, 3;
    %jmp T_0.18;
T_0.17 ;
    %pushi/vec4 1, 0, 3;
    %store/vec4 v0x134eb530_0, 0, 3;
T_0.18 ;
    %jmp T_0.8;
T_0.6 ;
    %load/vec4 v0x134eade0_0;
    %addi 1, 0, 4;
    %store/vec4 v0x134eade0_0, 0, 4;
    %load/vec4 v0x134eade0_0;
    %pad/u 32;
    %cmpi/u 9, 0, 32;
    %flag_or 5, 4; GT is !LE
    %flag_inv 5;
    %flag_mov 8, 5;
    %jmp/0 T_0.19, 8;
    %pushi/vec4 0, 0, 3;
    %jmp/1 T_0.20, 8;
T_0.19 ; End of true expr.
    %pushi/vec4 4, 0, 3;
    %jmp/0 T_0.20, 8;
 ; End of false expr.
    %blend;
T_0.20;
    %store/vec4 v0x134eb530_0, 0, 3;
    %jmp T_0.8;
T_0.8 ;
    %pop/vec4 1;
T_0.1 ;
    %jmp T_0;
    .thread T_0;
    .scope S_0x134ea520;
T_1 ;
    %wait E_0x134eac10;
    %load/vec4 v0x134eb530_0;
    %dup/vec4;
    %pushi/vec4 0, 0, 3;
    %cmp/u;
    %jmp/1 T_1.0, 6;
    %dup/vec4;
    %pushi/vec4 1, 0, 3;
    %cmp/u;
    %jmp/1 T_1.1, 6;
    %dup/vec4;
    %pushi/vec4 2, 0, 3;
    %cmp/u;
    %jmp/1 T_1.2, 6;
    %dup/vec4;
    %pushi/vec4 3, 0, 3;
    %cmp/u;
    %jmp/1 T_1.3, 6;
    %dup/vec4;
    %pushi/vec4 4, 0, 3;
    %cmp/u;
    %jmp/1 T_1.4, 6;
    %pushi/vec4 0, 0, 1;
    %store/vec4 v0x134eb3c0_0, 0, 1;
    %pushi/vec4 0, 0, 1;
    %store/vec4 v0x134eb0f0_0, 0, 1;
    %pushi/vec4 0, 0, 1;
    %store/vec4 v0x134eb1e0_0, 0, 1;
    %pushi/vec4 0, 0, 1;
    %store/vec4 v0x134eb000_0, 0, 1;
    %pushi/vec4 0, 0, 1;
    %store/vec4 v0x134eaec0_0, 0, 1;
    %pushi/vec4 0, 0, 1;
    %store/vec4 v0x134eaf60_0, 0, 1;
    %jmp T_1.6;
T_1.0 ;
    %pushi/vec4 0, 0, 1;
    %store/vec4 v0x134eb3c0_0, 0, 1;
    %pushi/vec4 1, 0, 1;
    %store/vec4 v0x134eb0f0_0, 0, 1;
    %pushi/vec4 0, 0, 1;
    %store/vec4 v0x134eb1e0_0, 0, 1;
    %pushi/vec4 0, 0, 1;
    %store/vec4 v0x134eb000_0, 0, 1;
    %pushi/vec4 0, 0, 1;
    %store/vec4 v0x134eaec0_0, 0, 1;
    %pushi/vec4 0, 0, 1;
    %store/vec4 v0x134eaf60_0, 0, 1;
    %jmp T_1.6;
T_1.1 ;
    %pushi/vec4 1, 0, 1;
    %store/vec4 v0x134eb3c0_0, 0, 1;
    %pushi/vec4 0, 0, 1;
    %store/vec4 v0x134eb0f0_0, 0, 1;
    %pushi/vec4 0, 0, 1;
    %store/vec4 v0x134eb1e0_0, 0, 1;
    %pushi/vec4 0, 0, 1;
    %store/vec4 v0x134eb000_0, 0, 1;
    %pushi/vec4 1, 0, 1;
    %store/vec4 v0x134eaec0_0, 0, 1;
    %pushi/vec4 0, 0, 1;
    %store/vec4 v0x134eaf60_0, 0, 1;
    %jmp T_1.6;
T_1.2 ;
    %pushi/vec4 0, 0, 1;
    %store/vec4 v0x134eb3c0_0, 0, 1;
    %pushi/vec4 0, 0, 1;
    %store/vec4 v0x134eb0f0_0, 0, 1;
    %pushi/vec4 0, 0, 1;
    %store/vec4 v0x134eb1e0_0, 0, 1;
    %pushi/vec4 0, 0, 1;
    %store/vec4 v0x134eb000_0, 0, 1;
    %pushi/vec4 0, 0, 1;
    %store/vec4 v0x134eaec0_0, 0, 1;
    %pushi/vec4 0, 0, 1;
    %store/vec4 v0x134eaf60_0, 0, 1;
    %jmp T_1.6;
T_1.3 ;
    %pushi/vec4 0, 0, 1;
    %store/vec4 v0x134eb3c0_0, 0, 1;
    %pushi/vec4 0, 0, 1;
    %store/vec4 v0x134eb0f0_0, 0, 1;
    %pushi/vec4 1, 0, 1;
    %store/vec4 v0x134eb1e0_0, 0, 1;
    %pushi/vec4 1, 0, 1;
    %store/vec4 v0x134eb000_0, 0, 1;
    %pushi/vec4 0, 0, 1;
    %store/vec4 v0x134eaec0_0, 0, 1;
    %pushi/vec4 0, 0, 1;
    %store/vec4 v0x134eaf60_0, 0, 1;
    %jmp T_1.6;
T_1.4 ;
    %pushi/vec4 0, 0, 1;
    %store/vec4 v0x134eb3c0_0, 0, 1;
    %pushi/vec4 0, 0, 1;
    %store/vec4 v0x134eb0f0_0, 0, 1;
    %pushi/vec4 0, 0, 1;
    %store/vec4 v0x134eb1e0_0, 0, 1;
    %pushi/vec4 0, 0, 1;
    %store/vec4 v0x134eb000_0, 0, 1;
    %pushi/vec4 0, 0, 1;
    %store/vec4 v0x134eaec0_0, 0, 1;
    %pushi/vec4 1, 0, 1;
    %store/vec4 v0x134eaf60_0, 0, 1;
    %jmp T_1.6;
T_1.6 ;
    %pop/vec4 1;
    %jmp T_1;
    .thread T_1, $push;
    .scope S_0x134ea520;
T_2 ;
    %wait E_0x134eac10;
    %load/vec4 v0x134eb530_0;
    %dup/vec4;
    %pushi/vec4 0, 0, 3;
    %cmp/u;
    %jmp/1 T_2.0, 6;
    %dup/vec4;
    %pushi/vec4 1, 0, 3;
    %cmp/u;
    %jmp/1 T_2.1, 6;
    %dup/vec4;
    %pushi/vec4 2, 0, 3;
    %cmp/u;
    %jmp/1 T_2.2, 6;
    %dup/vec4;
    %pushi/vec4 3, 0, 3;
    %cmp/u;
    %jmp/1 T_2.3, 6;
    %dup/vec4;
    %pushi/vec4 4, 0, 3;
    %cmp/u;
    %jmp/1 T_2.4, 6;
    %jmp T_2.5;
T_2.0 ;
    %pushi/vec4 0, 0, 32; draw_string_vec4
    %pushi/vec4 0, 0, 32; draw_string_vec4
    %concat/vec4; draw_string_vec4
    %pushi/vec4 0, 0, 32; draw_string_vec4
    %concat/vec4; draw_string_vec4
    %pushi/vec4 0, 0, 32; draw_string_vec4
    %concat/vec4; draw_string_vec4
    %pushi/vec4 0, 0, 32; draw_string_vec4
    %concat/vec4; draw_string_vec4
    %pushi/vec4 0, 0, 32; draw_string_vec4
    %concat/vec4; draw_string_vec4
    %pushi/vec4 0, 0, 32; draw_string_vec4
    %concat/vec4; draw_string_vec4
    %pushi/vec4 0, 0, 32; draw_string_vec4
    %concat/vec4; draw_string_vec4
    %pushi/vec4 83, 0, 32; draw_string_vec4
    %concat/vec4; draw_string_vec4
    %pushi/vec4 1413567060, 0, 32; draw_string_vec4
    %concat/vec4; draw_string_vec4
    %store/vec4 v0x134eb5d0_0, 0, 320;
    %jmp T_2.5;
T_2.1 ;
    %pushi/vec4 0, 0, 32; draw_string_vec4
    %pushi/vec4 0, 0, 32; draw_string_vec4
    %concat/vec4; draw_string_vec4
    %pushi/vec4 0, 0, 32; draw_string_vec4
    %concat/vec4; draw_string_vec4
    %pushi/vec4 0, 0, 32; draw_string_vec4
    %concat/vec4; draw_string_vec4
    %pushi/vec4 0, 0, 32; draw_string_vec4
    %concat/vec4; draw_string_vec4
    %pushi/vec4 0, 0, 32; draw_string_vec4
    %concat/vec4; draw_string_vec4
    %pushi/vec4 0, 0, 32; draw_string_vec4
    %concat/vec4; draw_string_vec4
    %pushi/vec4 83, 0, 32; draw_string_vec4
    %concat/vec4; draw_string_vec4
    %pushi/vec4 1212761684, 0, 32; draw_string_vec4
    %concat/vec4; draw_string_vec4
    %pushi/vec4 1598309699, 0, 32; draw_string_vec4
    %concat/vec4; draw_string_vec4
    %store/vec4 v0x134eb5d0_0, 0, 320;
    %jmp T_2.5;
T_2.2 ;
    %pushi/vec4 0, 0, 32; draw_string_vec4
    %pushi/vec4 0, 0, 32; draw_string_vec4
    %concat/vec4; draw_string_vec4
    %pushi/vec4 0, 0, 32; draw_string_vec4
    %concat/vec4; draw_string_vec4
    %pushi/vec4 0, 0, 32; draw_string_vec4
    %concat/vec4; draw_string_vec4
    %pushi/vec4 0, 0, 32; draw_string_vec4
    %concat/vec4; draw_string_vec4
    %pushi/vec4 0, 0, 32; draw_string_vec4
    %concat/vec4; draw_string_vec4
    %pushi/vec4 0, 0, 32; draw_string_vec4
    %concat/vec4; draw_string_vec4
    %pushi/vec4 0, 0, 32; draw_string_vec4
    %concat/vec4; draw_string_vec4
    %pushi/vec4 67, 0, 32; draw_string_vec4
    %concat/vec4; draw_string_vec4
    %pushi/vec4 1212498763, 0, 32; draw_string_vec4
    %concat/vec4; draw_string_vec4
    %store/vec4 v0x134eb5d0_0, 0, 320;
    %jmp T_2.5;
T_2.3 ;
    %pushi/vec4 0, 0, 32; draw_string_vec4
    %pushi/vec4 0, 0, 32; draw_string_vec4
    %concat/vec4; draw_string_vec4
    %pushi/vec4 0, 0, 32; draw_string_vec4
    %concat/vec4; draw_string_vec4
    %pushi/vec4 0, 0, 32; draw_string_vec4
    %concat/vec4; draw_string_vec4
    %pushi/vec4 0, 0, 32; draw_string_vec4
    %concat/vec4; draw_string_vec4
    %pushi/vec4 0, 0, 32; draw_string_vec4
    %concat/vec4; draw_string_vec4
    %pushi/vec4 0, 0, 32; draw_string_vec4
    %concat/vec4; draw_string_vec4
    %pushi/vec4 0, 0, 32; draw_string_vec4
    %concat/vec4; draw_string_vec4
    %pushi/vec4 0, 0, 32; draw_string_vec4
    %concat/vec4; draw_string_vec4
    %pushi/vec4 4277316, 0, 32; draw_string_vec4
    %concat/vec4; draw_string_vec4
    %store/vec4 v0x134eb5d0_0, 0, 320;
    %jmp T_2.5;
T_2.4 ;
    %pushi/vec4 0, 0, 32; draw_string_vec4
    %pushi/vec4 0, 0, 32; draw_string_vec4
    %concat/vec4; draw_string_vec4
    %pushi/vec4 0, 0, 32; draw_string_vec4
    %concat/vec4; draw_string_vec4
    %pushi/vec4 0, 0, 32; draw_string_vec4
    %concat/vec4; draw_string_vec4
    %pushi/vec4 0, 0, 32; draw_string_vec4
    %concat/vec4; draw_string_vec4
    %pushi/vec4 0, 0, 32; draw_string_vec4
    %concat/vec4; draw_string_vec4
    %pushi/vec4 0, 0, 32; draw_string_vec4
    %concat/vec4; draw_string_vec4
    %pushi/vec4 0, 0, 32; draw_string_vec4
    %concat/vec4; draw_string_vec4
    %pushi/vec4 0, 0, 32; draw_string_vec4
    %concat/vec4; draw_string_vec4
    %pushi/vec4 1162757169, 0, 32; draw_string_vec4
    %concat/vec4; draw_string_vec4
    %store/vec4 v0x134eb5d0_0, 0, 320;
    %jmp T_2.5;
T_2.5 ;
    %pop/vec4 1;
    %jmp T_2;
    .thread T_2, $push;
    .scope S_0x134b5f80;
T_3 ;
    %wait E_0x134ccd00;
    %load/vec4 v0x134e9720_0;
    %flag_set/vec4 8;
    %jmp/0xz  T_3.0, 8;
    %pushi/vec4 0, 0, 32;
    %assign/vec4 v0x134cb0f0_0, 0;
    %pushi/vec4 0, 0, 16;
    %assign/vec4 v0x134e9560_0, 0;
    %pushi/vec4 0, 0, 16;
    %store/vec4 v0x134e9640_0, 0, 16;
    %jmp T_3.1;
T_3.0 ;
    %load/vec4 v0x134cc050_0;
    %flag_set/vec4 8;
    %jmp/0xz  T_3.2, 8;
    %pushi/vec4 0, 0, 16;
    %ix/load 4, 16, 0;
    %ix/load 5, 0, 0;
    %flag_set/imm 4, 0;
    %assign/vec4/off/d v0x134cb0f0_0, 4, 5;
    %load/vec4 v0x134cb440_0;
    %ix/load 4, 0, 0;
    %ix/load 5, 0, 0;
    %flag_set/imm 4, 0;
    %assign/vec4/off/d v0x134cb0f0_0, 4, 5;
    %jmp T_3.3;
T_3.2 ;
    %load/vec4 v0x134cb880_0;
    %flag_set/vec4 8;
    %jmp/0xz  T_3.4, 8;
    %pushi/vec4 1, 0, 1;
    %ix/load 4, 0, 0;
    %ix/load 5, 0, 0;
    %flag_set/imm 4, 0;
    %assign/vec4/off/d v0x134cb0f0_0, 4, 5;
T_3.4 ;
    %load/vec4 v0x134e97e0_0;
    %flag_set/vec4 8;
    %jmp/0xz  T_3.6, 8;
    %load/vec4 v0x134cb0f0_0;
    %parti/s 31, 0, 2;
    %concati/vec4 0, 0, 1;
    %assign/vec4 v0x134cb0f0_0, 0;
T_3.6 ;
    %load/vec4 v0x1349bee0_0;
    %flag_set/vec4 8;
    %jmp/0xz  T_3.8, 8;
    %load/vec4 v0x134c8fe0_0;
    %ix/load 4, 16, 0;
    %ix/load 5, 0, 0;
    %flag_set/imm 4, 0;
    %assign/vec4/off/d v0x134cb0f0_0, 4, 5;
T_3.8 ;
    %load/vec4 v0x134cb0f0_0;
    %parti/s 16, 0, 2;
    %assign/vec4 v0x134e9640_0, 0;
    %load/vec4 v0x134cb0f0_0;
    %parti/s 16, 16, 6;
    %assign/vec4 v0x134e9560_0, 0;
T_3.3 ;
T_3.1 ;
    %jmp T_3;
    .thread T_3;
    .scope S_0x134eb900;
T_4 ;
    %wait E_0x134ebae0;
    %load/vec4 v0x134ebe70_0;
    %flag_set/vec4 8;
    %jmp/0xz  T_4.0, 8;
    %pushi/vec4 0, 0, 16;
    %assign/vec4 v0x134ebd50_0, 0;
    %jmp T_4.1;
T_4.0 ;
    %load/vec4 v0x134ebc60_0;
    %load/vec4 v0x134ebb60_0;
    %inv;
    %addi 1, 0, 16;
    %add;
    %assign/vec4 v0x134ebd50_0, 0;
T_4.1 ;
    %jmp T_4;
    .thread T_4, $push;
    .scope S_0x134e9eb0;
T_5 ;
    %wait E_0x134ccd00;
    %load/vec4 v0x134ea3a0_0;
    %flag_set/vec4 8;
    %jmp/0xz  T_5.0, 8;
    %pushi/vec4 0, 0, 5;
    %store/vec4 v0x134ea2d0_0, 0, 5;
    %jmp T_5.1;
T_5.0 ;
    %load/vec4 v0x134ea1d0_0;
    %flag_set/vec4 8;
    %jmp/0xz  T_5.2, 8;
    %pushi/vec4 16, 0, 5;
    %store/vec4 v0x134ea2d0_0, 0, 5;
    %jmp T_5.3;
T_5.2 ;
    %load/vec4 v0x134ea130_0;
    %flag_set/vec4 8;
    %jmp/0xz  T_5.4, 8;
    %load/vec4 v0x134ea2d0_0;
    %subi 1, 0, 5;
    %store/vec4 v0x134ea2d0_0, 0, 5;
    %jmp T_5.5;
T_5.4 ;
    %load/vec4 v0x134ea2d0_0;
    %store/vec4 v0x134ea2d0_0, 0, 5;
T_5.5 ;
T_5.3 ;
T_5.1 ;
    %jmp T_5;
    .thread T_5;
    .scope S_0x134e99e0;
T_6 ;
    %wait E_0x134e9b90;
    %load/vec4 v0x134e9d10_0;
    %flag_set/vec4 8;
    %jmp/0xz  T_6.0, 8;
    %pushi/vec4 0, 0, 1;
    %store/vec4 v0x134e9dd0_0, 0, 1;
    %jmp T_6.1;
T_6.0 ;
    %load/vec4 v0x134e9c10_0;
    %pad/u 32;
    %cmpi/e 0, 0, 32;
    %flag_mov 8, 4;
    %jmp/0 T_6.2, 8;
    %pushi/vec4 1, 0, 1;
    %jmp/1 T_6.3, 8;
T_6.2 ; End of true expr.
    %pushi/vec4 0, 0, 1;
    %jmp/0 T_6.3, 8;
 ; End of false expr.
    %blend;
T_6.3;
    %store/vec4 v0x134e9dd0_0, 0, 1;
T_6.1 ;
    %jmp T_6;
    .thread T_6, $push;
    .scope S_0x134b44c0;
T_7 ;
T_7.0 ;
    %wait E_0x134afe50;
    %wait E_0x134ccd00;
    %pushi/vec4 1, 0, 1;
    %store/vec4 v0x134ed4a0_0, 0, 1;
    %wait E_0x134ccd00;
    %pushi/vec4 0, 0, 1;
    %store/vec4 v0x134ed4a0_0, 0, 1;
    %event E_0x134cccc0;
    %jmp T_7.0;
T_7.1 ;
    %end;
    .thread T_7;
    .scope S_0x134b44c0;
T_8 ;
    %pushi/vec4 0, 0, 1;
    %store/vec4 v0x134ece70_0, 0, 1;
    %pushi/vec4 1, 0, 1;
    %store/vec4 v0x134ed4a0_0, 0, 1;
    %pushi/vec4 0, 0, 1;
    %store/vec4 v0x134ed540_0, 0, 1;
    %pushi/vec4 10, 0, 16;
    %store/vec4 v0x134ed230_0, 0, 16;
    %pushi/vec4 2, 0, 16;
    %store/vec4 v0x134ed120_0, 0, 16;
    %end;
    .thread T_8;
    .scope S_0x134b44c0;
T_9 ;
    %delay 0, 0;
T_9.0 ;
    %pushi/vec4 0, 0, 1;
    %store/vec4 v0x134ece70_0, 0, 1;
    %delay 10000, 0;
    %pushi/vec4 1, 0, 1;
    %store/vec4 v0x134ece70_0, 0, 1;
    %delay 10000, 0;
    %jmp T_9.0;
T_9.1 ;
    %end;
    .thread T_9;
    .scope S_0x134b44c0;
T_10 ;
    %delay 10000, 0;
    %event E_0x134afe50;
    %wait E_0x134cccc0;
    %wait E_0x134eac70;
    %pushi/vec4 0, 0, 1;
    %store/vec4 v0x134ed540_0, 0, 1;
    %wait E_0x134eac70;
    %pushi/vec4 1, 0, 1;
    %store/vec4 v0x134ed540_0, 0, 1;
    %pushi/vec4 0, 0, 21;
    %store/vec4 v0x134ed080_0, 0, 21;
T_10.0 ; Top of for-loop 
    %load/vec4 v0x134ed080_0;
    %pad/u 32;
    %cmpi/u 2, 0, 32;
    %jmp/0xz T_10.1, 5;
    %wait E_0x134eac70;
T_10.2 ; for-loop step statement
    %load/vec4 v0x134ed080_0;
    %addi 1, 0, 21;
    %store/vec4 v0x134ed080_0, 0, 21;
    %jmp T_10.0;
T_10.1 ; for-loop exit label
    %pushi/vec4 0, 0, 1;
    %store/vec4 v0x134ed540_0, 0, 1;
    %pushi/vec4 0, 0, 21;
    %store/vec4 v0x134ed080_0, 0, 21;
T_10.3 ; Top of for-loop 
    %load/vec4 v0x134ed080_0;
    %pad/u 32;
    %cmpi/u 17, 0, 32;
    %jmp/0xz T_10.4, 5;
    %wait E_0x134eac70;
T_10.5 ; for-loop step statement
    %load/vec4 v0x134ed080_0;
    %addi 1, 0, 21;
    %store/vec4 v0x134ed080_0, 0, 21;
    %jmp T_10.3;
T_10.4 ; for-loop exit label
    %end;
    .thread T_10;
    .scope S_0x134b44c0;
T_11 ;
    %fork t_1, S_0x134b4740;
    %jmp t_0;
    .scope S_0x134b4740;
t_1 ;
    %vpi_call 2 60 "$dumpfile", "div_TB.vcd" {0 0 0};
    %vpi_call 2 61 "$dumpvars", 32'sb11111111111111111111111111111111, S_0x134b5da0 {0 0 0};
    %delay 1200000, 0;
    %vpi_call 2 62 "$finish" {0 0 0};
    %end;
    .scope S_0x134b44c0;
t_0 %join;
    %end;
    .thread T_11;
# The file index is used to find the file name in the following table.
:file_names 9;
    "N/A";
    "<interactive>";
    "div_TB.v";
    "div.v";
    "a.v";
    "comp.v";
    "count.v";
    "ctrl.v";
    "sc_a2.v";
# EOF
